[2023-04-22T00:58:33.553+0600][gc,init] CardTable entry size: 512
[2023-04-22T00:58:33.553+0600][gc     ] Using G1
[2023-04-22T00:58:33.558+0600][gc,init] Version: 19.0.2+7-44 (release)
[2023-04-22T00:58:33.558+0600][gc,init] CPUs: 4 total, 4 available
[2023-04-22T00:58:33.558+0600][gc,init] Memory: 16384M
[2023-04-22T00:58:33.558+0600][gc,init] Large Page Support: Disabled
[2023-04-22T00:58:33.558+0600][gc,init] NUMA Support: Disabled
[2023-04-22T00:58:33.558+0600][gc,init] Compressed Oops: Enabled (Zero based)
[2023-04-22T00:58:33.558+0600][gc,init] Heap Region Size: 1M
[2023-04-22T00:58:33.558+0600][gc,init] Heap Min Capacity: 1G
[2023-04-22T00:58:33.558+0600][gc,init] Heap Initial Capacity: 1G
[2023-04-22T00:58:33.558+0600][gc,init] Heap Max Capacity: 1G
[2023-04-22T00:58:33.558+0600][gc,init] Pre-touch: Disabled
[2023-04-22T00:58:33.558+0600][gc,init] Parallel Workers: 4
[2023-04-22T00:58:33.558+0600][gc,init] Concurrent Workers: 1
[2023-04-22T00:58:33.558+0600][gc,init] Concurrent Refinement Workers: 4
[2023-04-22T00:58:33.558+0600][gc,init] Periodic GC: Disabled
[2023-04-22T00:58:33.558+0600][gc,metaspace] CDS archive(s) mapped at: [0x0000000800000000-0x0000000800c44000-0x0000000800c44000), size 12861440, SharedBaseAddress: 0x0000000800000000, ArchiveRelocationMode: 0.
[2023-04-22T00:58:33.558+0600][gc,metaspace] Compressed class space mapped at: 0x0000000801000000-0x0000000841000000, reserved size: 1073741824
[2023-04-22T00:58:33.558+0600][gc,metaspace] Narrow klass base: 0x0000000800000000, Narrow klass shift: 0, Narrow klass range: 0x100000000
[2023-04-22T00:58:34.638+0600][gc,start    ] GC(0) Pause Young (Normal) (G1 Evacuation Pause)
[2023-04-22T00:58:34.639+0600][gc,task     ] GC(0) Using 4 workers of 4 for evacuation
[2023-04-22T00:58:34.647+0600][gc,phases   ] GC(0)   Pre Evacuate Collection Set: 0.1ms
[2023-04-22T00:58:34.647+0600][gc,phases   ] GC(0)   Merge Heap Roots: 0.1ms
[2023-04-22T00:58:34.647+0600][gc,phases   ] GC(0)   Evacuate Collection Set: 7.5ms
[2023-04-22T00:58:34.647+0600][gc,phases   ] GC(0)   Post Evacuate Collection Set: 0.6ms
[2023-04-22T00:58:34.647+0600][gc,phases   ] GC(0)   Other: 0.3ms
[2023-04-22T00:58:34.647+0600][gc,heap     ] GC(0) Eden regions: 51->0(44)
[2023-04-22T00:58:34.647+0600][gc,heap     ] GC(0) Survivor regions: 0->7(7)
[2023-04-22T00:58:34.647+0600][gc,heap     ] GC(0) Old regions: 0->1
[2023-04-22T00:58:34.647+0600][gc,heap     ] GC(0) Archive regions: 2->2
[2023-04-22T00:58:34.647+0600][gc,heap     ] GC(0) Humongous regions: 0->0
[2023-04-22T00:58:34.647+0600][gc,metaspace] GC(0) Metaspace: 18452K(18688K)->18452K(18688K) NonClass: 16365K(16512K)->16365K(16512K) Class: 2087K(2176K)->2087K(2176K)
[2023-04-22T00:58:34.647+0600][gc          ] GC(0) Pause Young (Normal) (G1 Evacuation Pause) 51M->8M(1024M) 8.810ms
[2023-04-22T00:58:34.647+0600][gc,cpu      ] GC(0) User=0.02s Sys=0.00s Real=0.01s
[2023-04-22T00:58:34.809+0600][gc,start    ] GC(1) Pause Young (Concurrent Start) (Metadata GC Threshold)
[2023-04-22T00:58:34.809+0600][gc,task     ] GC(1) Using 4 workers of 4 for evacuation
[2023-04-22T00:58:34.816+0600][gc,phases   ] GC(1)   Pre Evacuate Collection Set: 0.1ms
[2023-04-22T00:58:34.816+0600][gc,phases   ] GC(1)   Merge Heap Roots: 0.1ms
[2023-04-22T00:58:34.816+0600][gc,phases   ] GC(1)   Evacuate Collection Set: 6.7ms
[2023-04-22T00:58:34.816+0600][gc,phases   ] GC(1)   Post Evacuate Collection Set: 0.3ms
[2023-04-22T00:58:34.816+0600][gc,phases   ] GC(1)   Other: 0.1ms
[2023-04-22T00:58:34.816+0600][gc,heap     ] GC(1) Eden regions: 12->0(50)
[2023-04-22T00:58:34.816+0600][gc,heap     ] GC(1) Survivor regions: 7->1(7)
[2023-04-22T00:58:34.816+0600][gc,heap     ] GC(1) Old regions: 1->8
[2023-04-22T00:58:34.816+0600][gc,heap     ] GC(1) Archive regions: 2->2
[2023-04-22T00:58:34.816+0600][gc,heap     ] GC(1) Humongous regions: 0->0
[2023-04-22T00:58:34.816+0600][gc,metaspace] GC(1) Metaspace: 21309K(21504K)->21309K(21504K) NonClass: 18875K(19008K)->18875K(19008K) Class: 2433K(2496K)->2433K(2496K)
[2023-04-22T00:58:34.816+0600][gc          ] GC(1) Pause Young (Concurrent Start) (Metadata GC Threshold) 19M->9M(1024M) 7.510ms
[2023-04-22T00:58:34.816+0600][gc          ] GC(2) Concurrent Mark Cycle
[2023-04-22T00:58:34.816+0600][gc,cpu      ] GC(1) User=0.02s Sys=0.01s Real=0.01s
[2023-04-22T00:58:34.816+0600][gc,marking  ] GC(2) Concurrent Clear Claimed Marks
[2023-04-22T00:58:34.816+0600][gc,marking  ] GC(2) Concurrent Clear Claimed Marks 0.052ms
[2023-04-22T00:58:34.817+0600][gc,marking  ] GC(2) Concurrent Scan Root Regions
[2023-04-22T00:58:34.822+0600][gc,marking  ] GC(2) Concurrent Scan Root Regions 5.107ms
[2023-04-22T00:58:34.822+0600][gc,marking  ] GC(2) Concurrent Mark
[2023-04-22T00:58:34.822+0600][gc,marking  ] GC(2) Concurrent Mark From Roots
[2023-04-22T00:58:34.822+0600][gc,task     ] GC(2) Using 1 workers of 1 for marking
[2023-04-22T00:58:34.823+0600][gc,marking  ] GC(2) Concurrent Mark From Roots 1.205ms
[2023-04-22T00:58:34.823+0600][gc,marking  ] GC(2) Concurrent Preclean
[2023-04-22T00:58:34.823+0600][gc,marking  ] GC(2) Concurrent Preclean 0.021ms
[2023-04-22T00:58:34.823+0600][gc,start    ] GC(2) Pause Remark
[2023-04-22T00:58:34.825+0600][gc          ] GC(2) Pause Remark 10M->10M(1024M) 1.521ms
[2023-04-22T00:58:34.825+0600][gc,cpu      ] GC(2) User=0.00s Sys=0.00s Real=0.00s
[2023-04-22T00:58:34.825+0600][gc,marking  ] GC(2) Concurrent Mark 3.002ms
[2023-04-22T00:58:34.825+0600][gc,marking  ] GC(2) Concurrent Rebuild Remembered Sets
[2023-04-22T00:58:34.830+0600][gc,marking  ] GC(2) Concurrent Rebuild Remembered Sets 5.303ms
[2023-04-22T00:58:34.830+0600][gc,start    ] GC(2) Pause Cleanup
[2023-04-22T00:58:34.830+0600][gc          ] GC(2) Pause Cleanup 10M->10M(1024M) 0.107ms
[2023-04-22T00:58:34.830+0600][gc,cpu      ] GC(2) User=0.00s Sys=0.00s Real=0.00s
[2023-04-22T00:58:34.830+0600][gc,marking  ] GC(2) Concurrent Cleanup for Next Mark
[2023-04-22T00:58:34.839+0600][gc,marking  ] GC(2) Concurrent Cleanup for Next Mark 8.860ms
[2023-04-22T00:58:34.839+0600][gc          ] GC(2) Concurrent Mark Cycle 22.788ms
[2023-04-22T00:58:35.993+0600][gc,start    ] GC(3) Pause Young (Normal) (G1 Evacuation Pause)
[2023-04-22T00:58:35.993+0600][gc,task     ] GC(3) Using 4 workers of 4 for evacuation
[2023-04-22T00:58:35.999+0600][gc,phases   ] GC(3)   Pre Evacuate Collection Set: 0.1ms
[2023-04-22T00:58:35.999+0600][gc,phases   ] GC(3)   Merge Heap Roots: 0.0ms
[2023-04-22T00:58:35.999+0600][gc,phases   ] GC(3)   Evacuate Collection Set: 4.1ms
[2023-04-22T00:58:35.999+0600][gc,phases   ] GC(3)   Post Evacuate Collection Set: 1.2ms
[2023-04-22T00:58:35.999+0600][gc,phases   ] GC(3)   Other: 0.1ms
[2023-04-22T00:58:35.999+0600][gc,heap     ] GC(3) Eden regions: 50->0(45)
[2023-04-22T00:58:35.999+0600][gc,heap     ] GC(3) Survivor regions: 1->6(7)
[2023-04-22T00:58:35.999+0600][gc,heap     ] GC(3) Old regions: 8->8
[2023-04-22T00:58:35.999+0600][gc,heap     ] GC(3) Archive regions: 2->2
[2023-04-22T00:58:35.999+0600][gc,heap     ] GC(3) Humongous regions: 129->129
[2023-04-22T00:58:35.999+0600][gc,metaspace] GC(3) Metaspace: 31149K(31488K)->31149K(31488K) NonClass: 27740K(27904K)->27740K(27904K) Class: 3408K(3584K)->3408K(3584K)
[2023-04-22T00:58:35.999+0600][gc          ] GC(3) Pause Young (Normal) (G1 Evacuation Pause) 188M->142M(1024M) 5.907ms
[2023-04-22T00:58:35.999+0600][gc,cpu      ] GC(3) User=0.02s Sys=0.00s Real=0.00s
[2023-04-22T00:58:36.229+0600][gc,start    ] GC(4) Pause Young (Concurrent Start) (Metadata GC Threshold)
[2023-04-22T00:58:36.229+0600][gc,task     ] GC(4) Using 4 workers of 4 for evacuation
[2023-04-22T00:58:36.236+0600][gc,phases   ] GC(4)   Pre Evacuate Collection Set: 0.1ms
[2023-04-22T00:58:36.236+0600][gc,phases   ] GC(4)   Merge Heap Roots: 0.0ms
[2023-04-22T00:58:36.236+0600][gc,phases   ] GC(4)   Evacuate Collection Set: 5.8ms
[2023-04-22T00:58:36.236+0600][gc,phases   ] GC(4)   Post Evacuate Collection Set: 0.4ms
[2023-04-22T00:58:36.236+0600][gc,phases   ] GC(4)   Other: 0.1ms
[2023-04-22T00:58:36.236+0600][gc,heap     ] GC(4) Eden regions: 18->0(49)
[2023-04-22T00:58:36.236+0600][gc,heap     ] GC(4) Survivor regions: 6->2(7)
[2023-04-22T00:58:36.236+0600][gc,heap     ] GC(4) Old regions: 8->12
[2023-04-22T00:58:36.236+0600][gc,heap     ] GC(4) Archive regions: 2->2
[2023-04-22T00:58:36.236+0600][gc,heap     ] GC(4) Humongous regions: 129->129
[2023-04-22T00:58:36.236+0600][gc,metaspace] GC(4) Metaspace: 35855K(36160K)->35855K(36160K) NonClass: 31971K(32128K)->31971K(32128K) Class: 3884K(4032K)->3884K(4032K)
[2023-04-22T00:58:36.236+0600][gc          ] GC(4) Pause Young (Concurrent Start) (Metadata GC Threshold) 160M->143M(1024M) 6.641ms
[2023-04-22T00:58:36.236+0600][gc,cpu      ] GC(4) User=0.02s Sys=0.00s Real=0.01s
[2023-04-22T00:58:36.236+0600][gc          ] GC(5) Concurrent Mark Cycle
[2023-04-22T00:58:36.236+0600][gc,marking  ] GC(5) Concurrent Clear Claimed Marks
[2023-04-22T00:58:36.236+0600][gc,marking  ] GC(5) Concurrent Clear Claimed Marks 0.018ms
[2023-04-22T00:58:36.236+0600][gc,marking  ] GC(5) Concurrent Scan Root Regions
[2023-04-22T00:58:36.243+0600][gc,marking  ] GC(5) Concurrent Scan Root Regions 6.746ms
[2023-04-22T00:58:36.243+0600][gc,marking  ] GC(5) Concurrent Mark
[2023-04-22T00:58:36.243+0600][gc,marking  ] GC(5) Concurrent Mark From Roots
[2023-04-22T00:58:36.243+0600][gc,task     ] GC(5) Using 1 workers of 1 for marking
[2023-04-22T00:58:36.254+0600][gc,marking  ] GC(5) Concurrent Mark From Roots 10.671ms
[2023-04-22T00:58:36.254+0600][gc,marking  ] GC(5) Concurrent Preclean
[2023-04-22T00:58:36.254+0600][gc,marking  ] GC(5) Concurrent Preclean 0.055ms
[2023-04-22T00:58:36.254+0600][gc,start    ] GC(5) Pause Remark
[2023-04-22T00:58:36.255+0600][gc          ] GC(5) Pause Remark 146M->146M(1024M) 1.430ms
[2023-04-22T00:58:36.255+0600][gc,cpu      ] GC(5) User=0.00s Sys=0.00s Real=0.00s
[2023-04-22T00:58:36.256+0600][gc,marking  ] GC(5) Concurrent Mark 12.692ms
[2023-04-22T00:58:36.256+0600][gc,marking  ] GC(5) Concurrent Rebuild Remembered Sets
[2023-04-22T00:58:36.267+0600][gc,marking  ] GC(5) Concurrent Rebuild Remembered Sets 11.001ms
[2023-04-22T00:58:36.269+0600][gc,start    ] GC(5) Pause Cleanup
[2023-04-22T00:58:36.269+0600][gc          ] GC(5) Pause Cleanup 148M->148M(1024M) 0.125ms
[2023-04-22T00:58:36.269+0600][gc,cpu      ] GC(5) User=0.00s Sys=0.00s Real=0.00s
[2023-04-22T00:58:36.279+0600][gc,marking  ] GC(5) Concurrent Cleanup for Next Mark
[2023-04-22T00:58:36.288+0600][gc,marking  ] GC(5) Concurrent Cleanup for Next Mark 9.036ms
[2023-04-22T00:58:36.288+0600][gc          ] GC(5) Concurrent Mark Cycle 52.311ms
[2023-04-22T01:04:02.775+0600][gc,start    ] GC(6) Pause Young (Prepare Mixed) (G1 Evacuation Pause)
[2023-04-22T01:04:02.777+0600][gc,task     ] GC(6) Using 4 workers of 4 for evacuation
[2023-04-22T01:04:02.787+0600][gc,phases   ] GC(6)   Pre Evacuate Collection Set: 0.4ms
[2023-04-22T01:04:02.787+0600][gc,phases   ] GC(6)   Merge Heap Roots: 0.1ms
[2023-04-22T01:04:02.787+0600][gc,phases   ] GC(6)   Evacuate Collection Set: 7.8ms
[2023-04-22T01:04:02.787+0600][gc,phases   ] GC(6)   Post Evacuate Collection Set: 1.8ms
[2023-04-22T01:04:02.787+0600][gc,phases   ] GC(6)   Other: 0.2ms
[2023-04-22T01:04:02.787+0600][gc,heap     ] GC(6) Eden regions: 49->0(45)
[2023-04-22T01:04:02.787+0600][gc,heap     ] GC(6) Survivor regions: 2->6(7)
[2023-04-22T01:04:02.787+0600][gc,heap     ] GC(6) Old regions: 12->12
[2023-04-22T01:04:02.787+0600][gc,heap     ] GC(6) Archive regions: 2->2
[2023-04-22T01:04:02.787+0600][gc,heap     ] GC(6) Humongous regions: 135->129
[2023-04-22T01:04:02.787+0600][gc,metaspace] GC(6) Metaspace: 41521K(42176K)->41521K(42176K) NonClass: 36827K(37184K)->36827K(37184K) Class: 4693K(4992K)->4693K(4992K)
[2023-04-22T01:04:02.788+0600][gc          ] GC(6) Pause Young (Prepare Mixed) (G1 Evacuation Pause) 198M->147M(1024M) 12.375ms
[2023-04-22T01:04:02.788+0600][gc,cpu      ] GC(6) User=0.03s Sys=0.00s Real=0.01s
[2023-04-22T01:09:20.207+0600][gc,start    ] GC(7) Pause Young (Mixed) (G1 Evacuation Pause)
[2023-04-22T01:09:20.208+0600][gc,task     ] GC(7) Using 4 workers of 4 for evacuation
[2023-04-22T01:09:20.220+0600][gc,phases   ] GC(7)   Pre Evacuate Collection Set: 0.1ms
[2023-04-22T01:09:20.220+0600][gc,phases   ] GC(7)   Merge Heap Roots: 0.1ms
[2023-04-22T01:09:20.220+0600][gc,phases   ] GC(7)   Evacuate Collection Set: 11.1ms
[2023-04-22T01:09:20.220+0600][gc,phases   ] GC(7)   Post Evacuate Collection Set: 0.4ms
[2023-04-22T01:09:20.220+0600][gc,phases   ] GC(7)   Other: 0.1ms
[2023-04-22T01:09:20.220+0600][gc,heap     ] GC(7) Eden regions: 45->0(46)
[2023-04-22T01:09:20.220+0600][gc,heap     ] GC(7) Survivor regions: 6->5(7)
[2023-04-22T01:09:20.220+0600][gc,heap     ] GC(7) Old regions: 12->16
[2023-04-22T01:09:20.220+0600][gc,heap     ] GC(7) Archive regions: 2->2
[2023-04-22T01:09:20.220+0600][gc,heap     ] GC(7) Humongous regions: 129->129
[2023-04-22T01:09:20.220+0600][gc,metaspace] GC(7) Metaspace: 41752K(42432K)->41752K(42432K) NonClass: 37027K(37376K)->37027K(37376K) Class: 4725K(5056K)->4725K(5056K)
[2023-04-22T01:09:20.220+0600][gc          ] GC(7) Pause Young (Mixed) (G1 Evacuation Pause) 192M->150M(1024M) 13.742ms
[2023-04-22T01:09:20.220+0600][gc,cpu      ] GC(7) User=0.04s Sys=0.00s Real=0.02s
[2023-04-22T01:12:50.144+0600][gc,start    ] GC(8) Pause Young (Normal) (G1 Evacuation Pause)
[2023-04-22T01:12:50.145+0600][gc,task     ] GC(8) Using 4 workers of 4 for evacuation
[2023-04-22T01:12:50.151+0600][gc,phases   ] GC(8)   Pre Evacuate Collection Set: 0.1ms
[2023-04-22T01:12:50.151+0600][gc,phases   ] GC(8)   Merge Heap Roots: 0.1ms
[2023-04-22T01:12:50.151+0600][gc,phases   ] GC(8)   Evacuate Collection Set: 5.3ms
[2023-04-22T01:12:50.151+0600][gc,phases   ] GC(8)   Post Evacuate Collection Set: 0.3ms
[2023-04-22T01:12:50.151+0600][gc,phases   ] GC(8)   Other: 0.1ms
[2023-04-22T01:12:50.151+0600][gc,heap     ] GC(8) Eden regions: 46->0(47)
[2023-04-22T01:12:50.151+0600][gc,heap     ] GC(8) Survivor regions: 5->4(7)
[2023-04-22T01:12:50.151+0600][gc,heap     ] GC(8) Old regions: 16->18
[2023-04-22T01:12:50.151+0600][gc,heap     ] GC(8) Archive regions: 2->2
[2023-04-22T01:12:50.151+0600][gc,heap     ] GC(8) Humongous regions: 129->129
[2023-04-22T01:12:50.151+0600][gc,metaspace] GC(8) Metaspace: 41823K(42560K)->41823K(42560K) NonClass: 37096K(37504K)->37096K(37504K) Class: 4726K(5056K)->4726K(5056K)
[2023-04-22T01:12:50.151+0600][gc          ] GC(8) Pause Young (Normal) (G1 Evacuation Pause) 196M->150M(1024M) 6.403ms
[2023-04-22T01:12:50.151+0600][gc,cpu      ] GC(8) User=0.01s Sys=0.00s Real=0.01s
[2023-04-22T01:16:09.986+0600][gc,start    ] GC(9) Pause Young (Normal) (G1 Evacuation Pause)
[2023-04-22T01:16:09.987+0600][gc,task     ] GC(9) Using 4 workers of 4 for evacuation
[2023-04-22T01:16:09.993+0600][gc,phases   ] GC(9)   Pre Evacuate Collection Set: 0.1ms
[2023-04-22T01:16:09.993+0600][gc,phases   ] GC(9)   Merge Heap Roots: 0.1ms
[2023-04-22T01:16:09.993+0600][gc,phases   ] GC(9)   Evacuate Collection Set: 5.8ms
[2023-04-22T01:16:09.993+0600][gc,phases   ] GC(9)   Post Evacuate Collection Set: 0.3ms
[2023-04-22T01:16:09.993+0600][gc,phases   ] GC(9)   Other: 0.2ms
[2023-04-22T01:16:09.993+0600][gc,heap     ] GC(9) Eden regions: 47->0(47)
[2023-04-22T01:16:09.993+0600][gc,heap     ] GC(9) Survivor regions: 4->4(7)
[2023-04-22T01:16:09.993+0600][gc,heap     ] GC(9) Old regions: 18->18
[2023-04-22T01:16:09.993+0600][gc,heap     ] GC(9) Archive regions: 2->2
[2023-04-22T01:16:09.993+0600][gc,heap     ] GC(9) Humongous regions: 129->129
[2023-04-22T01:16:09.993+0600][gc,metaspace] GC(9) Metaspace: 41932K(42624K)->41932K(42624K) NonClass: 37189K(37568K)->37189K(37568K) Class: 4743K(5056K)->4743K(5056K)
[2023-04-22T01:16:09.993+0600][gc          ] GC(9) Pause Young (Normal) (G1 Evacuation Pause) 197M->150M(1024M) 7.658ms
[2023-04-22T01:16:09.993+0600][gc,cpu      ] GC(9) User=0.02s Sys=0.00s Real=0.01s
[2023-04-22T01:19:14.341+0600][gc,start    ] GC(10) Pause Young (Normal) (G1 Evacuation Pause)
[2023-04-22T01:19:14.341+0600][gc,task     ] GC(10) Using 4 workers of 4 for evacuation
[2023-04-22T01:19:14.349+0600][gc,phases   ] GC(10)   Pre Evacuate Collection Set: 0.1ms
[2023-04-22T01:19:14.349+0600][gc,phases   ] GC(10)   Merge Heap Roots: 0.1ms
[2023-04-22T01:19:14.349+0600][gc,phases   ] GC(10)   Evacuate Collection Set: 7.3ms
[2023-04-22T01:19:14.349+0600][gc,phases   ] GC(10)   Post Evacuate Collection Set: 0.2ms
[2023-04-22T01:19:14.349+0600][gc,phases   ] GC(10)   Other: 0.1ms
[2023-04-22T01:19:14.349+0600][gc,heap     ] GC(10) Eden regions: 47->0(46)
[2023-04-22T01:19:14.349+0600][gc,heap     ] GC(10) Survivor regions: 4->5(7)
[2023-04-22T01:19:14.349+0600][gc,heap     ] GC(10) Old regions: 18->19
[2023-04-22T01:19:14.349+0600][gc,heap     ] GC(10) Archive regions: 2->2
[2023-04-22T01:19:14.349+0600][gc,heap     ] GC(10) Humongous regions: 129->129
[2023-04-22T01:19:14.349+0600][gc,metaspace] GC(10) Metaspace: 41976K(42624K)->41976K(42624K) NonClass: 37232K(37568K)->37232K(37568K) Class: 4744K(5056K)->4744K(5056K)
[2023-04-22T01:19:14.349+0600][gc          ] GC(10) Pause Young (Normal) (G1 Evacuation Pause) 197M->152M(1024M) 8.691ms
[2023-04-22T01:19:14.349+0600][gc,cpu      ] GC(10) User=0.03s Sys=0.01s Real=0.00s
[2023-04-22T01:22:22.853+0600][gc,start    ] GC(11) Pause Young (Normal) (G1 Evacuation Pause)
[2023-04-22T01:22:22.853+0600][gc,task     ] GC(11) Using 4 workers of 4 for evacuation
[2023-04-22T01:22:22.864+0600][gc,phases   ] GC(11)   Pre Evacuate Collection Set: 0.2ms
[2023-04-22T01:22:22.864+0600][gc,phases   ] GC(11)   Merge Heap Roots: 0.2ms
[2023-04-22T01:22:22.864+0600][gc,phases   ] GC(11)   Evacuate Collection Set: 9.1ms
[2023-04-22T01:22:22.864+0600][gc,phases   ] GC(11)   Post Evacuate Collection Set: 0.7ms
[2023-04-22T01:22:22.864+0600][gc,phases   ] GC(11)   Other: 0.3ms
[2023-04-22T01:22:22.864+0600][gc,heap     ] GC(11) Eden regions: 46->0(45)
[2023-04-22T01:22:22.864+0600][gc,heap     ] GC(11) Survivor regions: 5->6(7)
[2023-04-22T01:22:22.864+0600][gc,heap     ] GC(11) Old regions: 19->20
[2023-04-22T01:22:22.864+0600][gc,heap     ] GC(11) Archive regions: 2->2
[2023-04-22T01:22:22.864+0600][gc,heap     ] GC(11) Humongous regions: 129->129
[2023-04-22T01:22:22.865+0600][gc,metaspace] GC(11) Metaspace: 41997K(42624K)->41997K(42624K) NonClass: 37253K(37568K)->37253K(37568K) Class: 4744K(5056K)->4744K(5056K)
[2023-04-22T01:22:22.865+0600][gc          ] GC(11) Pause Young (Normal) (G1 Evacuation Pause) 198M->155M(1024M) 11.402ms
[2023-04-22T01:22:22.865+0600][gc,cpu      ] GC(11) User=0.03s Sys=0.00s Real=0.01s
[2023-04-22T01:25:29.547+0600][gc,start    ] GC(12) Pause Young (Normal) (G1 Evacuation Pause)
[2023-04-22T01:25:29.547+0600][gc,task     ] GC(12) Using 4 workers of 4 for evacuation
[2023-04-22T01:25:29.556+0600][gc,phases   ] GC(12)   Pre Evacuate Collection Set: 0.1ms
[2023-04-22T01:25:29.556+0600][gc,phases   ] GC(12)   Merge Heap Roots: 0.1ms
[2023-04-22T01:25:29.556+0600][gc,phases   ] GC(12)   Evacuate Collection Set: 8.3ms
[2023-04-22T01:25:29.556+0600][gc,phases   ] GC(12)   Post Evacuate Collection Set: 0.3ms
[2023-04-22T01:25:29.556+0600][gc,phases   ] GC(12)   Other: 0.1ms
[2023-04-22T01:25:29.556+0600][gc,heap     ] GC(12) Eden regions: 45->0(45)
[2023-04-22T01:25:29.556+0600][gc,heap     ] GC(12) Survivor regions: 6->6(7)
[2023-04-22T01:25:29.556+0600][gc,heap     ] GC(12) Old regions: 20->22
[2023-04-22T01:25:29.556+0600][gc,heap     ] GC(12) Archive regions: 2->2
[2023-04-22T01:25:29.556+0600][gc,heap     ] GC(12) Humongous regions: 129->129
[2023-04-22T01:25:29.556+0600][gc,metaspace] GC(12) Metaspace: 42013K(42624K)->42013K(42624K) NonClass: 37268K(37568K)->37268K(37568K) Class: 4744K(5056K)->4744K(5056K)
[2023-04-22T01:25:29.556+0600][gc          ] GC(12) Pause Young (Normal) (G1 Evacuation Pause) 200M->157M(1024M) 9.419ms
[2023-04-22T01:25:29.556+0600][gc,cpu      ] GC(12) User=0.03s Sys=0.01s Real=0.01s
[2023-04-22T01:28:20.117+0600][gc,start    ] GC(13) Pause Young (Normal) (G1 Evacuation Pause)
[2023-04-22T01:28:20.118+0600][gc,task     ] GC(13) Using 4 workers of 4 for evacuation
[2023-04-22T01:28:20.129+0600][gc,phases   ] GC(13)   Pre Evacuate Collection Set: 0.2ms
[2023-04-22T01:28:20.129+0600][gc,phases   ] GC(13)   Merge Heap Roots: 0.2ms
[2023-04-22T01:28:20.129+0600][gc,phases   ] GC(13)   Evacuate Collection Set: 10.5ms
[2023-04-22T01:28:20.130+0600][gc,phases   ] GC(13)   Post Evacuate Collection Set: 0.3ms
[2023-04-22T01:28:20.130+0600][gc,phases   ] GC(13)   Other: 0.2ms
[2023-04-22T01:28:20.130+0600][gc,heap     ] GC(13) Eden regions: 45->0(62)
[2023-04-22T01:28:20.130+0600][gc,heap     ] GC(13) Survivor regions: 6->5(7)
[2023-04-22T01:28:20.130+0600][gc,heap     ] GC(13) Old regions: 22->26
[2023-04-22T01:28:20.130+0600][gc,heap     ] GC(13) Archive regions: 2->2
[2023-04-22T01:28:20.130+0600][gc,heap     ] GC(13) Humongous regions: 129->129
[2023-04-22T01:28:20.130+0600][gc,metaspace] GC(13) Metaspace: 42554K(43264K)->42554K(43264K) NonClass: 37713K(38080K)->37713K(38080K) Class: 4840K(5184K)->4840K(5184K)
[2023-04-22T01:28:20.130+0600][gc          ] GC(13) Pause Young (Normal) (G1 Evacuation Pause) 202M->159M(1024M) 12.461ms
[2023-04-22T01:28:20.130+0600][gc,cpu      ] GC(13) User=0.03s Sys=0.00s Real=0.02s
[2023-04-22T01:32:02.166+0600][gc,start    ] GC(14) Pause Young (Normal) (G1 Evacuation Pause)
[2023-04-22T01:32:02.169+0600][gc,task     ] GC(14) Using 4 workers of 4 for evacuation
[2023-04-22T01:32:02.181+0600][gc,phases   ] GC(14)   Pre Evacuate Collection Set: 0.2ms
[2023-04-22T01:32:02.181+0600][gc,phases   ] GC(14)   Merge Heap Roots: 0.1ms
[2023-04-22T01:32:02.181+0600][gc,phases   ] GC(14)   Evacuate Collection Set: 11.0ms
[2023-04-22T01:32:02.181+0600][gc,phases   ] GC(14)   Post Evacuate Collection Set: 0.5ms
[2023-04-22T01:32:02.181+0600][gc,phases   ] GC(14)   Other: 0.1ms
[2023-04-22T01:32:02.181+0600][gc,heap     ] GC(14) Eden regions: 62->0(44)
[2023-04-22T01:32:02.181+0600][gc,heap     ] GC(14) Survivor regions: 5->7(9)
[2023-04-22T01:32:02.181+0600][gc,heap     ] GC(14) Old regions: 26->26
[2023-04-22T01:32:02.181+0600][gc,heap     ] GC(14) Archive regions: 2->2
[2023-04-22T01:32:02.181+0600][gc,heap     ] GC(14) Humongous regions: 129->129
[2023-04-22T01:32:02.181+0600][gc,metaspace] GC(14) Metaspace: 43689K(44416K)->43689K(44416K) NonClass: 38562K(38976K)->38562K(38976K) Class: 5126K(5440K)->5126K(5440K)
[2023-04-22T01:32:02.181+0600][gc          ] GC(14) Pause Young (Normal) (G1 Evacuation Pause) 221M->161M(1024M) 14.675ms
[2023-04-22T01:32:02.181+0600][gc,cpu      ] GC(14) User=0.04s Sys=0.01s Real=0.02s
[2023-04-22T01:34:55.755+0600][gc,start    ] GC(15) Pause Young (Normal) (G1 Evacuation Pause)
[2023-04-22T01:34:55.757+0600][gc,task     ] GC(15) Using 4 workers of 4 for evacuation
[2023-04-22T01:34:55.769+0600][gc,phases   ] GC(15)   Pre Evacuate Collection Set: 0.1ms
[2023-04-22T01:34:55.769+0600][gc,phases   ] GC(15)   Merge Heap Roots: 0.1ms
[2023-04-22T01:34:55.769+0600][gc,phases   ] GC(15)   Evacuate Collection Set: 11.0ms
[2023-04-22T01:34:55.769+0600][gc,phases   ] GC(15)   Post Evacuate Collection Set: 0.3ms
[2023-04-22T01:34:55.769+0600][gc,phases   ] GC(15)   Other: 0.1ms
[2023-04-22T01:34:55.769+0600][gc,heap     ] GC(15) Eden regions: 44->0(82)
[2023-04-22T01:34:55.769+0600][gc,heap     ] GC(15) Survivor regions: 7->5(7)
[2023-04-22T01:34:55.769+0600][gc,heap     ] GC(15) Old regions: 26->30
[2023-04-22T01:34:55.769+0600][gc,heap     ] GC(15) Archive regions: 2->2
[2023-04-22T01:34:55.769+0600][gc,heap     ] GC(15) Humongous regions: 129->129
[2023-04-22T01:34:55.769+0600][gc,metaspace] GC(15) Metaspace: 43907K(44608K)->43907K(44608K) NonClass: 38750K(39104K)->38750K(39104K) Class: 5156K(5504K)->5156K(5504K)
[2023-04-22T01:34:55.769+0600][gc          ] GC(15) Pause Young (Normal) (G1 Evacuation Pause) 205M->164M(1024M) 13.832ms
[2023-04-22T01:34:55.769+0600][gc,cpu      ] GC(15) User=0.04s Sys=0.00s Real=0.01s
[2023-04-22T01:40:54.813+0600][gc,start    ] GC(16) Pause Young (Normal) (G1 Evacuation Pause)
[2023-04-22T01:40:54.815+0600][gc,task     ] GC(16) Using 4 workers of 4 for evacuation
[2023-04-22T01:40:54.825+0600][gc,phases   ] GC(16)   Pre Evacuate Collection Set: 0.3ms
[2023-04-22T01:40:54.825+0600][gc,phases   ] GC(16)   Merge Heap Roots: 0.1ms
[2023-04-22T01:40:54.825+0600][gc,phases   ] GC(16)   Evacuate Collection Set: 9.5ms
[2023-04-22T01:40:54.825+0600][gc,phases   ] GC(16)   Post Evacuate Collection Set: 0.3ms
[2023-04-22T01:40:54.825+0600][gc,phases   ] GC(16)   Other: 0.2ms
[2023-04-22T01:40:54.825+0600][gc,heap     ] GC(16) Eden regions: 82->0(80)
[2023-04-22T01:40:54.825+0600][gc,heap     ] GC(16) Survivor regions: 5->6(11)
[2023-04-22T01:40:54.825+0600][gc,heap     ] GC(16) Old regions: 30->30
[2023-04-22T01:40:54.825+0600][gc,heap     ] GC(16) Archive regions: 2->2
[2023-04-22T01:40:54.825+0600][gc,heap     ] GC(16) Humongous regions: 129->129
[2023-04-22T01:40:54.825+0600][gc,metaspace] GC(16) Metaspace: 44001K(44736K)->44001K(44736K) NonClass: 38834K(39232K)->38834K(39232K) Class: 5166K(5504K)->5166K(5504K)
[2023-04-22T01:40:54.825+0600][gc          ] GC(16) Pause Young (Normal) (G1 Evacuation Pause) 246M->165M(1024M) 12.318ms
[2023-04-22T01:40:54.825+0600][gc,cpu      ] GC(16) User=0.03s Sys=0.00s Real=0.01s
[2023-04-22T01:46:59.363+0600][gc,start    ] GC(17) Pause Young (Normal) (G1 Evacuation Pause)
[2023-04-22T01:46:59.364+0600][gc,task     ] GC(17) Using 4 workers of 4 for evacuation
[2023-04-22T01:46:59.377+0600][gc,phases   ] GC(17)   Pre Evacuate Collection Set: 0.1ms
[2023-04-22T01:46:59.377+0600][gc,phases   ] GC(17)   Merge Heap Roots: 0.1ms
[2023-04-22T01:46:59.378+0600][gc,phases   ] GC(17)   Evacuate Collection Set: 12.7ms
[2023-04-22T01:46:59.378+0600][gc,phases   ] GC(17)   Post Evacuate Collection Set: 0.5ms
[2023-04-22T01:46:59.378+0600][gc,phases   ] GC(17)   Other: 0.2ms
[2023-04-22T01:46:59.378+0600][gc,heap     ] GC(17) Eden regions: 80->0(78)
[2023-04-22T01:46:59.378+0600][gc,heap     ] GC(17) Survivor regions: 6->11(11)
[2023-04-22T01:46:59.378+0600][gc,heap     ] GC(17) Old regions: 30->30
[2023-04-22T01:46:59.378+0600][gc,heap     ] GC(17) Archive regions: 2->2
[2023-04-22T01:46:59.378+0600][gc,heap     ] GC(17) Humongous regions: 129->129
[2023-04-22T01:46:59.378+0600][gc,metaspace] GC(17) Metaspace: 44025K(44736K)->44025K(44736K) NonClass: 38858K(39232K)->38858K(39232K) Class: 5166K(5504K)->5166K(5504K)
[2023-04-22T01:46:59.378+0600][gc          ] GC(17) Pause Young (Normal) (G1 Evacuation Pause) 245M->169M(1024M) 14.631ms
[2023-04-22T01:46:59.378+0600][gc,cpu      ] GC(17) User=0.04s Sys=0.00s Real=0.01s
[2023-04-22T01:53:29.540+0600][gc,start    ] GC(18) Pause Young (Normal) (G1 Evacuation Pause)
[2023-04-22T01:53:29.542+0600][gc,task     ] GC(18) Using 4 workers of 4 for evacuation
[2023-04-22T01:53:29.558+0600][gc,phases   ] GC(18)   Pre Evacuate Collection Set: 0.4ms
[2023-04-22T01:53:29.558+0600][gc,phases   ] GC(18)   Merge Heap Roots: 0.2ms
[2023-04-22T01:53:29.558+0600][gc,phases   ] GC(18)   Evacuate Collection Set: 14.8ms
[2023-04-22T01:53:29.558+0600][gc,phases   ] GC(18)   Post Evacuate Collection Set: 0.3ms
[2023-04-22T01:53:29.558+0600][gc,phases   ] GC(18)   Other: 0.5ms
[2023-04-22T01:53:29.558+0600][gc,heap     ] GC(18) Eden regions: 78->0(41)
[2023-04-22T01:53:29.558+0600][gc,heap     ] GC(18) Survivor regions: 11->10(12)
[2023-04-22T01:53:29.558+0600][gc,heap     ] GC(18) Old regions: 30->34
[2023-04-22T01:53:29.558+0600][gc,heap     ] GC(18) Archive regions: 2->2
[2023-04-22T01:53:29.558+0600][gc,heap     ] GC(18) Humongous regions: 129->129
[2023-04-22T01:53:29.558+0600][gc,metaspace] GC(18) Metaspace: 44089K(44800K)->44089K(44800K) NonClass: 38922K(39296K)->38922K(39296K) Class: 5167K(5504K)->5167K(5504K)
[2023-04-22T01:53:29.558+0600][gc          ] GC(18) Pause Young (Normal) (G1 Evacuation Pause) 247M->172M(1024M) 18.453ms
[2023-04-22T01:53:29.558+0600][gc,cpu      ] GC(18) User=0.06s Sys=0.01s Real=0.01s
[2023-04-22T01:56:29.328+0600][gc,start    ] GC(19) Pause Young (Normal) (G1 Evacuation Pause)
[2023-04-22T01:56:29.328+0600][gc,task     ] GC(19) Using 4 workers of 4 for evacuation
[2023-04-22T01:56:29.337+0600][gc,phases   ] GC(19)   Pre Evacuate Collection Set: 0.5ms
[2023-04-22T01:56:29.337+0600][gc,phases   ] GC(19)   Merge Heap Roots: 0.2ms
[2023-04-22T01:56:29.337+0600][gc,phases   ] GC(19)   Evacuate Collection Set: 8.0ms
[2023-04-22T01:56:29.337+0600][gc,phases   ] GC(19)   Post Evacuate Collection Set: 0.4ms
[2023-04-22T01:56:29.337+0600][gc,phases   ] GC(19)   Other: 0.1ms
[2023-04-22T01:56:29.337+0600][gc,heap     ] GC(19) Eden regions: 41->0(181)
[2023-04-22T01:56:29.337+0600][gc,heap     ] GC(19) Survivor regions: 10->3(7)
[2023-04-22T01:56:29.338+0600][gc,heap     ] GC(19) Old regions: 34->38
[2023-04-22T01:56:29.338+0600][gc,heap     ] GC(19) Archive regions: 2->2
[2023-04-22T01:56:29.338+0600][gc,heap     ] GC(19) Humongous regions: 129->129
[2023-04-22T01:56:29.338+0600][gc,metaspace] GC(19) Metaspace: 44145K(44800K)->44145K(44800K) NonClass: 38978K(39296K)->38978K(39296K) Class: 5167K(5504K)->5167K(5504K)
[2023-04-22T01:56:29.338+0600][gc          ] GC(19) Pause Young (Normal) (G1 Evacuation Pause) 213M->170M(1024M) 9.595ms
[2023-04-22T01:56:29.338+0600][gc,cpu      ] GC(19) User=0.02s Sys=0.01s Real=0.01s
[2023-04-22T02:09:59.487+0600][gc,start    ] GC(20) Pause Young (Normal) (G1 Evacuation Pause)
[2023-04-22T02:09:59.488+0600][gc,task     ] GC(20) Using 4 workers of 4 for evacuation
[2023-04-22T02:09:59.502+0600][gc,phases   ] GC(20)   Pre Evacuate Collection Set: 0.6ms
[2023-04-22T02:09:59.502+0600][gc,phases   ] GC(20)   Merge Heap Roots: 0.1ms
[2023-04-22T02:09:59.502+0600][gc,phases   ] GC(20)   Evacuate Collection Set: 12.4ms
[2023-04-22T02:09:59.502+0600][gc,phases   ] GC(20)   Post Evacuate Collection Set: 0.9ms
[2023-04-22T02:09:59.502+0600][gc,phases   ] GC(20)   Other: 0.2ms
[2023-04-22T02:09:59.502+0600][gc,heap     ] GC(20) Eden regions: 181->0(149)
[2023-04-22T02:09:59.502+0600][gc,heap     ] GC(20) Survivor regions: 3->8(23)
[2023-04-22T02:09:59.502+0600][gc,heap     ] GC(20) Old regions: 38->38
[2023-04-22T02:09:59.502+0600][gc,heap     ] GC(20) Archive regions: 2->2
[2023-04-22T02:09:59.502+0600][gc,heap     ] GC(20) Humongous regions: 129->129
[2023-04-22T02:09:59.502+0600][gc,metaspace] GC(20) Metaspace: 44243K(44992K)->44243K(44992K) NonClass: 39071K(39488K)->39071K(39488K) Class: 5171K(5504K)->5171K(5504K)
[2023-04-22T02:09:59.502+0600][gc          ] GC(20) Pause Young (Normal) (G1 Evacuation Pause) 351M->174M(1024M) 14.947ms
[2023-04-22T02:09:59.502+0600][gc,cpu      ] GC(20) User=0.03s Sys=0.01s Real=0.02s
[2023-04-22T02:21:20.049+0600][gc,start    ] GC(21) Pause Young (Normal) (G1 Evacuation Pause)
[2023-04-22T02:21:20.051+0600][gc,task     ] GC(21) Using 4 workers of 4 for evacuation
[2023-04-22T02:21:20.067+0600][gc,phases   ] GC(21)   Pre Evacuate Collection Set: 0.2ms
[2023-04-22T02:21:20.067+0600][gc,phases   ] GC(21)   Merge Heap Roots: 0.1ms
[2023-04-22T02:21:20.067+0600][gc,phases   ] GC(21)   Evacuate Collection Set: 15.0ms
[2023-04-22T02:21:20.067+0600][gc,phases   ] GC(21)   Post Evacuate Collection Set: 0.3ms
[2023-04-22T02:21:20.067+0600][gc,phases   ] GC(21)   Other: 0.1ms
[2023-04-22T02:21:20.067+0600][gc,heap     ] GC(21) Eden regions: 149->0(149)
[2023-04-22T02:21:20.067+0600][gc,heap     ] GC(21) Survivor regions: 8->6(20)
[2023-04-22T02:21:20.067+0600][gc,heap     ] GC(21) Old regions: 38->38
[2023-04-22T02:21:20.067+0600][gc,heap     ] GC(21) Archive regions: 2->2
[2023-04-22T02:21:20.067+0600][gc,heap     ] GC(21) Humongous regions: 129->129
[2023-04-22T02:21:20.067+0600][gc,metaspace] GC(21) Metaspace: 44274K(44992K)->44274K(44992K) NonClass: 39099K(39488K)->39099K(39488K) Class: 5174K(5504K)->5174K(5504K)
[2023-04-22T02:21:20.067+0600][gc          ] GC(21) Pause Young (Normal) (G1 Evacuation Pause) 323M->172M(1024M) 17.758ms
[2023-04-22T02:21:20.067+0600][gc,cpu      ] GC(21) User=0.03s Sys=0.02s Real=0.02s
[2023-04-22T02:32:36.978+0600][gc,start    ] GC(22) Pause Young (Normal) (G1 Evacuation Pause)
[2023-04-22T02:32:36.980+0600][gc,task     ] GC(22) Using 4 workers of 4 for evacuation
[2023-04-22T02:32:36.996+0600][gc,phases   ] GC(22)   Pre Evacuate Collection Set: 0.1ms
[2023-04-22T02:32:36.996+0600][gc,phases   ] GC(22)   Merge Heap Roots: 0.2ms
[2023-04-22T02:32:36.996+0600][gc,phases   ] GC(22)   Evacuate Collection Set: 15.1ms
[2023-04-22T02:32:36.996+0600][gc,phases   ] GC(22)   Post Evacuate Collection Set: 0.3ms
[2023-04-22T02:32:36.996+0600][gc,phases   ] GC(22)   Other: 0.2ms
[2023-04-22T02:32:36.996+0600][gc,heap     ] GC(22) Eden regions: 149->0(44)
[2023-04-22T02:32:36.996+0600][gc,heap     ] GC(22) Survivor regions: 6->9(20)
[2023-04-22T02:32:36.996+0600][gc,heap     ] GC(22) Old regions: 38->38
[2023-04-22T02:32:36.996+0600][gc,heap     ] GC(22) Archive regions: 2->2
[2023-04-22T02:32:36.996+0600][gc,heap     ] GC(22) Humongous regions: 129->129
[2023-04-22T02:32:36.996+0600][gc,metaspace] GC(22) Metaspace: 44300K(44992K)->44300K(44992K) NonClass: 39126K(39488K)->39126K(39488K) Class: 5174K(5504K)->5174K(5504K)
[2023-04-22T02:32:36.996+0600][gc          ] GC(22) Pause Young (Normal) (G1 Evacuation Pause) 321M->176M(1024M) 18.354ms
[2023-04-22T02:32:36.996+0600][gc,cpu      ] GC(22) User=0.05s Sys=0.02s Real=0.02s
[2023-04-22T02:35:54.919+0600][gc,start    ] GC(23) Pause Young (Normal) (G1 Evacuation Pause)
[2023-04-22T02:35:54.920+0600][gc,task     ] GC(23) Using 4 workers of 4 for evacuation
[2023-04-22T02:35:54.932+0600][gc,phases   ] GC(23)   Pre Evacuate Collection Set: 0.1ms
[2023-04-22T02:35:54.932+0600][gc,phases   ] GC(23)   Merge Heap Roots: 0.1ms
[2023-04-22T02:35:54.932+0600][gc,phases   ] GC(23)   Evacuate Collection Set: 11.4ms
[2023-04-22T02:35:54.932+0600][gc,phases   ] GC(23)   Post Evacuate Collection Set: 0.3ms
[2023-04-22T02:35:54.932+0600][gc,phases   ] GC(23)   Other: 0.1ms
[2023-04-22T02:35:54.932+0600][gc,heap     ] GC(23) Eden regions: 44->0(223)
[2023-04-22T02:35:54.932+0600][gc,heap     ] GC(23) Survivor regions: 9->5(7)
[2023-04-22T02:35:54.932+0600][gc,heap     ] GC(23) Old regions: 38->42
[2023-04-22T02:35:54.932+0600][gc,heap     ] GC(23) Archive regions: 2->2
[2023-04-22T02:35:54.932+0600][gc,heap     ] GC(23) Humongous regions: 129->129
[2023-04-22T02:35:54.932+0600][gc,metaspace] GC(23) Metaspace: 44325K(44992K)->44325K(44992K) NonClass: 39151K(39488K)->39151K(39488K) Class: 5174K(5504K)->5174K(5504K)
[2023-04-22T02:35:54.932+0600][gc          ] GC(23) Pause Young (Normal) (G1 Evacuation Pause) 220M->175M(1024M) 12.716ms
[2023-04-22T02:35:54.932+0600][gc,cpu      ] GC(23) User=0.04s Sys=0.01s Real=0.02s
[2023-04-22T02:52:52.510+0600][gc,start    ] GC(24) Pause Young (Normal) (G1 Evacuation Pause)
[2023-04-22T02:52:52.512+0600][gc,task     ] GC(24) Using 4 workers of 4 for evacuation
[2023-04-22T02:52:52.527+0600][gc,phases   ] GC(24)   Pre Evacuate Collection Set: 0.3ms
[2023-04-22T02:52:52.527+0600][gc,phases   ] GC(24)   Merge Heap Roots: 0.1ms
[2023-04-22T02:52:52.527+0600][gc,phases   ] GC(24)   Evacuate Collection Set: 14.1ms
[2023-04-22T02:52:52.527+0600][gc,phases   ] GC(24)   Post Evacuate Collection Set: 0.3ms
[2023-04-22T02:52:52.527+0600][gc,phases   ] GC(24)   Other: 0.2ms
[2023-04-22T02:52:52.527+0600][gc,heap     ] GC(24) Eden regions: 223->0(87)
[2023-04-22T02:52:52.527+0600][gc,heap     ] GC(24) Survivor regions: 5->11(29)
[2023-04-22T02:52:52.527+0600][gc,heap     ] GC(24) Old regions: 42->42
[2023-04-22T02:52:52.527+0600][gc,heap     ] GC(24) Archive regions: 2->2
[2023-04-22T02:52:52.527+0600][gc,heap     ] GC(24) Humongous regions: 129->129
[2023-04-22T02:52:52.527+0600][gc,metaspace] GC(24) Metaspace: 44338K(45056K)->44338K(45056K) NonClass: 39164K(39552K)->39164K(39552K) Class: 5174K(5504K)->5174K(5504K)
[2023-04-22T02:52:52.527+0600][gc          ] GC(24) Pause Young (Normal) (G1 Evacuation Pause) 398M->181M(1024M) 17.006ms
[2023-04-22T02:52:52.527+0600][gc,cpu      ] GC(24) User=0.05s Sys=0.01s Real=0.01s
[2023-04-22T02:59:14.275+0600][gc,start    ] GC(25) Pause Young (Normal) (G1 Evacuation Pause)
[2023-04-22T02:59:14.275+0600][gc,task     ] GC(25) Using 4 workers of 4 for evacuation
[2023-04-22T02:59:14.291+0600][gc,phases   ] GC(25)   Pre Evacuate Collection Set: 0.3ms
[2023-04-22T02:59:14.291+0600][gc,phases   ] GC(25)   Merge Heap Roots: 0.1ms
[2023-04-22T02:59:14.291+0600][gc,phases   ] GC(25)   Evacuate Collection Set: 14.8ms
[2023-04-22T02:59:14.291+0600][gc,phases   ] GC(25)   Post Evacuate Collection Set: 0.3ms
[2023-04-22T02:59:14.291+0600][gc,phases   ] GC(25)   Other: 0.1ms
[2023-04-22T02:59:14.291+0600][gc,heap     ] GC(25) Eden regions: 87->0(195)
[2023-04-22T02:59:14.291+0600][gc,heap     ] GC(25) Survivor regions: 11->5(13)
[2023-04-22T02:59:14.291+0600][gc,heap     ] GC(25) Old regions: 42->49
[2023-04-22T02:59:14.291+0600][gc,heap     ] GC(25) Archive regions: 2->2
[2023-04-22T02:59:14.291+0600][gc,heap     ] GC(25) Humongous regions: 129->129
[2023-04-22T02:59:14.291+0600][gc,metaspace] GC(25) Metaspace: 44338K(45056K)->44338K(45056K) NonClass: 39164K(39552K)->39164K(39552K) Class: 5174K(5504K)->5174K(5504K)
[2023-04-22T02:59:14.291+0600][gc          ] GC(25) Pause Young (Normal) (G1 Evacuation Pause) 268M->183M(1024M) 15.915ms
[2023-04-22T02:59:14.291+0600][gc,cpu      ] GC(25) User=0.06s Sys=0.01s Real=0.02s
[2023-04-22T03:14:05.347+0600][gc,start    ] GC(26) Pause Young (Normal) (G1 Evacuation Pause)
[2023-04-22T03:14:05.347+0600][gc,task     ] GC(26) Using 4 workers of 4 for evacuation
[2023-04-22T03:14:05.358+0600][gc,phases   ] GC(26)   Pre Evacuate Collection Set: 0.1ms
[2023-04-22T03:14:05.358+0600][gc,phases   ] GC(26)   Merge Heap Roots: 0.1ms
[2023-04-22T03:14:05.358+0600][gc,phases   ] GC(26)   Evacuate Collection Set: 10.2ms
[2023-04-22T03:14:05.358+0600][gc,phases   ] GC(26)   Post Evacuate Collection Set: 0.4ms
[2023-04-22T03:14:05.358+0600][gc,phases   ] GC(26)   Other: 0.1ms
[2023-04-22T03:14:05.358+0600][gc,heap     ] GC(26) Eden regions: 195->0(149)
[2023-04-22T03:14:05.358+0600][gc,heap     ] GC(26) Survivor regions: 5->9(25)
[2023-04-22T03:14:05.358+0600][gc,heap     ] GC(26) Old regions: 49->49
[2023-04-22T03:14:05.358+0600][gc,heap     ] GC(26) Archive regions: 2->2
[2023-04-22T03:14:05.358+0600][gc,heap     ] GC(26) Humongous regions: 129->129
[2023-04-22T03:14:05.358+0600][gc,metaspace] GC(26) Metaspace: 44353K(45056K)->44353K(45056K) NonClass: 39179K(39552K)->39179K(39552K) Class: 5174K(5504K)->5174K(5504K)
[2023-04-22T03:14:05.358+0600][gc          ] GC(26) Pause Young (Normal) (G1 Evacuation Pause) 378M->186M(1024M) 11.169ms
[2023-04-22T03:14:05.358+0600][gc,cpu      ] GC(26) User=0.04s Sys=0.00s Real=0.01s
[2023-04-22T03:25:24.543+0600][gc,start    ] GC(27) Pause Young (Normal) (G1 Evacuation Pause)
[2023-04-22T03:25:24.545+0600][gc,task     ] GC(27) Using 4 workers of 4 for evacuation
[2023-04-22T03:25:24.555+0600][gc,phases   ] GC(27)   Pre Evacuate Collection Set: 0.1ms
[2023-04-22T03:25:24.555+0600][gc,phases   ] GC(27)   Merge Heap Roots: 0.1ms
[2023-04-22T03:25:24.555+0600][gc,phases   ] GC(27)   Evacuate Collection Set: 9.3ms
[2023-04-22T03:25:24.555+0600][gc,phases   ] GC(27)   Post Evacuate Collection Set: 0.4ms
[2023-04-22T03:25:24.555+0600][gc,phases   ] GC(27)   Other: 0.1ms
[2023-04-22T03:25:24.555+0600][gc,heap     ] GC(27) Eden regions: 149->0(345)
[2023-04-22T03:25:24.555+0600][gc,heap     ] GC(27) Survivor regions: 9->7(20)
[2023-04-22T03:25:24.555+0600][gc,heap     ] GC(27) Old regions: 49->49
[2023-04-22T03:25:24.555+0600][gc,heap     ] GC(27) Archive regions: 2->2
[2023-04-22T03:25:24.556+0600][gc,heap     ] GC(27) Humongous regions: 129->129
[2023-04-22T03:25:24.556+0600][gc,metaspace] GC(27) Metaspace: 44370K(45056K)->44370K(45056K) NonClass: 39196K(39552K)->39196K(39552K) Class: 5174K(5504K)->5174K(5504K)
[2023-04-22T03:25:24.556+0600][gc          ] GC(27) Pause Young (Normal) (G1 Evacuation Pause) 335M->185M(1024M) 12.067ms
[2023-04-22T03:25:24.556+0600][gc,cpu      ] GC(27) User=0.02s Sys=0.00s Real=0.01s
[2023-04-22T03:51:51.472+0600][gc,start    ] GC(28) Pause Young (Normal) (G1 Evacuation Pause)
[2023-04-22T03:51:51.474+0600][gc,task     ] GC(28) Using 4 workers of 4 for evacuation
[2023-04-22T03:51:51.488+0600][gc,phases   ] GC(28)   Pre Evacuate Collection Set: 0.5ms
[2023-04-22T03:51:51.488+0600][gc,phases   ] GC(28)   Merge Heap Roots: 0.1ms
[2023-04-22T03:51:51.488+0600][gc,phases   ] GC(28)   Evacuate Collection Set: 13.1ms
[2023-04-22T03:51:51.488+0600][gc,phases   ] GC(28)   Post Evacuate Collection Set: 0.5ms
[2023-04-22T03:51:51.489+0600][gc,phases   ] GC(28)   Other: 0.2ms
[2023-04-22T03:51:51.489+0600][gc,heap     ] GC(28) Eden regions: 345->0(606)
[2023-04-22T03:51:51.489+0600][gc,heap     ] GC(28) Survivor regions: 7->8(44)
[2023-04-22T03:51:51.489+0600][gc,heap     ] GC(28) Old regions: 49->49
[2023-04-22T03:51:51.489+0600][gc,heap     ] GC(28) Archive regions: 2->2
[2023-04-22T03:51:51.489+0600][gc,heap     ] GC(28) Humongous regions: 129->129
[2023-04-22T03:51:51.489+0600][gc,metaspace] GC(28) Metaspace: 44431K(45184K)->44431K(45184K) NonClass: 39257K(39680K)->39257K(39680K) Class: 5174K(5504K)->5174K(5504K)
[2023-04-22T03:51:51.489+0600][gc          ] GC(28) Pause Young (Normal) (G1 Evacuation Pause) 530M->186M(1024M) 16.433ms
[2023-04-22T03:51:51.489+0600][gc,cpu      ] GC(28) User=0.05s Sys=0.01s Real=0.01s
[2023-04-22T03:57:31.560+0600][gc,heap,exit] Heap
[2023-04-22T03:57:31.561+0600][gc,heap,exit]  garbage-first heap   total 1048576K, used 280676K [0x00000007c0000000, 0x0000000800000000)
[2023-04-22T03:57:31.561+0600][gc,heap,exit]   region size 1024K, 96 young (98304K), 8 survivors (8192K)
[2023-04-22T03:57:31.561+0600][gc,heap,exit]  Metaspace       used 45053K, committed 45760K, reserved 1114112K
[2023-04-22T03:57:31.561+0600][gc,heap,exit]   class space    used 5325K, committed 5632K, reserved 1048576K
