[2023-03-04T11:24:37.187+0600][gc,init] CardTable entry size: 512
[2023-03-04T11:24:37.188+0600][gc     ] Using G1
[2023-03-04T11:24:37.192+0600][gc,init] Version: 19.0.2+7-44 (release)
[2023-03-04T11:24:37.192+0600][gc,init] CPUs: 4 total, 4 available
[2023-03-04T11:24:37.192+0600][gc,init] Memory: 16384M
[2023-03-04T11:24:37.192+0600][gc,init] Large Page Support: Disabled
[2023-03-04T11:24:37.192+0600][gc,init] NUMA Support: Disabled
[2023-03-04T11:24:37.192+0600][gc,init] Compressed Oops: Enabled (Zero based)
[2023-03-04T11:24:37.192+0600][gc,init] Heap Region Size: 1M
[2023-03-04T11:24:37.192+0600][gc,init] Heap Min Capacity: 1G
[2023-03-04T11:24:37.192+0600][gc,init] Heap Initial Capacity: 1G
[2023-03-04T11:24:37.193+0600][gc,init] Heap Max Capacity: 1G
[2023-03-04T11:24:37.193+0600][gc,init] Pre-touch: Disabled
[2023-03-04T11:24:37.193+0600][gc,init] Parallel Workers: 4
[2023-03-04T11:24:37.193+0600][gc,init] Concurrent Workers: 1
[2023-03-04T11:24:37.193+0600][gc,init] Concurrent Refinement Workers: 4
[2023-03-04T11:24:37.193+0600][gc,init] Periodic GC: Disabled
[2023-03-04T11:24:37.193+0600][gc,metaspace] CDS archive(s) mapped at: [0x0000000800000000-0x0000000800c44000-0x0000000800c44000), size 12861440, SharedBaseAddress: 0x0000000800000000, ArchiveRelocationMode: 0.
[2023-03-04T11:24:37.193+0600][gc,metaspace] Compressed class space mapped at: 0x0000000801000000-0x0000000841000000, reserved size: 1073741824
[2023-03-04T11:24:37.193+0600][gc,metaspace] Narrow klass base: 0x0000000800000000, Narrow klass shift: 0, Narrow klass range: 0x100000000
[2023-03-04T11:24:38.212+0600][gc,start    ] GC(0) Pause Young (Normal) (G1 Evacuation Pause)
[2023-03-04T11:24:38.212+0600][gc,task     ] GC(0) Using 4 workers of 4 for evacuation
[2023-03-04T11:24:38.219+0600][gc,phases   ] GC(0)   Pre Evacuate Collection Set: 0.1ms
[2023-03-04T11:24:38.219+0600][gc,phases   ] GC(0)   Merge Heap Roots: 0.1ms
[2023-03-04T11:24:38.219+0600][gc,phases   ] GC(0)   Evacuate Collection Set: 5.8ms
[2023-03-04T11:24:38.219+0600][gc,phases   ] GC(0)   Post Evacuate Collection Set: 0.7ms
[2023-03-04T11:24:38.219+0600][gc,phases   ] GC(0)   Other: 0.3ms
[2023-03-04T11:24:38.219+0600][gc,heap     ] GC(0) Eden regions: 51->0(44)
[2023-03-04T11:24:38.219+0600][gc,heap     ] GC(0) Survivor regions: 0->7(7)
[2023-03-04T11:24:38.219+0600][gc,heap     ] GC(0) Old regions: 0->1
[2023-03-04T11:24:38.219+0600][gc,heap     ] GC(0) Archive regions: 2->2
[2023-03-04T11:24:38.219+0600][gc,heap     ] GC(0) Humongous regions: 0->0
[2023-03-04T11:24:38.219+0600][gc,metaspace] GC(0) Metaspace: 18493K(18688K)->18493K(18688K) NonClass: 16403K(16512K)->16403K(16512K) Class: 2090K(2176K)->2090K(2176K)
[2023-03-04T11:24:38.219+0600][gc          ] GC(0) Pause Young (Normal) (G1 Evacuation Pause) 51M->8M(1024M) 7.344ms
[2023-03-04T11:24:38.219+0600][gc,cpu      ] GC(0) User=0.02s Sys=0.00s Real=0.00s
[2023-03-04T11:24:38.459+0600][gc,start    ] GC(1) Pause Young (Concurrent Start) (Metadata GC Threshold)
[2023-03-04T11:24:38.459+0600][gc,task     ] GC(1) Using 4 workers of 4 for evacuation
[2023-03-04T11:24:38.466+0600][gc,phases   ] GC(1)   Pre Evacuate Collection Set: 0.1ms
[2023-03-04T11:24:38.466+0600][gc,phases   ] GC(1)   Merge Heap Roots: 0.0ms
[2023-03-04T11:24:38.466+0600][gc,phases   ] GC(1)   Evacuate Collection Set: 5.7ms
[2023-03-04T11:24:38.466+0600][gc,phases   ] GC(1)   Post Evacuate Collection Set: 0.3ms
[2023-03-04T11:24:38.466+0600][gc,phases   ] GC(1)   Other: 0.1ms
[2023-03-04T11:24:38.466+0600][gc,heap     ] GC(1) Eden regions: 13->0(49)
[2023-03-04T11:24:38.466+0600][gc,heap     ] GC(1) Survivor regions: 7->2(7)
[2023-03-04T11:24:38.466+0600][gc,heap     ] GC(1) Old regions: 1->8
[2023-03-04T11:24:38.466+0600][gc,heap     ] GC(1) Archive regions: 2->2
[2023-03-04T11:24:38.466+0600][gc,heap     ] GC(1) Humongous regions: 129->129
[2023-03-04T11:24:38.466+0600][gc,metaspace] GC(1) Metaspace: 21298K(21504K)->21298K(21504K) NonClass: 18851K(18944K)->18851K(18944K) Class: 2446K(2560K)->2446K(2560K)
[2023-03-04T11:24:38.466+0600][gc          ] GC(1) Pause Young (Concurrent Start) (Metadata GC Threshold) 149M->138M(1024M) 6.498ms
[2023-03-04T11:24:38.466+0600][gc,cpu      ] GC(1) User=0.02s Sys=0.00s Real=0.01s
[2023-03-04T11:24:38.466+0600][gc          ] GC(2) Concurrent Mark Cycle
[2023-03-04T11:24:38.466+0600][gc,marking  ] GC(2) Concurrent Clear Claimed Marks
[2023-03-04T11:24:38.466+0600][gc,marking  ] GC(2) Concurrent Clear Claimed Marks 0.014ms
[2023-03-04T11:24:38.466+0600][gc,marking  ] GC(2) Concurrent Scan Root Regions
[2023-03-04T11:24:38.470+0600][gc,marking  ] GC(2) Concurrent Scan Root Regions 4.547ms
[2023-03-04T11:24:38.470+0600][gc,marking  ] GC(2) Concurrent Mark
[2023-03-04T11:24:38.470+0600][gc,marking  ] GC(2) Concurrent Mark From Roots
[2023-03-04T11:24:38.470+0600][gc,task     ] GC(2) Using 1 workers of 1 for marking
[2023-03-04T11:24:38.472+0600][gc,marking  ] GC(2) Concurrent Mark From Roots 1.189ms
[2023-03-04T11:24:38.472+0600][gc,marking  ] GC(2) Concurrent Preclean
[2023-03-04T11:24:38.472+0600][gc,marking  ] GC(2) Concurrent Preclean 0.023ms
[2023-03-04T11:24:38.472+0600][gc,start    ] GC(2) Pause Remark
[2023-03-04T11:24:38.474+0600][gc          ] GC(2) Pause Remark 139M->139M(1024M) 1.552ms
[2023-03-04T11:24:38.474+0600][gc,cpu      ] GC(2) User=0.01s Sys=0.00s Real=0.00s
[2023-03-04T11:24:38.474+0600][gc,marking  ] GC(2) Concurrent Mark 3.392ms
[2023-03-04T11:24:38.474+0600][gc,marking  ] GC(2) Concurrent Rebuild Remembered Sets
[2023-03-04T11:24:38.479+0600][gc,marking  ] GC(2) Concurrent Rebuild Remembered Sets 4.733ms
[2023-03-04T11:24:38.479+0600][gc,start    ] GC(2) Pause Cleanup
[2023-03-04T11:24:38.479+0600][gc          ] GC(2) Pause Cleanup 140M->140M(1024M) 0.091ms
[2023-03-04T11:24:38.479+0600][gc,cpu      ] GC(2) User=0.00s Sys=0.00s Real=0.00s
[2023-03-04T11:24:38.479+0600][gc,marking  ] GC(2) Concurrent Cleanup for Next Mark
[2023-03-04T11:24:38.486+0600][gc,marking  ] GC(2) Concurrent Cleanup for Next Mark 6.903ms
[2023-03-04T11:24:38.486+0600][gc          ] GC(2) Concurrent Mark Cycle 20.000ms
[2023-03-04T11:24:39.000+0600][gc,start    ] GC(3) Pause Young (Normal) (G1 Evacuation Pause)
[2023-03-04T11:24:39.000+0600][gc,task     ] GC(3) Using 4 workers of 4 for evacuation
[2023-03-04T11:24:39.005+0600][gc,phases   ] GC(3)   Pre Evacuate Collection Set: 0.1ms
[2023-03-04T11:24:39.005+0600][gc,phases   ] GC(3)   Merge Heap Roots: 0.0ms
[2023-03-04T11:24:39.005+0600][gc,phases   ] GC(3)   Evacuate Collection Set: 4.3ms
[2023-03-04T11:24:39.005+0600][gc,phases   ] GC(3)   Post Evacuate Collection Set: 0.3ms
[2023-03-04T11:24:39.005+0600][gc,phases   ] GC(3)   Other: 0.1ms
[2023-03-04T11:24:39.005+0600][gc,heap     ] GC(3) Eden regions: 49->0(45)
[2023-03-04T11:24:39.005+0600][gc,heap     ] GC(3) Survivor regions: 2->6(7)
[2023-03-04T11:24:39.005+0600][gc,heap     ] GC(3) Old regions: 8->8
[2023-03-04T11:24:39.005+0600][gc,heap     ] GC(3) Archive regions: 2->2
[2023-03-04T11:24:39.005+0600][gc,heap     ] GC(3) Humongous regions: 129->129
[2023-03-04T11:24:39.005+0600][gc,metaspace] GC(3) Metaspace: 33166K(33536K)->33166K(33536K) NonClass: 29627K(29824K)->29627K(29824K) Class: 3538K(3712K)->3538K(3712K)
[2023-03-04T11:24:39.005+0600][gc          ] GC(3) Pause Young (Normal) (G1 Evacuation Pause) 187M->142M(1024M) 5.046ms
[2023-03-04T11:24:39.005+0600][gc,cpu      ] GC(3) User=0.02s Sys=0.00s Real=0.00s
[2023-03-04T11:26:01.770+0600][gc,start    ] GC(4) Pause Young (Concurrent Start) (Metadata GC Threshold)
[2023-03-04T11:26:01.770+0600][gc,task     ] GC(4) Using 4 workers of 4 for evacuation
[2023-03-04T11:26:01.778+0600][gc,phases   ] GC(4)   Pre Evacuate Collection Set: 0.1ms
[2023-03-04T11:26:01.778+0600][gc,phases   ] GC(4)   Merge Heap Roots: 0.0ms
[2023-03-04T11:26:01.778+0600][gc,phases   ] GC(4)   Evacuate Collection Set: 7.3ms
[2023-03-04T11:26:01.778+0600][gc,phases   ] GC(4)   Post Evacuate Collection Set: 0.4ms
[2023-03-04T11:26:01.778+0600][gc,phases   ] GC(4)   Other: 0.1ms
[2023-03-04T11:26:01.778+0600][gc,heap     ] GC(4) Eden regions: 15->0(49)
[2023-03-04T11:26:01.778+0600][gc,heap     ] GC(4) Survivor regions: 6->2(7)
[2023-03-04T11:26:01.778+0600][gc,heap     ] GC(4) Old regions: 8->13
[2023-03-04T11:26:01.778+0600][gc,heap     ] GC(4) Archive regions: 2->2
[2023-03-04T11:26:01.778+0600][gc,heap     ] GC(4) Humongous regions: 129->129
[2023-03-04T11:26:01.778+0600][gc,metaspace] GC(4) Metaspace: 36009K(36288K)->36009K(36288K) NonClass: 31988K(32128K)->31988K(32128K) Class: 4020K(4160K)->4020K(4160K)
[2023-03-04T11:26:01.778+0600][gc          ] GC(4) Pause Young (Concurrent Start) (Metadata GC Threshold) 157M->143M(1024M) 8.186ms
[2023-03-04T11:26:01.778+0600][gc          ] GC(5) Concurrent Mark Cycle
[2023-03-04T11:26:01.778+0600][gc,cpu      ] GC(4) User=0.02s Sys=0.01s Real=0.00s
[2023-03-04T11:26:01.778+0600][gc,marking  ] GC(5) Concurrent Clear Claimed Marks
[2023-03-04T11:26:01.779+0600][gc,marking  ] GC(5) Concurrent Clear Claimed Marks 0.039ms
[2023-03-04T11:26:01.779+0600][gc,marking  ] GC(5) Concurrent Scan Root Regions
[2023-03-04T11:26:01.786+0600][gc,marking  ] GC(5) Concurrent Scan Root Regions 7.183ms
[2023-03-04T11:26:01.786+0600][gc,marking  ] GC(5) Concurrent Mark
[2023-03-04T11:26:01.786+0600][gc,marking  ] GC(5) Concurrent Mark From Roots
[2023-03-04T11:26:01.786+0600][gc,task     ] GC(5) Using 1 workers of 1 for marking
[2023-03-04T11:26:01.794+0600][gc,marking  ] GC(5) Concurrent Mark From Roots 8.576ms
[2023-03-04T11:26:01.794+0600][gc,marking  ] GC(5) Concurrent Preclean
[2023-03-04T11:26:01.794+0600][gc,marking  ] GC(5) Concurrent Preclean 0.063ms
[2023-03-04T11:26:01.795+0600][gc,start    ] GC(5) Pause Remark
[2023-03-04T11:26:01.796+0600][gc          ] GC(5) Pause Remark 144M->144M(1024M) 1.455ms
[2023-03-04T11:26:01.796+0600][gc,cpu      ] GC(5) User=0.01s Sys=0.00s Real=0.00s
[2023-03-04T11:26:01.796+0600][gc,marking  ] GC(5) Concurrent Mark 10.309ms
[2023-03-04T11:26:01.796+0600][gc,marking  ] GC(5) Concurrent Rebuild Remembered Sets
[2023-03-04T11:26:01.805+0600][gc,marking  ] GC(5) Concurrent Rebuild Remembered Sets 9.146ms
[2023-03-04T11:26:01.805+0600][gc,start    ] GC(5) Pause Cleanup
[2023-03-04T11:26:01.805+0600][gc          ] GC(5) Pause Cleanup 144M->144M(1024M) 0.094ms
[2023-03-04T11:26:01.805+0600][gc,cpu      ] GC(5) User=0.00s Sys=0.00s Real=0.00s
[2023-03-04T11:26:01.805+0600][gc,marking  ] GC(5) Concurrent Cleanup for Next Mark
[2023-03-04T11:26:01.812+0600][gc,marking  ] GC(5) Concurrent Cleanup for Next Mark 6.394ms
[2023-03-04T11:26:01.812+0600][gc          ] GC(5) Concurrent Mark Cycle 33.477ms
[2023-03-04T11:30:44.062+0600][gc,start    ] GC(6) Pause Young (Prepare Mixed) (G1 Evacuation Pause)
[2023-03-04T11:30:44.063+0600][gc,task     ] GC(6) Using 4 workers of 4 for evacuation
[2023-03-04T11:30:44.071+0600][gc,phases   ] GC(6)   Pre Evacuate Collection Set: 0.2ms
[2023-03-04T11:30:44.071+0600][gc,phases   ] GC(6)   Merge Heap Roots: 0.1ms
[2023-03-04T11:30:44.071+0600][gc,phases   ] GC(6)   Evacuate Collection Set: 6.9ms
[2023-03-04T11:30:44.071+0600][gc,phases   ] GC(6)   Post Evacuate Collection Set: 0.8ms
[2023-03-04T11:30:44.071+0600][gc,phases   ] GC(6)   Other: 0.1ms
[2023-03-04T11:30:44.071+0600][gc,heap     ] GC(6) Eden regions: 49->0(46)
[2023-03-04T11:30:44.071+0600][gc,heap     ] GC(6) Survivor regions: 2->5(7)
[2023-03-04T11:30:44.071+0600][gc,heap     ] GC(6) Old regions: 13->13
[2023-03-04T11:30:44.071+0600][gc,heap     ] GC(6) Archive regions: 2->2
[2023-03-04T11:30:44.071+0600][gc,heap     ] GC(6) Humongous regions: 129->129
[2023-03-04T11:30:44.071+0600][gc,metaspace] GC(6) Metaspace: 41936K(42624K)->41936K(42624K) NonClass: 37084K(37440K)->37084K(37440K) Class: 4851K(5184K)->4851K(5184K)
[2023-03-04T11:30:44.071+0600][gc          ] GC(6) Pause Young (Prepare Mixed) (G1 Evacuation Pause) 192M->147M(1024M) 8.557ms
[2023-03-04T11:30:44.071+0600][gc,cpu      ] GC(6) User=0.03s Sys=0.01s Real=0.01s
[2023-03-04T11:44:19.359+0600][gc,start    ] GC(7) Pause Young (Mixed) (G1 Evacuation Pause)
[2023-03-04T11:44:19.359+0600][gc,task     ] GC(7) Using 4 workers of 4 for evacuation
[2023-03-04T11:44:19.383+0600][gc,mmu      ] GC(7) MMU target violated: 21.0ms (20.0ms/21.0ms)
[2023-03-04T11:44:19.383+0600][gc,phases   ] GC(7)   Pre Evacuate Collection Set: 0.1ms
[2023-03-04T11:44:19.383+0600][gc,phases   ] GC(7)   Merge Heap Roots: 0.2ms
[2023-03-04T11:44:19.383+0600][gc,phases   ] GC(7)   Evacuate Collection Set: 20.4ms
[2023-03-04T11:44:19.383+0600][gc,phases   ] GC(7)   Post Evacuate Collection Set: 3.0ms
[2023-03-04T11:44:19.383+0600][gc,phases   ] GC(7)   Other: 0.2ms
[2023-03-04T11:44:19.383+0600][gc,heap     ] GC(7) Eden regions: 46->0(48)
[2023-03-04T11:44:19.383+0600][gc,heap     ] GC(7) Survivor regions: 5->3(7)
[2023-03-04T11:44:19.383+0600][gc,heap     ] GC(7) Old regions: 13->16
[2023-03-04T11:44:19.383+0600][gc,heap     ] GC(7) Archive regions: 2->2
[2023-03-04T11:44:19.383+0600][gc,heap     ] GC(7) Humongous regions: 129->129
[2023-03-04T11:44:19.383+0600][gc,metaspace] GC(7) Metaspace: 42434K(43072K)->42434K(43072K) NonClass: 37564K(37888K)->37564K(37888K) Class: 4869K(5184K)->4869K(5184K)
[2023-03-04T11:44:19.383+0600][gc          ] GC(7) Pause Young (Mixed) (G1 Evacuation Pause) 193M->148M(1024M) 24.272ms
[2023-03-04T11:44:19.383+0600][gc,cpu      ] GC(7) User=0.03s Sys=0.00s Real=0.03s
[2023-03-04T11:49:55.567+0600][gc,start    ] GC(8) Pause Young (Normal) (G1 Evacuation Pause)
[2023-03-04T11:49:55.569+0600][gc,task     ] GC(8) Using 4 workers of 4 for evacuation
[2023-03-04T11:49:55.579+0600][gc,phases   ] GC(8)   Pre Evacuate Collection Set: 0.3ms
[2023-03-04T11:49:55.579+0600][gc,phases   ] GC(8)   Merge Heap Roots: 0.2ms
[2023-03-04T11:49:55.579+0600][gc,phases   ] GC(8)   Evacuate Collection Set: 9.1ms
[2023-03-04T11:49:55.579+0600][gc,phases   ] GC(8)   Post Evacuate Collection Set: 0.3ms
[2023-03-04T11:49:55.579+0600][gc,phases   ] GC(8)   Other: 0.4ms
[2023-03-04T11:49:55.579+0600][gc,heap     ] GC(8) Eden regions: 48->0(44)
[2023-03-04T11:49:55.580+0600][gc,heap     ] GC(8) Survivor regions: 3->7(7)
[2023-03-04T11:49:55.580+0600][gc,heap     ] GC(8) Old regions: 16->16
[2023-03-04T11:49:55.580+0600][gc,heap     ] GC(8) Archive regions: 2->2
[2023-03-04T11:49:55.580+0600][gc,heap     ] GC(8) Humongous regions: 129->129
[2023-03-04T11:49:55.580+0600][gc,metaspace] GC(8) Metaspace: 42551K(43200K)->42551K(43200K) NonClass: 37673K(38016K)->37673K(38016K) Class: 4877K(5184K)->4877K(5184K)
[2023-03-04T11:49:55.580+0600][gc          ] GC(8) Pause Young (Normal) (G1 Evacuation Pause) 196M->152M(1024M) 13.286ms
[2023-03-04T11:49:55.580+0600][gc,cpu      ] GC(8) User=0.04s Sys=0.01s Real=0.02s
[2023-03-04T11:53:16.527+0600][gc,start    ] GC(9) Pause Young (Normal) (G1 Evacuation Pause)
[2023-03-04T11:53:16.529+0600][gc,task     ] GC(9) Using 4 workers of 4 for evacuation
[2023-03-04T11:53:16.540+0600][gc,phases   ] GC(9)   Pre Evacuate Collection Set: 0.1ms
[2023-03-04T11:53:16.540+0600][gc,phases   ] GC(9)   Merge Heap Roots: 0.1ms
[2023-03-04T11:53:16.540+0600][gc,phases   ] GC(9)   Evacuate Collection Set: 10.0ms
[2023-03-04T11:53:16.540+0600][gc,phases   ] GC(9)   Post Evacuate Collection Set: 0.3ms
[2023-03-04T11:53:16.540+0600][gc,phases   ] GC(9)   Other: 0.2ms
[2023-03-04T11:53:16.540+0600][gc,heap     ] GC(9) Eden regions: 44->0(45)
[2023-03-04T11:53:16.540+0600][gc,heap     ] GC(9) Survivor regions: 7->6(7)
[2023-03-04T11:53:16.540+0600][gc,heap     ] GC(9) Old regions: 16->18
[2023-03-04T11:53:16.540+0600][gc,heap     ] GC(9) Archive regions: 2->2
[2023-03-04T11:53:16.540+0600][gc,heap     ] GC(9) Humongous regions: 129->129
[2023-03-04T11:53:16.540+0600][gc,metaspace] GC(9) Metaspace: 42565K(43264K)->42565K(43264K) NonClass: 37688K(38080K)->37688K(38080K) Class: 4877K(5184K)->4877K(5184K)
[2023-03-04T11:53:16.540+0600][gc          ] GC(9) Pause Young (Normal) (G1 Evacuation Pause) 196M->153M(1024M) 12.690ms
[2023-03-04T11:53:16.540+0600][gc,cpu      ] GC(9) User=0.04s Sys=0.00s Real=0.02s
[2023-03-04T11:56:44.852+0600][gc,start    ] GC(10) Pause Young (Normal) (G1 Evacuation Pause)
[2023-03-04T11:56:44.852+0600][gc,task     ] GC(10) Using 4 workers of 4 for evacuation
[2023-03-04T11:56:44.861+0600][gc,phases   ] GC(10)   Pre Evacuate Collection Set: 0.1ms
[2023-03-04T11:56:44.861+0600][gc,phases   ] GC(10)   Merge Heap Roots: 0.1ms
[2023-03-04T11:56:44.861+0600][gc,phases   ] GC(10)   Evacuate Collection Set: 7.8ms
[2023-03-04T11:56:44.861+0600][gc,phases   ] GC(10)   Post Evacuate Collection Set: 0.4ms
[2023-03-04T11:56:44.861+0600][gc,phases   ] GC(10)   Other: 0.1ms
[2023-03-04T11:56:44.861+0600][gc,heap     ] GC(10) Eden regions: 45->0(46)
[2023-03-04T11:56:44.861+0600][gc,heap     ] GC(10) Survivor regions: 6->5(7)
[2023-03-04T11:56:44.861+0600][gc,heap     ] GC(10) Old regions: 18->19
[2023-03-04T11:56:44.861+0600][gc,heap     ] GC(10) Archive regions: 2->2
[2023-03-04T11:56:44.861+0600][gc,heap     ] GC(10) Humongous regions: 129->129
[2023-03-04T11:56:44.861+0600][gc,metaspace] GC(10) Metaspace: 42582K(43264K)->42582K(43264K) NonClass: 37704K(38080K)->37704K(38080K) Class: 4877K(5184K)->4877K(5184K)
[2023-03-04T11:56:44.861+0600][gc          ] GC(10) Pause Young (Normal) (G1 Evacuation Pause) 198M->153M(1024M) 8.851ms
[2023-03-04T11:56:44.861+0600][gc,cpu      ] GC(10) User=0.03s Sys=0.00s Real=0.01s
[2023-03-04T12:00:21.704+0600][gc,start    ] GC(11) Pause Young (Normal) (G1 Evacuation Pause)
[2023-03-04T12:00:21.705+0600][gc,task     ] GC(11) Using 4 workers of 4 for evacuation
[2023-03-04T12:00:21.713+0600][gc,phases   ] GC(11)   Pre Evacuate Collection Set: 0.1ms
[2023-03-04T12:00:21.713+0600][gc,phases   ] GC(11)   Merge Heap Roots: 0.1ms
[2023-03-04T12:00:21.713+0600][gc,phases   ] GC(11)   Evacuate Collection Set: 7.4ms
[2023-03-04T12:00:21.713+0600][gc,phases   ] GC(11)   Post Evacuate Collection Set: 0.3ms
[2023-03-04T12:00:21.713+0600][gc,phases   ] GC(11)   Other: 0.1ms
[2023-03-04T12:00:21.713+0600][gc,heap     ] GC(11) Eden regions: 46->0(46)
[2023-03-04T12:00:21.713+0600][gc,heap     ] GC(11) Survivor regions: 5->5(7)
[2023-03-04T12:00:21.713+0600][gc,heap     ] GC(11) Old regions: 19->21
[2023-03-04T12:00:21.713+0600][gc,heap     ] GC(11) Archive regions: 2->2
[2023-03-04T12:00:21.713+0600][gc,heap     ] GC(11) Humongous regions: 129->129
[2023-03-04T12:00:21.713+0600][gc,metaspace] GC(11) Metaspace: 42604K(43264K)->42604K(43264K) NonClass: 37726K(38080K)->37726K(38080K) Class: 4877K(5184K)->4877K(5184K)
[2023-03-04T12:00:21.713+0600][gc          ] GC(11) Pause Young (Normal) (G1 Evacuation Pause) 199M->154M(1024M) 8.530ms
[2023-03-04T12:00:21.713+0600][gc,cpu      ] GC(11) User=0.03s Sys=0.00s Real=0.01s
[2023-03-04T12:04:00.627+0600][gc,start    ] GC(12) Pause Young (Normal) (G1 Evacuation Pause)
[2023-03-04T12:04:00.627+0600][gc,task     ] GC(12) Using 4 workers of 4 for evacuation
[2023-03-04T12:04:00.634+0600][gc,phases   ] GC(12)   Pre Evacuate Collection Set: 0.1ms
[2023-03-04T12:04:00.634+0600][gc,phases   ] GC(12)   Merge Heap Roots: 0.1ms
[2023-03-04T12:04:00.634+0600][gc,phases   ] GC(12)   Evacuate Collection Set: 6.8ms
[2023-03-04T12:04:00.634+0600][gc,phases   ] GC(12)   Post Evacuate Collection Set: 0.3ms
[2023-03-04T12:04:00.634+0600][gc,phases   ] GC(12)   Other: 0.1ms
[2023-03-04T12:04:00.634+0600][gc,heap     ] GC(12) Eden regions: 46->0(54)
[2023-03-04T12:04:00.634+0600][gc,heap     ] GC(12) Survivor regions: 5->4(7)
[2023-03-04T12:04:00.634+0600][gc,heap     ] GC(12) Old regions: 21->22
[2023-03-04T12:04:00.634+0600][gc,heap     ] GC(12) Archive regions: 2->2
[2023-03-04T12:04:00.634+0600][gc,heap     ] GC(12) Humongous regions: 129->129
[2023-03-04T12:04:00.634+0600][gc,metaspace] GC(12) Metaspace: 42623K(43264K)->42623K(43264K) NonClass: 37746K(38080K)->37746K(38080K) Class: 4877K(5184K)->4877K(5184K)
[2023-03-04T12:04:00.634+0600][gc          ] GC(12) Pause Young (Normal) (G1 Evacuation Pause) 200M->155M(1024M) 7.687ms
[2023-03-04T12:04:00.634+0600][gc,cpu      ] GC(12) User=0.03s Sys=0.00s Real=0.01s
[2023-03-04T12:05:31.332+0600][gc,heap,exit] Heap
[2023-03-04T12:05:31.332+0600][gc,heap,exit]  garbage-first heap   total 1048576K, used 187967K [0x00000007c0000000, 0x0000000800000000)
[2023-03-04T12:05:31.332+0600][gc,heap,exit]   region size 1024K, 33 young (33792K), 4 survivors (4096K)
[2023-03-04T12:05:31.332+0600][gc,heap,exit]  Metaspace       used 43395K, committed 44096K, reserved 1114112K
[2023-03-04T12:05:31.332+0600][gc,heap,exit]   class space    used 5047K, committed 5376K, reserved 1048576K
