[2023-04-22T00:46:09.906+0600][gc,init] CardTable entry size: 512
[2023-04-22T00:46:09.906+0600][gc     ] Using G1
[2023-04-22T00:46:09.911+0600][gc,init] Version: 19.0.2+7-44 (release)
[2023-04-22T00:46:09.911+0600][gc,init] CPUs: 4 total, 4 available
[2023-04-22T00:46:09.911+0600][gc,init] Memory: 16384M
[2023-04-22T00:46:09.911+0600][gc,init] Large Page Support: Disabled
[2023-04-22T00:46:09.911+0600][gc,init] NUMA Support: Disabled
[2023-04-22T00:46:09.911+0600][gc,init] Compressed Oops: Enabled (Zero based)
[2023-04-22T00:46:09.911+0600][gc,init] Heap Region Size: 1M
[2023-04-22T00:46:09.911+0600][gc,init] Heap Min Capacity: 1G
[2023-04-22T00:46:09.911+0600][gc,init] Heap Initial Capacity: 1G
[2023-04-22T00:46:09.911+0600][gc,init] Heap Max Capacity: 1G
[2023-04-22T00:46:09.911+0600][gc,init] Pre-touch: Disabled
[2023-04-22T00:46:09.911+0600][gc,init] Parallel Workers: 4
[2023-04-22T00:46:09.911+0600][gc,init] Concurrent Workers: 1
[2023-04-22T00:46:09.911+0600][gc,init] Concurrent Refinement Workers: 4
[2023-04-22T00:46:09.911+0600][gc,init] Periodic GC: Disabled
[2023-04-22T00:46:09.911+0600][gc,metaspace] CDS archive(s) mapped at: [0x0000000800000000-0x0000000800c44000-0x0000000800c44000), size 12861440, SharedBaseAddress: 0x0000000800000000, ArchiveRelocationMode: 0.
[2023-04-22T00:46:09.911+0600][gc,metaspace] Compressed class space mapped at: 0x0000000801000000-0x0000000841000000, reserved size: 1073741824
[2023-04-22T00:46:09.911+0600][gc,metaspace] Narrow klass base: 0x0000000800000000, Narrow klass shift: 0, Narrow klass range: 0x100000000
[2023-04-22T00:46:10.909+0600][gc,start    ] GC(0) Pause Young (Normal) (G1 Evacuation Pause)
[2023-04-22T00:46:10.909+0600][gc,task     ] GC(0) Using 4 workers of 4 for evacuation
[2023-04-22T00:46:10.916+0600][gc,phases   ] GC(0)   Pre Evacuate Collection Set: 0.1ms
[2023-04-22T00:46:10.916+0600][gc,phases   ] GC(0)   Merge Heap Roots: 0.1ms
[2023-04-22T00:46:10.916+0600][gc,phases   ] GC(0)   Evacuate Collection Set: 5.5ms
[2023-04-22T00:46:10.916+0600][gc,phases   ] GC(0)   Post Evacuate Collection Set: 0.7ms
[2023-04-22T00:46:10.916+0600][gc,phases   ] GC(0)   Other: 0.3ms
[2023-04-22T00:46:10.916+0600][gc,heap     ] GC(0) Eden regions: 51->0(44)
[2023-04-22T00:46:10.916+0600][gc,heap     ] GC(0) Survivor regions: 0->7(7)
[2023-04-22T00:46:10.916+0600][gc,heap     ] GC(0) Old regions: 0->1
[2023-04-22T00:46:10.916+0600][gc,heap     ] GC(0) Archive regions: 2->2
[2023-04-22T00:46:10.916+0600][gc,heap     ] GC(0) Humongous regions: 0->0
[2023-04-22T00:46:10.916+0600][gc,metaspace] GC(0) Metaspace: 18480K(18688K)->18480K(18688K) NonClass: 16398K(16512K)->16398K(16512K) Class: 2082K(2176K)->2082K(2176K)
[2023-04-22T00:46:10.916+0600][gc          ] GC(0) Pause Young (Normal) (G1 Evacuation Pause) 51M->7M(1024M) 6.913ms
[2023-04-22T00:46:10.916+0600][gc,cpu      ] GC(0) User=0.02s Sys=0.00s Real=0.01s
[2023-04-22T00:46:11.083+0600][gc,start    ] GC(1) Pause Young (Concurrent Start) (Metadata GC Threshold)
[2023-04-22T00:46:11.083+0600][gc,task     ] GC(1) Using 4 workers of 4 for evacuation
[2023-04-22T00:46:11.090+0600][gc,phases   ] GC(1)   Pre Evacuate Collection Set: 0.2ms
[2023-04-22T00:46:11.090+0600][gc,phases   ] GC(1)   Merge Heap Roots: 0.1ms
[2023-04-22T00:46:11.090+0600][gc,phases   ] GC(1)   Evacuate Collection Set: 5.8ms
[2023-04-22T00:46:11.090+0600][gc,phases   ] GC(1)   Post Evacuate Collection Set: 0.3ms
[2023-04-22T00:46:11.090+0600][gc,phases   ] GC(1)   Other: 0.1ms
[2023-04-22T00:46:11.090+0600][gc,heap     ] GC(1) Eden regions: 12->0(50)
[2023-04-22T00:46:11.090+0600][gc,heap     ] GC(1) Survivor regions: 7->1(7)
[2023-04-22T00:46:11.090+0600][gc,heap     ] GC(1) Old regions: 1->8
[2023-04-22T00:46:11.090+0600][gc,heap     ] GC(1) Archive regions: 2->2
[2023-04-22T00:46:11.090+0600][gc,heap     ] GC(1) Humongous regions: 0->0
[2023-04-22T00:46:11.090+0600][gc,metaspace] GC(1) Metaspace: 21297K(21504K)->21297K(21504K) NonClass: 18864K(19008K)->18864K(19008K) Class: 2433K(2496K)->2433K(2496K)
[2023-04-22T00:46:11.090+0600][gc          ] GC(1) Pause Young (Concurrent Start) (Metadata GC Threshold) 19M->9M(1024M) 6.584ms
[2023-04-22T00:46:11.090+0600][gc,cpu      ] GC(1) User=0.02s Sys=0.01s Real=0.01s
[2023-04-22T00:46:11.090+0600][gc          ] GC(2) Concurrent Mark Cycle
[2023-04-22T00:46:11.090+0600][gc,marking  ] GC(2) Concurrent Clear Claimed Marks
[2023-04-22T00:46:11.090+0600][gc,marking  ] GC(2) Concurrent Clear Claimed Marks 0.027ms
[2023-04-22T00:46:11.090+0600][gc,marking  ] GC(2) Concurrent Scan Root Regions
[2023-04-22T00:46:11.093+0600][gc,marking  ] GC(2) Concurrent Scan Root Regions 3.020ms
[2023-04-22T00:46:11.093+0600][gc,marking  ] GC(2) Concurrent Mark
[2023-04-22T00:46:11.093+0600][gc,marking  ] GC(2) Concurrent Mark From Roots
[2023-04-22T00:46:11.093+0600][gc,task     ] GC(2) Using 1 workers of 1 for marking
[2023-04-22T00:46:11.094+0600][gc,marking  ] GC(2) Concurrent Mark From Roots 0.585ms
[2023-04-22T00:46:11.094+0600][gc,marking  ] GC(2) Concurrent Preclean
[2023-04-22T00:46:11.094+0600][gc,marking  ] GC(2) Concurrent Preclean 0.011ms
[2023-04-22T00:46:11.094+0600][gc,start    ] GC(2) Pause Remark
[2023-04-22T00:46:11.095+0600][gc          ] GC(2) Pause Remark 9M->9M(1024M) 1.497ms
[2023-04-22T00:46:11.095+0600][gc,cpu      ] GC(2) User=0.00s Sys=0.00s Real=0.00s
[2023-04-22T00:46:11.095+0600][gc,marking  ] GC(2) Concurrent Mark 2.318ms
[2023-04-22T00:46:11.095+0600][gc,marking  ] GC(2) Concurrent Rebuild Remembered Sets
[2023-04-22T00:46:11.099+0600][gc,marking  ] GC(2) Concurrent Rebuild Remembered Sets 4.004ms
[2023-04-22T00:46:11.099+0600][gc,start    ] GC(2) Pause Cleanup
[2023-04-22T00:46:11.100+0600][gc          ] GC(2) Pause Cleanup 9M->9M(1024M) 0.120ms
[2023-04-22T00:46:11.100+0600][gc,cpu      ] GC(2) User=0.00s Sys=0.00s Real=0.01s
[2023-04-22T00:46:11.100+0600][gc,marking  ] GC(2) Concurrent Cleanup for Next Mark
[2023-04-22T00:46:11.107+0600][gc,marking  ] GC(2) Concurrent Cleanup for Next Mark 6.850ms
[2023-04-22T00:46:11.107+0600][gc          ] GC(2) Concurrent Mark Cycle 16.897ms
[2023-04-22T00:46:12.244+0600][gc,start    ] GC(3) Pause Young (Normal) (G1 Evacuation Pause)
[2023-04-22T00:46:12.244+0600][gc,task     ] GC(3) Using 4 workers of 4 for evacuation
[2023-04-22T00:46:12.249+0600][gc,phases   ] GC(3)   Pre Evacuate Collection Set: 0.1ms
[2023-04-22T00:46:12.249+0600][gc,phases   ] GC(3)   Merge Heap Roots: 0.0ms
[2023-04-22T00:46:12.249+0600][gc,phases   ] GC(3)   Evacuate Collection Set: 4.3ms
[2023-04-22T00:46:12.249+0600][gc,phases   ] GC(3)   Post Evacuate Collection Set: 0.3ms
[2023-04-22T00:46:12.249+0600][gc,phases   ] GC(3)   Other: 0.1ms
[2023-04-22T00:46:12.249+0600][gc,heap     ] GC(3) Eden regions: 50->0(45)
[2023-04-22T00:46:12.249+0600][gc,heap     ] GC(3) Survivor regions: 1->6(7)
[2023-04-22T00:46:12.249+0600][gc,heap     ] GC(3) Old regions: 8->8
[2023-04-22T00:46:12.249+0600][gc,heap     ] GC(3) Archive regions: 2->2
[2023-04-22T00:46:12.249+0600][gc,heap     ] GC(3) Humongous regions: 129->129
[2023-04-22T00:46:12.249+0600][gc,metaspace] GC(3) Metaspace: 31499K(31808K)->31499K(31808K) NonClass: 28022K(28160K)->28022K(28160K) Class: 3476K(3648K)->3476K(3648K)
[2023-04-22T00:46:12.249+0600][gc          ] GC(3) Pause Young (Normal) (G1 Evacuation Pause) 188M->142M(1024M) 5.037ms
[2023-04-22T00:46:12.249+0600][gc,cpu      ] GC(3) User=0.02s Sys=0.00s Real=0.00s
[2023-04-22T00:46:12.702+0600][gc,heap,exit] Heap
[2023-04-22T00:46:12.702+0600][gc,heap,exit]  garbage-first heap   total 1048576K, used 153284K [0x00000007c0000000, 0x0000000800000000)
[2023-04-22T00:46:12.702+0600][gc,heap,exit]   region size 1024K, 14 young (14336K), 6 survivors (6144K)
[2023-04-22T00:46:12.702+0600][gc,heap,exit]  Metaspace       used 32233K, committed 32576K, reserved 1114112K
[2023-04-22T00:46:12.702+0600][gc,heap,exit]   class space    used 3595K, committed 3776K, reserved 1048576K
