[2023-03-10T21:43:12.232+0600][gc,init] CardTable entry size: 512
[2023-03-10T21:43:12.232+0600][gc     ] Using G1
[2023-03-10T21:43:12.237+0600][gc,init] Version: 19.0.2+7-44 (release)
[2023-03-10T21:43:12.237+0600][gc,init] CPUs: 4 total, 4 available
[2023-03-10T21:43:12.237+0600][gc,init] Memory: 16384M
[2023-03-10T21:43:12.237+0600][gc,init] Large Page Support: Disabled
[2023-03-10T21:43:12.237+0600][gc,init] NUMA Support: Disabled
[2023-03-10T21:43:12.237+0600][gc,init] Compressed Oops: Enabled (Zero based)
[2023-03-10T21:43:12.237+0600][gc,init] Heap Region Size: 1M
[2023-03-10T21:43:12.237+0600][gc,init] Heap Min Capacity: 1G
[2023-03-10T21:43:12.237+0600][gc,init] Heap Initial Capacity: 1G
[2023-03-10T21:43:12.237+0600][gc,init] Heap Max Capacity: 1G
[2023-03-10T21:43:12.237+0600][gc,init] Pre-touch: Disabled
[2023-03-10T21:43:12.237+0600][gc,init] Parallel Workers: 4
[2023-03-10T21:43:12.237+0600][gc,init] Concurrent Workers: 1
[2023-03-10T21:43:12.237+0600][gc,init] Concurrent Refinement Workers: 4
[2023-03-10T21:43:12.237+0600][gc,init] Periodic GC: Disabled
[2023-03-10T21:43:12.237+0600][gc,metaspace] CDS archive(s) mapped at: [0x0000000800000000-0x0000000800c44000-0x0000000800c44000), size 12861440, SharedBaseAddress: 0x0000000800000000, ArchiveRelocationMode: 0.
[2023-03-10T21:43:12.237+0600][gc,metaspace] Compressed class space mapped at: 0x0000000801000000-0x0000000841000000, reserved size: 1073741824
[2023-03-10T21:43:12.237+0600][gc,metaspace] Narrow klass base: 0x0000000800000000, Narrow klass shift: 0, Narrow klass range: 0x100000000
[2023-03-10T21:43:13.636+0600][gc,start    ] GC(0) Pause Young (Normal) (G1 Evacuation Pause)
[2023-03-10T21:43:13.637+0600][gc,task     ] GC(0) Using 4 workers of 4 for evacuation
[2023-03-10T21:43:13.643+0600][gc,phases   ] GC(0)   Pre Evacuate Collection Set: 0.1ms
[2023-03-10T21:43:13.643+0600][gc,phases   ] GC(0)   Merge Heap Roots: 0.1ms
[2023-03-10T21:43:13.643+0600][gc,phases   ] GC(0)   Evacuate Collection Set: 5.6ms
[2023-03-10T21:43:13.643+0600][gc,phases   ] GC(0)   Post Evacuate Collection Set: 0.6ms
[2023-03-10T21:43:13.643+0600][gc,phases   ] GC(0)   Other: 0.3ms
[2023-03-10T21:43:13.643+0600][gc,heap     ] GC(0) Eden regions: 51->0(44)
[2023-03-10T21:43:13.643+0600][gc,heap     ] GC(0) Survivor regions: 0->7(7)
[2023-03-10T21:43:13.643+0600][gc,heap     ] GC(0) Old regions: 0->0
[2023-03-10T21:43:13.643+0600][gc,heap     ] GC(0) Archive regions: 2->2
[2023-03-10T21:43:13.643+0600][gc,heap     ] GC(0) Humongous regions: 0->0
[2023-03-10T21:43:13.643+0600][gc,metaspace] GC(0) Metaspace: 18471K(18688K)->18471K(18688K) NonClass: 16382K(16512K)->16382K(16512K) Class: 2089K(2176K)->2089K(2176K)
[2023-03-10T21:43:13.643+0600][gc          ] GC(0) Pause Young (Normal) (G1 Evacuation Pause) 51M->7M(1024M) 7.010ms
[2023-03-10T21:43:13.644+0600][gc,cpu      ] GC(0) User=0.02s Sys=0.01s Real=0.01s
[2023-03-10T21:43:13.861+0600][gc,start    ] GC(1) Pause Young (Concurrent Start) (Metadata GC Threshold)
[2023-03-10T21:43:13.861+0600][gc,task     ] GC(1) Using 4 workers of 4 for evacuation
[2023-03-10T21:43:13.868+0600][gc,phases   ] GC(1)   Pre Evacuate Collection Set: 0.1ms
[2023-03-10T21:43:13.868+0600][gc,phases   ] GC(1)   Merge Heap Roots: 0.0ms
[2023-03-10T21:43:13.868+0600][gc,phases   ] GC(1)   Evacuate Collection Set: 6.2ms
[2023-03-10T21:43:13.868+0600][gc,phases   ] GC(1)   Post Evacuate Collection Set: 0.4ms
[2023-03-10T21:43:13.868+0600][gc,phases   ] GC(1)   Other: 0.1ms
[2023-03-10T21:43:13.868+0600][gc,heap     ] GC(1) Eden regions: 11->0(50)
[2023-03-10T21:43:13.868+0600][gc,heap     ] GC(1) Survivor regions: 7->1(7)
[2023-03-10T21:43:13.868+0600][gc,heap     ] GC(1) Old regions: 0->8
[2023-03-10T21:43:13.868+0600][gc,heap     ] GC(1) Archive regions: 2->2
[2023-03-10T21:43:13.868+0600][gc,heap     ] GC(1) Humongous regions: 0->0
[2023-03-10T21:43:13.868+0600][gc,metaspace] GC(1) Metaspace: 21288K(21504K)->21288K(21504K) NonClass: 18852K(18944K)->18852K(18944K) Class: 2436K(2560K)->2436K(2560K)
[2023-03-10T21:43:13.868+0600][gc          ] GC(1) Pause Young (Concurrent Start) (Metadata GC Threshold) 18M->9M(1024M) 7.062ms
[2023-03-10T21:43:13.868+0600][gc,cpu      ] GC(1) User=0.02s Sys=0.00s Real=0.00s
[2023-03-10T21:43:13.868+0600][gc          ] GC(2) Concurrent Mark Cycle
[2023-03-10T21:43:13.868+0600][gc,marking  ] GC(2) Concurrent Clear Claimed Marks
[2023-03-10T21:43:13.868+0600][gc,marking  ] GC(2) Concurrent Clear Claimed Marks 0.018ms
[2023-03-10T21:43:13.868+0600][gc,marking  ] GC(2) Concurrent Scan Root Regions
[2023-03-10T21:43:13.872+0600][gc,marking  ] GC(2) Concurrent Scan Root Regions 4.430ms
[2023-03-10T21:43:13.873+0600][gc,marking  ] GC(2) Concurrent Mark
[2023-03-10T21:43:13.873+0600][gc,marking  ] GC(2) Concurrent Mark From Roots
[2023-03-10T21:43:13.873+0600][gc,task     ] GC(2) Using 1 workers of 1 for marking
[2023-03-10T21:43:13.873+0600][gc,marking  ] GC(2) Concurrent Mark From Roots 0.790ms
[2023-03-10T21:43:13.873+0600][gc,marking  ] GC(2) Concurrent Preclean
[2023-03-10T21:43:13.873+0600][gc,marking  ] GC(2) Concurrent Preclean 0.014ms
[2023-03-10T21:43:13.873+0600][gc,start    ] GC(2) Pause Remark
[2023-03-10T21:43:13.875+0600][gc          ] GC(2) Pause Remark 9M->9M(1024M) 1.549ms
[2023-03-10T21:43:13.875+0600][gc,cpu      ] GC(2) User=0.00s Sys=0.01s Real=0.00s
[2023-03-10T21:43:13.875+0600][gc,marking  ] GC(2) Concurrent Mark 2.569ms
[2023-03-10T21:43:13.875+0600][gc,marking  ] GC(2) Concurrent Rebuild Remembered Sets
[2023-03-10T21:43:13.879+0600][gc,marking  ] GC(2) Concurrent Rebuild Remembered Sets 3.437ms
[2023-03-10T21:43:13.879+0600][gc,start    ] GC(2) Pause Cleanup
[2023-03-10T21:43:13.879+0600][gc          ] GC(2) Pause Cleanup 10M->10M(1024M) 0.068ms
[2023-03-10T21:43:13.879+0600][gc,cpu      ] GC(2) User=0.00s Sys=0.00s Real=0.00s
[2023-03-10T21:43:13.879+0600][gc,marking  ] GC(2) Concurrent Cleanup for Next Mark
[2023-03-10T21:43:13.887+0600][gc,marking  ] GC(2) Concurrent Cleanup for Next Mark 7.776ms
[2023-03-10T21:43:13.887+0600][gc          ] GC(2) Concurrent Mark Cycle 18.843ms
[2023-03-10T21:43:15.427+0600][gc,start    ] GC(3) Pause Young (Normal) (G1 Evacuation Pause)
[2023-03-10T21:43:15.427+0600][gc,task     ] GC(3) Using 4 workers of 4 for evacuation
[2023-03-10T21:43:15.433+0600][gc,phases   ] GC(3)   Pre Evacuate Collection Set: 0.1ms
[2023-03-10T21:43:15.433+0600][gc,phases   ] GC(3)   Merge Heap Roots: 0.1ms
[2023-03-10T21:43:15.433+0600][gc,phases   ] GC(3)   Evacuate Collection Set: 4.9ms
[2023-03-10T21:43:15.433+0600][gc,phases   ] GC(3)   Post Evacuate Collection Set: 1.2ms
[2023-03-10T21:43:15.433+0600][gc,phases   ] GC(3)   Other: 0.1ms
[2023-03-10T21:43:15.433+0600][gc,heap     ] GC(3) Eden regions: 50->0(45)
[2023-03-10T21:43:15.433+0600][gc,heap     ] GC(3) Survivor regions: 1->6(7)
[2023-03-10T21:43:15.433+0600][gc,heap     ] GC(3) Old regions: 8->8
[2023-03-10T21:43:15.433+0600][gc,heap     ] GC(3) Archive regions: 2->2
[2023-03-10T21:43:15.433+0600][gc,heap     ] GC(3) Humongous regions: 129->129
[2023-03-10T21:43:15.433+0600][gc,metaspace] GC(3) Metaspace: 31447K(31744K)->31447K(31744K) NonClass: 28002K(28160K)->28002K(28160K) Class: 3445K(3584K)->3445K(3584K)
[2023-03-10T21:43:15.433+0600][gc          ] GC(3) Pause Young (Normal) (G1 Evacuation Pause) 188M->142M(1024M) 6.637ms
[2023-03-10T21:43:15.433+0600][gc,cpu      ] GC(3) User=0.02s Sys=0.01s Real=0.01s
[2023-03-10T21:43:15.914+0600][gc,heap,exit] Heap
[2023-03-10T21:43:15.914+0600][gc,heap,exit]  garbage-first heap   total 1048576K, used 154378K [0x00000007c0000000, 0x0000000800000000)
[2023-03-10T21:43:15.914+0600][gc,heap,exit]   region size 1024K, 15 young (15360K), 6 survivors (6144K)
[2023-03-10T21:43:15.914+0600][gc,heap,exit]  Metaspace       used 32374K, committed 32704K, reserved 1114112K
[2023-03-10T21:43:15.914+0600][gc,heap,exit]   class space    used 3611K, committed 3776K, reserved 1048576K
