[2023-03-10T02:03:23.197+0600][gc,init] CardTable entry size: 512
[2023-03-10T02:03:23.197+0600][gc     ] Using G1
[2023-03-10T02:03:23.202+0600][gc,init] Version: 19.0.2+7-44 (release)
[2023-03-10T02:03:23.202+0600][gc,init] CPUs: 4 total, 4 available
[2023-03-10T02:03:23.202+0600][gc,init] Memory: 16384M
[2023-03-10T02:03:23.202+0600][gc,init] Large Page Support: Disabled
[2023-03-10T02:03:23.202+0600][gc,init] NUMA Support: Disabled
[2023-03-10T02:03:23.202+0600][gc,init] Compressed Oops: Enabled (Zero based)
[2023-03-10T02:03:23.202+0600][gc,init] Heap Region Size: 1M
[2023-03-10T02:03:23.202+0600][gc,init] Heap Min Capacity: 1G
[2023-03-10T02:03:23.202+0600][gc,init] Heap Initial Capacity: 1G
[2023-03-10T02:03:23.202+0600][gc,init] Heap Max Capacity: 1G
[2023-03-10T02:03:23.202+0600][gc,init] Pre-touch: Disabled
[2023-03-10T02:03:23.202+0600][gc,init] Parallel Workers: 4
[2023-03-10T02:03:23.202+0600][gc,init] Concurrent Workers: 1
[2023-03-10T02:03:23.202+0600][gc,init] Concurrent Refinement Workers: 4
[2023-03-10T02:03:23.202+0600][gc,init] Periodic GC: Disabled
[2023-03-10T02:03:23.203+0600][gc,metaspace] CDS archive(s) mapped at: [0x0000000800000000-0x0000000800c44000-0x0000000800c44000), size 12861440, SharedBaseAddress: 0x0000000800000000, ArchiveRelocationMode: 0.
[2023-03-10T02:03:23.203+0600][gc,metaspace] Compressed class space mapped at: 0x0000000801000000-0x0000000841000000, reserved size: 1073741824
[2023-03-10T02:03:23.203+0600][gc,metaspace] Narrow klass base: 0x0000000800000000, Narrow klass shift: 0, Narrow klass range: 0x100000000
[2023-03-10T02:03:24.675+0600][gc,start    ] GC(0) Pause Young (Normal) (G1 Evacuation Pause)
[2023-03-10T02:03:24.675+0600][gc,task     ] GC(0) Using 4 workers of 4 for evacuation
[2023-03-10T02:03:24.682+0600][gc,phases   ] GC(0)   Pre Evacuate Collection Set: 0.1ms
[2023-03-10T02:03:24.682+0600][gc,phases   ] GC(0)   Merge Heap Roots: 0.1ms
[2023-03-10T02:03:24.682+0600][gc,phases   ] GC(0)   Evacuate Collection Set: 5.9ms
[2023-03-10T02:03:24.682+0600][gc,phases   ] GC(0)   Post Evacuate Collection Set: 0.6ms
[2023-03-10T02:03:24.682+0600][gc,phases   ] GC(0)   Other: 0.5ms
[2023-03-10T02:03:24.682+0600][gc,heap     ] GC(0) Eden regions: 51->0(44)
[2023-03-10T02:03:24.682+0600][gc,heap     ] GC(0) Survivor regions: 0->7(7)
[2023-03-10T02:03:24.682+0600][gc,heap     ] GC(0) Old regions: 0->0
[2023-03-10T02:03:24.682+0600][gc,heap     ] GC(0) Archive regions: 2->2
[2023-03-10T02:03:24.682+0600][gc,heap     ] GC(0) Humongous regions: 0->0
[2023-03-10T02:03:24.682+0600][gc,metaspace] GC(0) Metaspace: 18499K(18752K)->18499K(18752K) NonClass: 16412K(16576K)->16412K(16576K) Class: 2087K(2176K)->2087K(2176K)
[2023-03-10T02:03:24.682+0600][gc          ] GC(0) Pause Young (Normal) (G1 Evacuation Pause) 51M->7M(1024M) 7.538ms
[2023-03-10T02:03:24.682+0600][gc,cpu      ] GC(0) User=0.02s Sys=0.00s Real=0.01s
[2023-03-10T02:03:24.919+0600][gc,start    ] GC(1) Pause Young (Concurrent Start) (Metadata GC Threshold)
[2023-03-10T02:03:24.919+0600][gc,task     ] GC(1) Using 4 workers of 4 for evacuation
[2023-03-10T02:03:24.926+0600][gc,phases   ] GC(1)   Pre Evacuate Collection Set: 0.1ms
[2023-03-10T02:03:24.926+0600][gc,phases   ] GC(1)   Merge Heap Roots: 0.0ms
[2023-03-10T02:03:24.926+0600][gc,phases   ] GC(1)   Evacuate Collection Set: 6.3ms
[2023-03-10T02:03:24.926+0600][gc,phases   ] GC(1)   Post Evacuate Collection Set: 0.3ms
[2023-03-10T02:03:24.926+0600][gc,phases   ] GC(1)   Other: 0.1ms
[2023-03-10T02:03:24.926+0600][gc,heap     ] GC(1) Eden regions: 12->0(49)
[2023-03-10T02:03:24.926+0600][gc,heap     ] GC(1) Survivor regions: 7->2(7)
[2023-03-10T02:03:24.926+0600][gc,heap     ] GC(1) Old regions: 0->8
[2023-03-10T02:03:24.926+0600][gc,heap     ] GC(1) Archive regions: 2->2
[2023-03-10T02:03:24.926+0600][gc,heap     ] GC(1) Humongous regions: 0->0
[2023-03-10T02:03:24.926+0600][gc,metaspace] GC(1) Metaspace: 21295K(21504K)->21295K(21504K) NonClass: 18863K(18944K)->18863K(18944K) Class: 2432K(2560K)->2432K(2560K)
[2023-03-10T02:03:24.926+0600][gc          ] GC(1) Pause Young (Concurrent Start) (Metadata GC Threshold) 19M->9M(1024M) 7.096ms
[2023-03-10T02:03:24.926+0600][gc          ] GC(2) Concurrent Mark Cycle
[2023-03-10T02:03:24.926+0600][gc,cpu      ] GC(1) User=0.01s Sys=0.01s Real=0.01s
[2023-03-10T02:03:24.926+0600][gc,marking  ] GC(2) Concurrent Clear Claimed Marks
[2023-03-10T02:03:24.926+0600][gc,marking  ] GC(2) Concurrent Clear Claimed Marks 0.061ms
[2023-03-10T02:03:24.926+0600][gc,marking  ] GC(2) Concurrent Scan Root Regions
[2023-03-10T02:03:24.930+0600][gc,marking  ] GC(2) Concurrent Scan Root Regions 3.930ms
[2023-03-10T02:03:24.930+0600][gc,marking  ] GC(2) Concurrent Mark
[2023-03-10T02:03:24.930+0600][gc,marking  ] GC(2) Concurrent Mark From Roots
[2023-03-10T02:03:24.930+0600][gc,task     ] GC(2) Using 1 workers of 1 for marking
[2023-03-10T02:03:24.931+0600][gc,marking  ] GC(2) Concurrent Mark From Roots 0.642ms
[2023-03-10T02:03:24.931+0600][gc,marking  ] GC(2) Concurrent Preclean
[2023-03-10T02:03:24.931+0600][gc,marking  ] GC(2) Concurrent Preclean 0.012ms
[2023-03-10T02:03:24.931+0600][gc,start    ] GC(2) Pause Remark
[2023-03-10T02:03:24.932+0600][gc          ] GC(2) Pause Remark 10M->10M(1024M) 1.454ms
[2023-03-10T02:03:24.932+0600][gc,cpu      ] GC(2) User=0.01s Sys=0.00s Real=0.00s
[2023-03-10T02:03:24.932+0600][gc,marking  ] GC(2) Concurrent Mark 2.494ms
[2023-03-10T02:03:24.932+0600][gc,marking  ] GC(2) Concurrent Rebuild Remembered Sets
[2023-03-10T02:03:24.936+0600][gc,marking  ] GC(2) Concurrent Rebuild Remembered Sets 3.390ms
[2023-03-10T02:03:24.936+0600][gc,start    ] GC(2) Pause Cleanup
[2023-03-10T02:03:24.936+0600][gc          ] GC(2) Pause Cleanup 10M->10M(1024M) 0.103ms
[2023-03-10T02:03:24.936+0600][gc,cpu      ] GC(2) User=0.00s Sys=0.00s Real=0.00s
[2023-03-10T02:03:24.936+0600][gc,marking  ] GC(2) Concurrent Cleanup for Next Mark
[2023-03-10T02:03:24.942+0600][gc,marking  ] GC(2) Concurrent Cleanup for Next Mark 6.017ms
[2023-03-10T02:03:24.942+0600][gc          ] GC(2) Concurrent Mark Cycle 16.379ms
[2023-03-10T02:03:25.976+0600][gc,start    ] GC(3) Pause Young (Normal) (G1 Evacuation Pause)
[2023-03-10T02:03:25.977+0600][gc,task     ] GC(3) Using 4 workers of 4 for evacuation
[2023-03-10T02:03:25.983+0600][gc,phases   ] GC(3)   Pre Evacuate Collection Set: 0.5ms
[2023-03-10T02:03:25.985+0600][gc,phases   ] GC(3)   Merge Heap Roots: 0.3ms
[2023-03-10T02:03:25.985+0600][gc,phases   ] GC(3)   Evacuate Collection Set: 4.9ms
[2023-03-10T02:03:25.985+0600][gc,phases   ] GC(3)   Post Evacuate Collection Set: 0.7ms
[2023-03-10T02:03:25.985+0600][gc,phases   ] GC(3)   Other: 0.1ms
[2023-03-10T02:03:25.985+0600][gc,heap     ] GC(3) Eden regions: 49->0(45)
[2023-03-10T02:03:25.985+0600][gc,heap     ] GC(3) Survivor regions: 2->6(7)
[2023-03-10T02:03:25.985+0600][gc,heap     ] GC(3) Old regions: 8->8
[2023-03-10T02:03:25.986+0600][gc,heap     ] GC(3) Archive regions: 2->2
[2023-03-10T02:03:25.986+0600][gc,heap     ] GC(3) Humongous regions: 129->129
[2023-03-10T02:03:25.986+0600][gc,metaspace] GC(3) Metaspace: 32004K(32320K)->32004K(32320K) NonClass: 28585K(28736K)->28585K(28736K) Class: 3418K(3584K)->3418K(3584K)
[2023-03-10T02:03:25.986+0600][gc          ] GC(3) Pause Young (Normal) (G1 Evacuation Pause) 187M->143M(1024M) 9.889ms
[2023-03-10T02:03:25.986+0600][gc,cpu      ] GC(3) User=0.02s Sys=0.00s Real=0.01s
[2023-03-10T02:03:26.151+0600][gc,start    ] GC(4) Pause Young (Concurrent Start) (Metadata GC Threshold)
[2023-03-10T02:03:26.151+0600][gc,task     ] GC(4) Using 4 workers of 4 for evacuation
[2023-03-10T02:03:26.160+0600][gc,phases   ] GC(4)   Pre Evacuate Collection Set: 0.1ms
[2023-03-10T02:03:26.160+0600][gc,phases   ] GC(4)   Merge Heap Roots: 0.0ms
[2023-03-10T02:03:26.160+0600][gc,phases   ] GC(4)   Evacuate Collection Set: 7.8ms
[2023-03-10T02:03:26.160+0600][gc,phases   ] GC(4)   Post Evacuate Collection Set: 0.4ms
[2023-03-10T02:03:26.160+0600][gc,phases   ] GC(4)   Other: 0.1ms
[2023-03-10T02:03:26.160+0600][gc,heap     ] GC(4) Eden regions: 15->0(49)
[2023-03-10T02:03:26.160+0600][gc,heap     ] GC(4) Survivor regions: 6->2(7)
[2023-03-10T02:03:26.160+0600][gc,heap     ] GC(4) Old regions: 8->14
[2023-03-10T02:03:26.160+0600][gc,heap     ] GC(4) Archive regions: 2->2
[2023-03-10T02:03:26.160+0600][gc,heap     ] GC(4) Humongous regions: 129->129
[2023-03-10T02:03:26.160+0600][gc,metaspace] GC(4) Metaspace: 35766K(36096K)->35766K(36096K) NonClass: 31914K(32128K)->31914K(32128K) Class: 3852K(3968K)->3852K(3968K)
[2023-03-10T02:03:26.160+0600][gc          ] GC(4) Pause Young (Concurrent Start) (Metadata GC Threshold) 158M->144M(1024M) 8.733ms
[2023-03-10T02:03:26.160+0600][gc          ] GC(5) Concurrent Mark Cycle
[2023-03-10T02:03:26.160+0600][gc,cpu      ] GC(4) User=0.02s Sys=0.01s Real=0.01s
[2023-03-10T02:03:26.160+0600][gc,marking  ] GC(5) Concurrent Clear Claimed Marks
[2023-03-10T02:03:26.160+0600][gc,marking  ] GC(5) Concurrent Clear Claimed Marks 0.065ms
[2023-03-10T02:03:26.160+0600][gc,marking  ] GC(5) Concurrent Scan Root Regions
[2023-03-10T02:03:26.168+0600][gc,marking  ] GC(5) Concurrent Scan Root Regions 8.259ms
[2023-03-10T02:03:26.169+0600][gc,marking  ] GC(5) Concurrent Mark
[2023-03-10T02:03:26.169+0600][gc,marking  ] GC(5) Concurrent Mark From Roots
[2023-03-10T02:03:26.169+0600][gc,task     ] GC(5) Using 1 workers of 1 for marking
[2023-03-10T02:03:26.182+0600][gc,marking  ] GC(5) Concurrent Mark From Roots 13.427ms
[2023-03-10T02:03:26.182+0600][gc,marking  ] GC(5) Concurrent Preclean
[2023-03-10T02:03:26.182+0600][gc,marking  ] GC(5) Concurrent Preclean 0.054ms
[2023-03-10T02:03:26.183+0600][gc,start    ] GC(5) Pause Remark
[2023-03-10T02:03:26.185+0600][gc          ] GC(5) Pause Remark 145M->145M(1024M) 1.586ms
[2023-03-10T02:03:26.185+0600][gc,cpu      ] GC(5) User=0.00s Sys=0.00s Real=0.00s
[2023-03-10T02:03:26.192+0600][gc,marking  ] GC(5) Concurrent Mark 23.295ms
[2023-03-10T02:03:26.192+0600][gc,marking  ] GC(5) Concurrent Rebuild Remembered Sets
[2023-03-10T02:03:26.204+0600][gc,marking  ] GC(5) Concurrent Rebuild Remembered Sets 12.020ms
[2023-03-10T02:03:26.204+0600][gc,start    ] GC(5) Pause Cleanup
[2023-03-10T02:03:26.204+0600][gc          ] GC(5) Pause Cleanup 147M->147M(1024M) 0.101ms
[2023-03-10T02:03:26.204+0600][gc,cpu      ] GC(5) User=0.00s Sys=0.00s Real=0.00s
[2023-03-10T02:03:26.204+0600][gc,marking  ] GC(5) Concurrent Cleanup for Next Mark
[2023-03-10T02:03:26.212+0600][gc,marking  ] GC(5) Concurrent Cleanup for Next Mark 7.946ms
[2023-03-10T02:03:26.212+0600][gc          ] GC(5) Concurrent Mark Cycle 52.011ms
[2023-03-10T02:16:53.784+0600][gc,start    ] GC(6) Pause Young (Prepare Mixed) (G1 Evacuation Pause)
[2023-03-10T02:16:53.785+0600][gc,task     ] GC(6) Using 4 workers of 4 for evacuation
[2023-03-10T02:16:53.791+0600][gc,phases   ] GC(6)   Pre Evacuate Collection Set: 0.1ms
[2023-03-10T02:16:53.791+0600][gc,phases   ] GC(6)   Merge Heap Roots: 0.1ms
[2023-03-10T02:16:53.791+0600][gc,phases   ] GC(6)   Evacuate Collection Set: 4.5ms
[2023-03-10T02:16:53.791+0600][gc,phases   ] GC(6)   Post Evacuate Collection Set: 0.7ms
[2023-03-10T02:16:53.791+0600][gc,phases   ] GC(6)   Other: 0.2ms
[2023-03-10T02:16:53.791+0600][gc,heap     ] GC(6) Eden regions: 49->0(47)
[2023-03-10T02:16:53.791+0600][gc,heap     ] GC(6) Survivor regions: 2->4(7)
[2023-03-10T02:16:53.791+0600][gc,heap     ] GC(6) Old regions: 14->14
[2023-03-10T02:16:53.791+0600][gc,heap     ] GC(6) Archive regions: 2->2
[2023-03-10T02:16:53.791+0600][gc,heap     ] GC(6) Humongous regions: 129->129
[2023-03-10T02:16:53.791+0600][gc,metaspace] GC(6) Metaspace: 41270K(41920K)->41270K(41920K) NonClass: 36490K(36864K)->36490K(36864K) Class: 4779K(5056K)->4779K(5056K)
[2023-03-10T02:16:53.791+0600][gc          ] GC(6) Pause Young (Prepare Mixed) (G1 Evacuation Pause) 193M->146M(1024M) 7.487ms
[2023-03-10T02:16:53.791+0600][gc,cpu      ] GC(6) User=0.02s Sys=0.00s Real=0.01s
[2023-03-10T12:58:32.101+0600][gc,start    ] GC(7) Pause Young (Mixed) (G1 Evacuation Pause)
[2023-03-10T12:58:32.102+0600][gc,task     ] GC(7) Using 4 workers of 4 for evacuation
[2023-03-10T12:58:32.114+0600][gc,phases   ] GC(7)   Pre Evacuate Collection Set: 0.1ms
[2023-03-10T12:58:32.114+0600][gc,phases   ] GC(7)   Merge Heap Roots: 0.2ms
[2023-03-10T12:58:32.114+0600][gc,phases   ] GC(7)   Evacuate Collection Set: 10.4ms
[2023-03-10T12:58:32.114+0600][gc,phases   ] GC(7)   Post Evacuate Collection Set: 0.7ms
[2023-03-10T12:58:32.114+0600][gc,phases   ] GC(7)   Other: 0.1ms
[2023-03-10T12:58:32.114+0600][gc,heap     ] GC(7) Eden regions: 47->0(47)
[2023-03-10T12:58:32.114+0600][gc,heap     ] GC(7) Survivor regions: 4->4(7)
[2023-03-10T12:58:32.114+0600][gc,heap     ] GC(7) Old regions: 14->14
[2023-03-10T12:58:32.114+0600][gc,heap     ] GC(7) Archive regions: 2->2
[2023-03-10T12:58:32.114+0600][gc,heap     ] GC(7) Humongous regions: 129->129
[2023-03-10T12:58:32.114+0600][gc,metaspace] GC(7) Metaspace: 42268K(42944K)->42268K(42944K) NonClass: 37415K(37760K)->37415K(37760K) Class: 4852K(5184K)->4852K(5184K)
[2023-03-10T12:58:32.114+0600][gc          ] GC(7) Pause Young (Mixed) (G1 Evacuation Pause) 193M->146M(1024M) 13.531ms
[2023-03-10T12:58:32.114+0600][gc,cpu      ] GC(7) User=0.03s Sys=0.01s Real=0.01s
[2023-03-10T13:19:10.811+0600][gc,start    ] GC(8) Pause Young (Normal) (G1 Evacuation Pause)
[2023-03-10T13:19:10.811+0600][gc,task     ] GC(8) Using 4 workers of 4 for evacuation
[2023-03-10T13:19:10.821+0600][gc,phases   ] GC(8)   Pre Evacuate Collection Set: 0.1ms
[2023-03-10T13:19:10.821+0600][gc,phases   ] GC(8)   Merge Heap Roots: 0.0ms
[2023-03-10T13:19:10.821+0600][gc,phases   ] GC(8)   Evacuate Collection Set: 8.8ms
[2023-03-10T13:19:10.821+0600][gc,phases   ] GC(8)   Post Evacuate Collection Set: 0.7ms
[2023-03-10T13:19:10.821+0600][gc,phases   ] GC(8)   Other: 0.1ms
[2023-03-10T13:19:10.821+0600][gc,heap     ] GC(8) Eden regions: 47->0(46)
[2023-03-10T13:19:10.821+0600][gc,heap     ] GC(8) Survivor regions: 4->5(7)
[2023-03-10T13:19:10.821+0600][gc,heap     ] GC(8) Old regions: 14->14
[2023-03-10T13:19:10.821+0600][gc,heap     ] GC(8) Archive regions: 2->2
[2023-03-10T13:19:10.821+0600][gc,heap     ] GC(8) Humongous regions: 129->129
[2023-03-10T13:19:10.821+0600][gc,metaspace] GC(8) Metaspace: 42879K(43520K)->42879K(43520K) NonClass: 38010K(38336K)->38010K(38336K) Class: 4868K(5184K)->4868K(5184K)
[2023-03-10T13:19:10.821+0600][gc          ] GC(8) Pause Young (Normal) (G1 Evacuation Pause) 193M->147M(1024M) 10.324ms
[2023-03-10T13:19:10.821+0600][gc,cpu      ] GC(8) User=0.02s Sys=0.00s Real=0.01s
[2023-03-10T13:23:39.078+0600][gc,start    ] GC(9) Pause Young (Normal) (G1 Evacuation Pause)
[2023-03-10T13:23:39.078+0600][gc,task     ] GC(9) Using 4 workers of 4 for evacuation
[2023-03-10T13:23:39.085+0600][gc,phases   ] GC(9)   Pre Evacuate Collection Set: 0.1ms
[2023-03-10T13:23:39.085+0600][gc,phases   ] GC(9)   Merge Heap Roots: 0.0ms
[2023-03-10T13:23:39.085+0600][gc,phases   ] GC(9)   Evacuate Collection Set: 4.5ms
[2023-03-10T13:23:39.085+0600][gc,phases   ] GC(9)   Post Evacuate Collection Set: 1.7ms
[2023-03-10T13:23:39.085+0600][gc,phases   ] GC(9)   Other: 0.2ms
[2023-03-10T13:23:39.085+0600][gc,heap     ] GC(9) Eden regions: 46->0(46)
[2023-03-10T13:23:39.085+0600][gc,heap     ] GC(9) Survivor regions: 5->5(7)
[2023-03-10T13:23:39.085+0600][gc,heap     ] GC(9) Old regions: 14->14
[2023-03-10T13:23:39.085+0600][gc,heap     ] GC(9) Archive regions: 2->2
[2023-03-10T13:23:39.085+0600][gc,heap     ] GC(9) Humongous regions: 129->129
[2023-03-10T13:23:39.085+0600][gc,metaspace] GC(9) Metaspace: 43475K(44096K)->43475K(44096K) NonClass: 38449K(38784K)->38449K(38784K) Class: 5026K(5312K)->5026K(5312K)
[2023-03-10T13:23:39.085+0600][gc          ] GC(9) Pause Young (Normal) (G1 Evacuation Pause) 193M->148M(1024M) 7.013ms
[2023-03-10T13:23:39.085+0600][gc,cpu      ] GC(9) User=0.02s Sys=0.00s Real=0.01s
[2023-03-10T13:26:06.606+0600][gc,heap,exit] Heap
[2023-03-10T13:26:06.607+0600][gc,heap,exit]  garbage-first heap   total 1048576K, used 177802K [0x00000007c0000000, 0x0000000800000000)
[2023-03-10T13:26:06.607+0600][gc,heap,exit]   region size 1024K, 31 young (31744K), 5 survivors (5120K)
[2023-03-10T13:26:06.607+0600][gc,heap,exit]  Metaspace       used 44261K, committed 44928K, reserved 1114112K
[2023-03-10T13:26:06.607+0600][gc,heap,exit]   class space    used 5201K, committed 5504K, reserved 1048576K
