[2023-04-22T00:46:22.546+0600][gc,init] CardTable entry size: 512
[2023-04-22T00:46:22.546+0600][gc     ] Using G1
[2023-04-22T00:46:22.551+0600][gc,init] Version: 19.0.2+7-44 (release)
[2023-04-22T00:46:22.551+0600][gc,init] CPUs: 4 total, 4 available
[2023-04-22T00:46:22.551+0600][gc,init] Memory: 16384M
[2023-04-22T00:46:22.551+0600][gc,init] Large Page Support: Disabled
[2023-04-22T00:46:22.551+0600][gc,init] NUMA Support: Disabled
[2023-04-22T00:46:22.551+0600][gc,init] Compressed Oops: Enabled (Zero based)
[2023-04-22T00:46:22.551+0600][gc,init] Heap Region Size: 1M
[2023-04-22T00:46:22.551+0600][gc,init] Heap Min Capacity: 1G
[2023-04-22T00:46:22.551+0600][gc,init] Heap Initial Capacity: 1G
[2023-04-22T00:46:22.551+0600][gc,init] Heap Max Capacity: 1G
[2023-04-22T00:46:22.551+0600][gc,init] Pre-touch: Disabled
[2023-04-22T00:46:22.551+0600][gc,init] Parallel Workers: 4
[2023-04-22T00:46:22.551+0600][gc,init] Concurrent Workers: 1
[2023-04-22T00:46:22.551+0600][gc,init] Concurrent Refinement Workers: 4
[2023-04-22T00:46:22.551+0600][gc,init] Periodic GC: Disabled
[2023-04-22T00:46:22.551+0600][gc,metaspace] CDS archive(s) mapped at: [0x0000000800000000-0x0000000800c44000-0x0000000800c44000), size 12861440, SharedBaseAddress: 0x0000000800000000, ArchiveRelocationMode: 0.
[2023-04-22T00:46:22.551+0600][gc,metaspace] Compressed class space mapped at: 0x0000000801000000-0x0000000841000000, reserved size: 1073741824
[2023-04-22T00:46:22.551+0600][gc,metaspace] Narrow klass base: 0x0000000800000000, Narrow klass shift: 0, Narrow klass range: 0x100000000
[2023-04-22T00:46:23.515+0600][gc,start    ] GC(0) Pause Young (Normal) (G1 Evacuation Pause)
[2023-04-22T00:46:23.515+0600][gc,task     ] GC(0) Using 4 workers of 4 for evacuation
[2023-04-22T00:46:23.522+0600][gc,phases   ] GC(0)   Pre Evacuate Collection Set: 0.1ms
[2023-04-22T00:46:23.522+0600][gc,phases   ] GC(0)   Merge Heap Roots: 0.1ms
[2023-04-22T00:46:23.522+0600][gc,phases   ] GC(0)   Evacuate Collection Set: 5.9ms
[2023-04-22T00:46:23.522+0600][gc,phases   ] GC(0)   Post Evacuate Collection Set: 0.7ms
[2023-04-22T00:46:23.522+0600][gc,phases   ] GC(0)   Other: 0.4ms
[2023-04-22T00:46:23.522+0600][gc,heap     ] GC(0) Eden regions: 51->0(44)
[2023-04-22T00:46:23.522+0600][gc,heap     ] GC(0) Survivor regions: 0->7(7)
[2023-04-22T00:46:23.522+0600][gc,heap     ] GC(0) Old regions: 0->1
[2023-04-22T00:46:23.522+0600][gc,heap     ] GC(0) Archive regions: 2->2
[2023-04-22T00:46:23.522+0600][gc,heap     ] GC(0) Humongous regions: 0->0
[2023-04-22T00:46:23.522+0600][gc,metaspace] GC(0) Metaspace: 18372K(18560K)->18372K(18560K) NonClass: 16301K(16384K)->16301K(16384K) Class: 2070K(2176K)->2070K(2176K)
[2023-04-22T00:46:23.522+0600][gc          ] GC(0) Pause Young (Normal) (G1 Evacuation Pause) 51M->8M(1024M) 7.489ms
[2023-04-22T00:46:23.522+0600][gc,cpu      ] GC(0) User=0.01s Sys=0.01s Real=0.01s
[2023-04-22T00:46:23.670+0600][gc,start    ] GC(1) Pause Young (Concurrent Start) (Metadata GC Threshold)
[2023-04-22T00:46:23.670+0600][gc,task     ] GC(1) Using 4 workers of 4 for evacuation
[2023-04-22T00:46:23.675+0600][gc,phases   ] GC(1)   Pre Evacuate Collection Set: 0.1ms
[2023-04-22T00:46:23.675+0600][gc,phases   ] GC(1)   Merge Heap Roots: 0.0ms
[2023-04-22T00:46:23.676+0600][gc,phases   ] GC(1)   Evacuate Collection Set: 4.8ms
[2023-04-22T00:46:23.676+0600][gc,phases   ] GC(1)   Post Evacuate Collection Set: 0.4ms
[2023-04-22T00:46:23.676+0600][gc,phases   ] GC(1)   Other: 0.1ms
[2023-04-22T00:46:23.676+0600][gc,heap     ] GC(1) Eden regions: 12->0(50)
[2023-04-22T00:46:23.676+0600][gc,heap     ] GC(1) Survivor regions: 7->1(7)
[2023-04-22T00:46:23.676+0600][gc,heap     ] GC(1) Old regions: 1->7
[2023-04-22T00:46:23.676+0600][gc,heap     ] GC(1) Archive regions: 2->2
[2023-04-22T00:46:23.676+0600][gc,heap     ] GC(1) Humongous regions: 0->0
[2023-04-22T00:46:23.676+0600][gc,metaspace] GC(1) Metaspace: 21268K(21504K)->21268K(21504K) NonClass: 18839K(18944K)->18839K(18944K) Class: 2429K(2560K)->2429K(2560K)
[2023-04-22T00:46:23.676+0600][gc          ] GC(1) Pause Young (Concurrent Start) (Metadata GC Threshold) 19M->8M(1024M) 5.649ms
[2023-04-22T00:46:23.676+0600][gc,cpu      ] GC(1) User=0.02s Sys=0.00s Real=0.00s
[2023-04-22T00:46:23.676+0600][gc          ] GC(2) Concurrent Mark Cycle
[2023-04-22T00:46:23.676+0600][gc,marking  ] GC(2) Concurrent Clear Claimed Marks
[2023-04-22T00:46:23.676+0600][gc,marking  ] GC(2) Concurrent Clear Claimed Marks 0.016ms
[2023-04-22T00:46:23.676+0600][gc,marking  ] GC(2) Concurrent Scan Root Regions
[2023-04-22T00:46:23.679+0600][gc,marking  ] GC(2) Concurrent Scan Root Regions 3.087ms
[2023-04-22T00:46:23.679+0600][gc,marking  ] GC(2) Concurrent Mark
[2023-04-22T00:46:23.679+0600][gc,marking  ] GC(2) Concurrent Mark From Roots
[2023-04-22T00:46:23.679+0600][gc,task     ] GC(2) Using 1 workers of 1 for marking
[2023-04-22T00:46:23.680+0600][gc,marking  ] GC(2) Concurrent Mark From Roots 0.847ms
[2023-04-22T00:46:23.680+0600][gc,marking  ] GC(2) Concurrent Preclean
[2023-04-22T00:46:23.680+0600][gc,marking  ] GC(2) Concurrent Preclean 0.014ms
[2023-04-22T00:46:23.680+0600][gc,start    ] GC(2) Pause Remark
[2023-04-22T00:46:23.681+0600][gc          ] GC(2) Pause Remark 9M->9M(1024M) 1.396ms
[2023-04-22T00:46:23.681+0600][gc,cpu      ] GC(2) User=0.00s Sys=0.00s Real=0.00s
[2023-04-22T00:46:23.681+0600][gc,marking  ] GC(2) Concurrent Mark 2.488ms
[2023-04-22T00:46:23.681+0600][gc,marking  ] GC(2) Concurrent Rebuild Remembered Sets
[2023-04-22T00:46:23.681+0600][gc,marking  ] GC(2) Concurrent Rebuild Remembered Sets 0.007ms
[2023-04-22T00:46:23.681+0600][gc,start    ] GC(2) Pause Cleanup
[2023-04-22T00:46:23.681+0600][gc          ] GC(2) Pause Cleanup 9M->9M(1024M) 0.023ms
[2023-04-22T00:46:23.682+0600][gc,cpu      ] GC(2) User=0.00s Sys=0.00s Real=0.00s
[2023-04-22T00:46:23.682+0600][gc,marking  ] GC(2) Concurrent Cleanup for Next Mark
[2023-04-22T00:46:23.689+0600][gc,marking  ] GC(2) Concurrent Cleanup for Next Mark 7.341ms
[2023-04-22T00:46:23.689+0600][gc          ] GC(2) Concurrent Mark Cycle 13.233ms
[2023-04-22T00:46:24.452+0600][gc,start    ] GC(3) Pause Young (Normal) (G1 Evacuation Pause)
[2023-04-22T00:46:24.453+0600][gc,task     ] GC(3) Using 4 workers of 4 for evacuation
[2023-04-22T00:46:24.458+0600][gc,phases   ] GC(3)   Pre Evacuate Collection Set: 0.1ms
[2023-04-22T00:46:24.458+0600][gc,phases   ] GC(3)   Merge Heap Roots: 0.1ms
[2023-04-22T00:46:24.458+0600][gc,phases   ] GC(3)   Evacuate Collection Set: 4.2ms
[2023-04-22T00:46:24.458+0600][gc,phases   ] GC(3)   Post Evacuate Collection Set: 0.5ms
[2023-04-22T00:46:24.458+0600][gc,phases   ] GC(3)   Other: 0.1ms
[2023-04-22T00:46:24.458+0600][gc,heap     ] GC(3) Eden regions: 50->0(45)
[2023-04-22T00:46:24.458+0600][gc,heap     ] GC(3) Survivor regions: 1->6(7)
[2023-04-22T00:46:24.458+0600][gc,heap     ] GC(3) Old regions: 7->7
[2023-04-22T00:46:24.458+0600][gc,heap     ] GC(3) Archive regions: 2->2
[2023-04-22T00:46:24.458+0600][gc,heap     ] GC(3) Humongous regions: 129->129
[2023-04-22T00:46:24.458+0600][gc,metaspace] GC(3) Metaspace: 32127K(32512K)->32127K(32512K) NonClass: 28652K(28864K)->28652K(28864K) Class: 3474K(3648K)->3474K(3648K)
[2023-04-22T00:46:24.458+0600][gc          ] GC(3) Pause Young (Normal) (G1 Evacuation Pause) 187M->142M(1024M) 5.241ms
[2023-04-22T00:46:24.458+0600][gc,cpu      ] GC(3) User=0.02s Sys=0.00s Real=0.00s
[2023-04-22T00:46:24.636+0600][gc,start    ] GC(4) Pause Young (Concurrent Start) (Metadata GC Threshold)
[2023-04-22T00:46:24.636+0600][gc,task     ] GC(4) Using 4 workers of 4 for evacuation
[2023-04-22T00:46:24.644+0600][gc,phases   ] GC(4)   Pre Evacuate Collection Set: 0.1ms
[2023-04-22T00:46:24.644+0600][gc,phases   ] GC(4)   Merge Heap Roots: 0.0ms
[2023-04-22T00:46:24.644+0600][gc,phases   ] GC(4)   Evacuate Collection Set: 6.8ms
[2023-04-22T00:46:24.644+0600][gc,phases   ] GC(4)   Post Evacuate Collection Set: 0.3ms
[2023-04-22T00:46:24.644+0600][gc,phases   ] GC(4)   Other: 0.1ms
[2023-04-22T00:46:24.644+0600][gc,heap     ] GC(4) Eden regions: 17->0(49)
[2023-04-22T00:46:24.644+0600][gc,heap     ] GC(4) Survivor regions: 6->2(7)
[2023-04-22T00:46:24.644+0600][gc,heap     ] GC(4) Old regions: 7->13
[2023-04-22T00:46:24.644+0600][gc,heap     ] GC(4) Archive regions: 2->2
[2023-04-22T00:46:24.644+0600][gc,heap     ] GC(4) Humongous regions: 129->129
[2023-04-22T00:46:24.644+0600][gc,metaspace] GC(4) Metaspace: 35783K(36096K)->35783K(36096K) NonClass: 31929K(32128K)->31929K(32128K) Class: 3854K(3968K)->3854K(3968K)
[2023-04-22T00:46:24.644+0600][gc          ] GC(4) Pause Young (Concurrent Start) (Metadata GC Threshold) 159M->143M(1024M) 7.576ms
[2023-04-22T00:46:24.644+0600][gc          ] GC(5) Concurrent Mark Cycle
[2023-04-22T00:46:24.644+0600][gc,cpu      ] GC(4) User=0.03s Sys=0.00s Real=0.01s
[2023-04-22T00:46:24.644+0600][gc,marking  ] GC(5) Concurrent Clear Claimed Marks
[2023-04-22T00:46:24.644+0600][gc,marking  ] GC(5) Concurrent Clear Claimed Marks 0.044ms
[2023-04-22T00:46:24.644+0600][gc,marking  ] GC(5) Concurrent Scan Root Regions
[2023-04-22T00:46:24.651+0600][gc,marking  ] GC(5) Concurrent Scan Root Regions 6.786ms
[2023-04-22T00:46:24.651+0600][gc,marking  ] GC(5) Concurrent Mark
[2023-04-22T00:46:24.651+0600][gc,marking  ] GC(5) Concurrent Mark From Roots
[2023-04-22T00:46:24.651+0600][gc,task     ] GC(5) Using 1 workers of 1 for marking
[2023-04-22T00:46:24.662+0600][gc,marking  ] GC(5) Concurrent Mark From Roots 11.253ms
[2023-04-22T00:46:24.662+0600][gc,marking  ] GC(5) Concurrent Preclean
[2023-04-22T00:46:24.662+0600][gc,marking  ] GC(5) Concurrent Preclean 0.051ms
[2023-04-22T00:46:24.662+0600][gc,start    ] GC(5) Pause Remark
[2023-04-22T00:46:24.664+0600][gc          ] GC(5) Pause Remark 146M->146M(1024M) 1.423ms
[2023-04-22T00:46:24.664+0600][gc,cpu      ] GC(5) User=0.00s Sys=0.00s Real=0.00s
[2023-04-22T00:46:24.664+0600][gc,marking  ] GC(5) Concurrent Mark 12.969ms
[2023-04-22T00:46:24.664+0600][gc,marking  ] GC(5) Concurrent Rebuild Remembered Sets
[2023-04-22T00:46:24.675+0600][gc,marking  ] GC(5) Concurrent Rebuild Remembered Sets 11.046ms
[2023-04-22T00:46:24.675+0600][gc,start    ] GC(5) Pause Cleanup
[2023-04-22T00:46:24.675+0600][gc          ] GC(5) Pause Cleanup 146M->146M(1024M) 0.091ms
[2023-04-22T00:46:24.675+0600][gc,cpu      ] GC(5) User=0.00s Sys=0.00s Real=0.00s
[2023-04-22T00:46:24.677+0600][gc,marking  ] GC(5) Concurrent Cleanup for Next Mark
[2023-04-22T00:46:24.684+0600][gc,marking  ] GC(5) Concurrent Cleanup for Next Mark 7.372ms
[2023-04-22T00:46:24.684+0600][gc          ] GC(5) Concurrent Mark Cycle 40.492ms
[2023-04-22T00:56:39.280+0600][gc,heap,exit] Heap
[2023-04-22T00:56:39.280+0600][gc,heap,exit]  garbage-first heap   total 1048576K, used 190758K [0x00000007c0000000, 0x0000000800000000)
[2023-04-22T00:56:39.281+0600][gc,heap,exit]   region size 1024K, 39 young (39936K), 2 survivors (2048K)
[2023-04-22T00:56:39.281+0600][gc,heap,exit]  Metaspace       used 39261K, committed 39808K, reserved 1114112K
[2023-04-22T00:56:39.281+0600][gc,heap,exit]   class space    used 4395K, committed 4672K, reserved 1048576K
