[2023-03-11T09:57:44.688+0600][gc,init] CardTable entry size: 512
[2023-03-11T09:57:44.688+0600][gc     ] Using G1
[2023-03-11T09:57:44.693+0600][gc,init] Version: 19.0.2+7-44 (release)
[2023-03-11T09:57:44.693+0600][gc,init] CPUs: 4 total, 4 available
[2023-03-11T09:57:44.693+0600][gc,init] Memory: 16384M
[2023-03-11T09:57:44.693+0600][gc,init] Large Page Support: Disabled
[2023-03-11T09:57:44.693+0600][gc,init] NUMA Support: Disabled
[2023-03-11T09:57:44.693+0600][gc,init] Compressed Oops: Enabled (Zero based)
[2023-03-11T09:57:44.693+0600][gc,init] Heap Region Size: 1M
[2023-03-11T09:57:44.693+0600][gc,init] Heap Min Capacity: 1G
[2023-03-11T09:57:44.693+0600][gc,init] Heap Initial Capacity: 1G
[2023-03-11T09:57:44.693+0600][gc,init] Heap Max Capacity: 1G
[2023-03-11T09:57:44.693+0600][gc,init] Pre-touch: Disabled
[2023-03-11T09:57:44.693+0600][gc,init] Parallel Workers: 4
[2023-03-11T09:57:44.693+0600][gc,init] Concurrent Workers: 1
[2023-03-11T09:57:44.693+0600][gc,init] Concurrent Refinement Workers: 4
[2023-03-11T09:57:44.693+0600][gc,init] Periodic GC: Disabled
[2023-03-11T09:57:44.693+0600][gc,metaspace] CDS archive(s) mapped at: [0x0000000800000000-0x0000000800c44000-0x0000000800c44000), size 12861440, SharedBaseAddress: 0x0000000800000000, ArchiveRelocationMode: 0.
[2023-03-11T09:57:44.693+0600][gc,metaspace] Compressed class space mapped at: 0x0000000801000000-0x0000000841000000, reserved size: 1073741824
[2023-03-11T09:57:44.693+0600][gc,metaspace] Narrow klass base: 0x0000000800000000, Narrow klass shift: 0, Narrow klass range: 0x100000000
[2023-03-11T09:57:46.228+0600][gc,start    ] GC(0) Pause Young (Normal) (G1 Evacuation Pause)
[2023-03-11T09:57:46.229+0600][gc,task     ] GC(0) Using 4 workers of 4 for evacuation
[2023-03-11T09:57:46.235+0600][gc,phases   ] GC(0)   Pre Evacuate Collection Set: 0.1ms
[2023-03-11T09:57:46.235+0600][gc,phases   ] GC(0)   Merge Heap Roots: 0.1ms
[2023-03-11T09:57:46.235+0600][gc,phases   ] GC(0)   Evacuate Collection Set: 5.3ms
[2023-03-11T09:57:46.235+0600][gc,phases   ] GC(0)   Post Evacuate Collection Set: 0.6ms
[2023-03-11T09:57:46.235+0600][gc,phases   ] GC(0)   Other: 0.4ms
[2023-03-11T09:57:46.235+0600][gc,heap     ] GC(0) Eden regions: 51->0(44)
[2023-03-11T09:57:46.235+0600][gc,heap     ] GC(0) Survivor regions: 0->7(7)
[2023-03-11T09:57:46.235+0600][gc,heap     ] GC(0) Old regions: 0->1
[2023-03-11T09:57:46.235+0600][gc,heap     ] GC(0) Archive regions: 2->2
[2023-03-11T09:57:46.235+0600][gc,heap     ] GC(0) Humongous regions: 0->0
[2023-03-11T09:57:46.235+0600][gc,metaspace] GC(0) Metaspace: 18485K(18688K)->18485K(18688K) NonClass: 16399K(16512K)->16399K(16512K) Class: 2086K(2176K)->2086K(2176K)
[2023-03-11T09:57:46.235+0600][gc          ] GC(0) Pause Young (Normal) (G1 Evacuation Pause) 51M->7M(1024M) 6.778ms
[2023-03-11T09:57:46.235+0600][gc,cpu      ] GC(0) User=0.02s Sys=0.00s Real=0.01s
[2023-03-11T09:57:46.501+0600][gc,start    ] GC(1) Pause Young (Concurrent Start) (Metadata GC Threshold)
[2023-03-11T09:57:46.501+0600][gc,task     ] GC(1) Using 4 workers of 4 for evacuation
[2023-03-11T09:57:46.508+0600][gc,phases   ] GC(1)   Pre Evacuate Collection Set: 0.1ms
[2023-03-11T09:57:46.508+0600][gc,phases   ] GC(1)   Merge Heap Roots: 0.0ms
[2023-03-11T09:57:46.508+0600][gc,phases   ] GC(1)   Evacuate Collection Set: 6.4ms
[2023-03-11T09:57:46.508+0600][gc,phases   ] GC(1)   Post Evacuate Collection Set: 0.5ms
[2023-03-11T09:57:46.508+0600][gc,phases   ] GC(1)   Other: 0.1ms
[2023-03-11T09:57:46.508+0600][gc,heap     ] GC(1) Eden regions: 11->0(50)
[2023-03-11T09:57:46.508+0600][gc,heap     ] GC(1) Survivor regions: 7->1(7)
[2023-03-11T09:57:46.508+0600][gc,heap     ] GC(1) Old regions: 1->7
[2023-03-11T09:57:46.508+0600][gc,heap     ] GC(1) Archive regions: 2->2
[2023-03-11T09:57:46.508+0600][gc,heap     ] GC(1) Humongous regions: 0->0
[2023-03-11T09:57:46.508+0600][gc,metaspace] GC(1) Metaspace: 21316K(21504K)->21316K(21504K) NonClass: 18882K(19008K)->18882K(19008K) Class: 2433K(2496K)->2433K(2496K)
[2023-03-11T09:57:46.508+0600][gc          ] GC(1) Pause Young (Concurrent Start) (Metadata GC Threshold) 18M->8M(1024M) 7.330ms
[2023-03-11T09:57:46.508+0600][gc,cpu      ] GC(1) User=0.02s Sys=0.00s Real=0.00s
[2023-03-11T09:57:46.508+0600][gc          ] GC(2) Concurrent Mark Cycle
[2023-03-11T09:57:46.508+0600][gc,marking  ] GC(2) Concurrent Clear Claimed Marks
[2023-03-11T09:57:46.508+0600][gc,marking  ] GC(2) Concurrent Clear Claimed Marks 0.017ms
[2023-03-11T09:57:46.508+0600][gc,marking  ] GC(2) Concurrent Scan Root Regions
[2023-03-11T09:57:46.512+0600][gc,marking  ] GC(2) Concurrent Scan Root Regions 3.493ms
[2023-03-11T09:57:46.512+0600][gc,marking  ] GC(2) Concurrent Mark
[2023-03-11T09:57:46.512+0600][gc,marking  ] GC(2) Concurrent Mark From Roots
[2023-03-11T09:57:46.512+0600][gc,task     ] GC(2) Using 1 workers of 1 for marking
[2023-03-11T09:57:46.519+0600][gc,marking  ] GC(2) Concurrent Mark From Roots 6.943ms
[2023-03-11T09:57:46.519+0600][gc,marking  ] GC(2) Concurrent Preclean
[2023-03-11T09:57:46.519+0600][gc,marking  ] GC(2) Concurrent Preclean 0.033ms
[2023-03-11T09:57:46.519+0600][gc,start    ] GC(2) Pause Remark
[2023-03-11T09:57:46.522+0600][gc          ] GC(2) Pause Remark 9M->9M(1024M) 2.424ms
[2023-03-11T09:57:46.522+0600][gc,cpu      ] GC(2) User=0.00s Sys=0.00s Real=0.01s
[2023-03-11T09:57:46.522+0600][gc,marking  ] GC(2) Concurrent Mark 9.838ms
[2023-03-11T09:57:46.522+0600][gc,marking  ] GC(2) Concurrent Rebuild Remembered Sets
[2023-03-11T09:57:46.522+0600][gc,marking  ] GC(2) Concurrent Rebuild Remembered Sets 0.011ms
[2023-03-11T09:57:46.522+0600][gc,start    ] GC(2) Pause Cleanup
[2023-03-11T09:57:46.522+0600][gc          ] GC(2) Pause Cleanup 9M->9M(1024M) 0.020ms
[2023-03-11T09:57:46.522+0600][gc,cpu      ] GC(2) User=0.00s Sys=0.00s Real=0.00s
[2023-03-11T09:57:46.522+0600][gc,marking  ] GC(2) Concurrent Cleanup for Next Mark
[2023-03-11T09:57:46.530+0600][gc,marking  ] GC(2) Concurrent Cleanup for Next Mark 7.690ms
[2023-03-11T09:57:46.530+0600][gc          ] GC(2) Concurrent Mark Cycle 21.385ms
[2023-03-11T09:57:47.977+0600][gc,start    ] GC(3) Pause Young (Normal) (G1 Evacuation Pause)
[2023-03-11T09:57:47.977+0600][gc,task     ] GC(3) Using 4 workers of 4 for evacuation
[2023-03-11T09:57:47.983+0600][gc,phases   ] GC(3)   Pre Evacuate Collection Set: 0.1ms
[2023-03-11T09:57:47.983+0600][gc,phases   ] GC(3)   Merge Heap Roots: 0.1ms
[2023-03-11T09:57:47.983+0600][gc,phases   ] GC(3)   Evacuate Collection Set: 5.8ms
[2023-03-11T09:57:47.983+0600][gc,phases   ] GC(3)   Post Evacuate Collection Set: 0.4ms
[2023-03-11T09:57:47.983+0600][gc,phases   ] GC(3)   Other: 0.1ms
[2023-03-11T09:57:47.983+0600][gc,heap     ] GC(3) Eden regions: 50->0(45)
[2023-03-11T09:57:47.983+0600][gc,heap     ] GC(3) Survivor regions: 1->6(7)
[2023-03-11T09:57:47.983+0600][gc,heap     ] GC(3) Old regions: 7->7
[2023-03-11T09:57:47.983+0600][gc,heap     ] GC(3) Archive regions: 2->2
[2023-03-11T09:57:47.983+0600][gc,heap     ] GC(3) Humongous regions: 129->129
[2023-03-11T09:57:47.983+0600][gc,metaspace] GC(3) Metaspace: 31526K(31872K)->31526K(31872K) NonClass: 28078K(28288K)->28078K(28288K) Class: 3447K(3584K)->3447K(3584K)
[2023-03-11T09:57:47.983+0600][gc          ] GC(3) Pause Young (Normal) (G1 Evacuation Pause) 187M->142M(1024M) 6.504ms
[2023-03-11T09:57:47.983+0600][gc,cpu      ] GC(3) User=0.02s Sys=0.00s Real=0.01s
[2023-03-11T09:57:48.261+0600][gc,start    ] GC(4) Pause Young (Concurrent Start) (Metadata GC Threshold)
[2023-03-11T09:57:48.261+0600][gc,task     ] GC(4) Using 4 workers of 4 for evacuation
[2023-03-11T09:57:48.269+0600][gc,phases   ] GC(4)   Pre Evacuate Collection Set: 0.1ms
[2023-03-11T09:57:48.269+0600][gc,phases   ] GC(4)   Merge Heap Roots: 0.0ms
[2023-03-11T09:57:48.269+0600][gc,phases   ] GC(4)   Evacuate Collection Set: 6.6ms
[2023-03-11T09:57:48.269+0600][gc,phases   ] GC(4)   Post Evacuate Collection Set: 0.3ms
[2023-03-11T09:57:48.269+0600][gc,phases   ] GC(4)   Other: 0.1ms
[2023-03-11T09:57:48.269+0600][gc,heap     ] GC(4) Eden regions: 18->0(49)
[2023-03-11T09:57:48.269+0600][gc,heap     ] GC(4) Survivor regions: 6->2(7)
[2023-03-11T09:57:48.269+0600][gc,heap     ] GC(4) Old regions: 7->12
[2023-03-11T09:57:48.269+0600][gc,heap     ] GC(4) Archive regions: 2->2
[2023-03-11T09:57:48.269+0600][gc,heap     ] GC(4) Humongous regions: 129->129
[2023-03-11T09:57:48.269+0600][gc,metaspace] GC(4) Metaspace: 35842K(36096K)->35842K(36096K) NonClass: 31992K(32128K)->31992K(32128K) Class: 3849K(3968K)->3849K(3968K)
[2023-03-11T09:57:48.269+0600][gc          ] GC(4) Pause Young (Concurrent Start) (Metadata GC Threshold) 159M->143M(1024M) 7.433ms
[2023-03-11T09:57:48.269+0600][gc          ] GC(5) Concurrent Mark Cycle
[2023-03-11T09:57:48.269+0600][gc,cpu      ] GC(4) User=0.02s Sys=0.01s Real=0.00s
[2023-03-11T09:57:48.269+0600][gc,marking  ] GC(5) Concurrent Clear Claimed Marks
[2023-03-11T09:57:48.269+0600][gc,marking  ] GC(5) Concurrent Clear Claimed Marks 0.043ms
[2023-03-11T09:57:48.269+0600][gc,marking  ] GC(5) Concurrent Scan Root Regions
[2023-03-11T09:57:48.275+0600][gc,marking  ] GC(5) Concurrent Scan Root Regions 6.312ms
[2023-03-11T09:57:48.275+0600][gc,marking  ] GC(5) Concurrent Mark
[2023-03-11T09:57:48.275+0600][gc,marking  ] GC(5) Concurrent Mark From Roots
[2023-03-11T09:57:48.275+0600][gc,task     ] GC(5) Using 1 workers of 1 for marking
[2023-03-11T09:57:48.289+0600][gc,marking  ] GC(5) Concurrent Mark From Roots 13.666ms
[2023-03-11T09:57:48.289+0600][gc,marking  ] GC(5) Concurrent Preclean
[2023-03-11T09:57:48.289+0600][gc,marking  ] GC(5) Concurrent Preclean 0.057ms
[2023-03-11T09:57:48.289+0600][gc,start    ] GC(5) Pause Remark
[2023-03-11T09:57:48.290+0600][gc          ] GC(5) Pause Remark 146M->146M(1024M) 1.382ms
[2023-03-11T09:57:48.291+0600][gc,cpu      ] GC(5) User=0.01s Sys=0.00s Real=0.01s
[2023-03-11T09:57:48.291+0600][gc,marking  ] GC(5) Concurrent Mark 15.806ms
[2023-03-11T09:57:48.291+0600][gc,marking  ] GC(5) Concurrent Rebuild Remembered Sets
[2023-03-11T09:57:48.291+0600][gc,marking  ] GC(5) Concurrent Rebuild Remembered Sets 0.013ms
[2023-03-11T09:57:48.291+0600][gc,start    ] GC(5) Pause Cleanup
[2023-03-11T09:57:48.291+0600][gc          ] GC(5) Pause Cleanup 146M->146M(1024M) 0.024ms
[2023-03-11T09:57:48.291+0600][gc,cpu      ] GC(5) User=0.00s Sys=0.00s Real=0.00s
[2023-03-11T09:57:48.293+0600][gc,marking  ] GC(5) Concurrent Cleanup for Next Mark
[2023-03-11T09:57:48.301+0600][gc,marking  ] GC(5) Concurrent Cleanup for Next Mark 7.391ms
[2023-03-11T09:57:48.301+0600][gc          ] GC(5) Concurrent Mark Cycle 32.113ms
[2023-03-11T10:00:09.280+0600][gc,start    ] GC(6) Pause Young (Normal) (G1 Evacuation Pause)
[2023-03-11T10:00:09.280+0600][gc,task     ] GC(6) Using 4 workers of 4 for evacuation
[2023-03-11T10:00:09.290+0600][gc,phases   ] GC(6)   Pre Evacuate Collection Set: 0.1ms
[2023-03-11T10:00:09.291+0600][gc,phases   ] GC(6)   Merge Heap Roots: 0.1ms
[2023-03-11T10:00:09.291+0600][gc,phases   ] GC(6)   Evacuate Collection Set: 7.9ms
[2023-03-11T10:00:09.291+0600][gc,phases   ] GC(6)   Post Evacuate Collection Set: 1.7ms
[2023-03-11T10:00:09.291+0600][gc,phases   ] GC(6)   Other: 0.3ms
[2023-03-11T10:00:09.291+0600][gc,heap     ] GC(6) Eden regions: 49->0(45)
[2023-03-11T10:00:09.291+0600][gc,heap     ] GC(6) Survivor regions: 2->6(7)
[2023-03-11T10:00:09.291+0600][gc,heap     ] GC(6) Old regions: 12->12
[2023-03-11T10:00:09.291+0600][gc,heap     ] GC(6) Archive regions: 2->2
[2023-03-11T10:00:09.291+0600][gc,heap     ] GC(6) Humongous regions: 135->129
[2023-03-11T10:00:09.291+0600][gc,metaspace] GC(6) Metaspace: 41576K(42176K)->41576K(42176K) NonClass: 36870K(37184K)->36870K(37184K) Class: 4706K(4992K)->4706K(4992K)
[2023-03-11T10:00:09.291+0600][gc          ] GC(6) Pause Young (Normal) (G1 Evacuation Pause) 198M->147M(1024M) 10.981ms
[2023-03-11T10:00:09.291+0600][gc,cpu      ] GC(6) User=0.03s Sys=0.00s Real=0.01s
[2023-03-11T10:03:21.571+0600][gc,start    ] GC(7) Pause Young (Normal) (G1 Evacuation Pause)
[2023-03-11T10:03:21.571+0600][gc,task     ] GC(7) Using 4 workers of 4 for evacuation
[2023-03-11T10:03:21.577+0600][gc,phases   ] GC(7)   Pre Evacuate Collection Set: 0.2ms
[2023-03-11T10:03:21.577+0600][gc,phases   ] GC(7)   Merge Heap Roots: 0.1ms
[2023-03-11T10:03:21.577+0600][gc,phases   ] GC(7)   Evacuate Collection Set: 5.4ms
[2023-03-11T10:03:21.578+0600][gc,phases   ] GC(7)   Post Evacuate Collection Set: 0.4ms
[2023-03-11T10:03:21.578+0600][gc,phases   ] GC(7)   Other: 0.1ms
[2023-03-11T10:03:21.578+0600][gc,heap     ] GC(7) Eden regions: 45->0(49)
[2023-03-11T10:03:21.578+0600][gc,heap     ] GC(7) Survivor regions: 6->2(7)
[2023-03-11T10:03:21.578+0600][gc,heap     ] GC(7) Old regions: 12->16
[2023-03-11T10:03:21.578+0600][gc,heap     ] GC(7) Archive regions: 2->2
[2023-03-11T10:03:21.578+0600][gc,heap     ] GC(7) Humongous regions: 129->129
[2023-03-11T10:03:21.578+0600][gc,metaspace] GC(7) Metaspace: 41769K(42432K)->41769K(42432K) NonClass: 37058K(37440K)->37058K(37440K) Class: 4710K(4992K)->4710K(4992K)
[2023-03-11T10:03:21.578+0600][gc          ] GC(7) Pause Young (Normal) (G1 Evacuation Pause) 192M->147M(1024M) 6.524ms
[2023-03-11T10:03:21.578+0600][gc,cpu      ] GC(7) User=0.03s Sys=0.00s Real=0.00s
[2023-03-11T10:07:03.408+0600][gc,start    ] GC(8) Pause Young (Normal) (G1 Evacuation Pause)
[2023-03-11T10:07:03.408+0600][gc,task     ] GC(8) Using 4 workers of 4 for evacuation
[2023-03-11T10:07:03.418+0600][gc,phases   ] GC(8)   Pre Evacuate Collection Set: 0.1ms
[2023-03-11T10:07:03.418+0600][gc,phases   ] GC(8)   Merge Heap Roots: 0.1ms
[2023-03-11T10:07:03.418+0600][gc,phases   ] GC(8)   Evacuate Collection Set: 9.6ms
[2023-03-11T10:07:03.418+0600][gc,phases   ] GC(8)   Post Evacuate Collection Set: 0.3ms
[2023-03-11T10:07:03.418+0600][gc,phases   ] GC(8)   Other: 0.3ms
[2023-03-11T10:07:03.418+0600][gc,heap     ] GC(8) Eden regions: 49->0(44)
[2023-03-11T10:07:03.418+0600][gc,heap     ] GC(8) Survivor regions: 2->7(7)
[2023-03-11T10:07:03.418+0600][gc,heap     ] GC(8) Old regions: 16->17
[2023-03-11T10:07:03.418+0600][gc,heap     ] GC(8) Archive regions: 2->2
[2023-03-11T10:07:03.418+0600][gc,heap     ] GC(8) Humongous regions: 129->129
[2023-03-11T10:07:03.418+0600][gc,metaspace] GC(8) Metaspace: 41792K(42432K)->41792K(42432K) NonClass: 37081K(37440K)->37081K(37440K) Class: 4710K(4992K)->4710K(4992K)
[2023-03-11T10:07:03.418+0600][gc          ] GC(8) Pause Young (Normal) (G1 Evacuation Pause) 196M->153M(1024M) 10.725ms
[2023-03-11T10:07:03.418+0600][gc,cpu      ] GC(8) User=0.03s Sys=0.00s Real=0.01s
[2023-03-11T10:09:27.721+0600][gc,start    ] GC(9) Pause Young (Normal) (G1 Evacuation Pause)
[2023-03-11T10:09:27.721+0600][gc,task     ] GC(9) Using 4 workers of 4 for evacuation
[2023-03-11T10:09:27.735+0600][gc,phases   ] GC(9)   Pre Evacuate Collection Set: 0.1ms
[2023-03-11T10:09:27.735+0600][gc,phases   ] GC(9)   Merge Heap Roots: 0.1ms
[2023-03-11T10:09:27.735+0600][gc,phases   ] GC(9)   Evacuate Collection Set: 12.0ms
[2023-03-11T10:09:27.735+0600][gc,phases   ] GC(9)   Post Evacuate Collection Set: 1.0ms
[2023-03-11T10:09:27.735+0600][gc,phases   ] GC(9)   Other: 0.2ms
[2023-03-11T10:09:27.735+0600][gc,heap     ] GC(9) Eden regions: 44->0(46)
[2023-03-11T10:09:27.735+0600][gc,heap     ] GC(9) Survivor regions: 7->5(7)
[2023-03-11T10:09:27.735+0600][gc,heap     ] GC(9) Old regions: 17->19
[2023-03-11T10:09:27.735+0600][gc,heap     ] GC(9) Archive regions: 2->2
[2023-03-11T10:09:27.735+0600][gc,heap     ] GC(9) Humongous regions: 129->129
[2023-03-11T10:09:27.735+0600][gc,metaspace] GC(9) Metaspace: 42375K(43072K)->42375K(43072K) NonClass: 37558K(37952K)->37558K(37952K) Class: 4816K(5120K)->4816K(5120K)
[2023-03-11T10:09:27.735+0600][gc          ] GC(9) Pause Young (Normal) (G1 Evacuation Pause) 197M->153M(1024M) 13.690ms
[2023-03-11T10:09:27.735+0600][gc,cpu      ] GC(9) User=0.03s Sys=0.00s Real=0.01s
[2023-03-11T10:09:35.213+0600][gc,start    ] GC(10) Pause Young (Normal) (G1 Evacuation Pause)
[2023-03-11T10:09:35.213+0600][gc,task     ] GC(10) Using 4 workers of 4 for evacuation
[2023-03-11T10:09:35.219+0600][gc,phases   ] GC(10)   Pre Evacuate Collection Set: 0.2ms
[2023-03-11T10:09:35.219+0600][gc,phases   ] GC(10)   Merge Heap Roots: 0.2ms
[2023-03-11T10:09:35.219+0600][gc,phases   ] GC(10)   Evacuate Collection Set: 4.7ms
[2023-03-11T10:09:35.219+0600][gc,phases   ] GC(10)   Post Evacuate Collection Set: 0.3ms
[2023-03-11T10:09:35.219+0600][gc,phases   ] GC(10)   Other: 0.5ms
[2023-03-11T10:09:35.219+0600][gc,heap     ] GC(10) Eden regions: 46->0(48)
[2023-03-11T10:09:35.219+0600][gc,heap     ] GC(10) Survivor regions: 5->3(7)
[2023-03-11T10:09:35.219+0600][gc,heap     ] GC(10) Old regions: 19->21
[2023-03-11T10:09:35.219+0600][gc,heap     ] GC(10) Archive regions: 2->2
[2023-03-11T10:09:35.219+0600][gc,heap     ] GC(10) Humongous regions: 129->129
[2023-03-11T10:09:35.219+0600][gc,metaspace] GC(10) Metaspace: 42756K(43392K)->42756K(43392K) NonClass: 37940K(38272K)->37940K(38272K) Class: 4816K(5120K)->4816K(5120K)
[2023-03-11T10:09:35.219+0600][gc          ] GC(10) Pause Young (Normal) (G1 Evacuation Pause) 199M->152M(1024M) 6.119ms
[2023-03-11T10:09:35.219+0600][gc,cpu      ] GC(10) User=0.02s Sys=0.00s Real=0.00s
[2023-03-11T14:55:51.474+0600][gc,heap,exit] Heap
[2023-03-11T14:55:51.474+0600][gc,heap,exit]  garbage-first heap   total 1048576K, used 198536K [0x00000007c0000000, 0x0000000800000000)
[2023-03-11T14:55:51.474+0600][gc,heap,exit]   region size 1024K, 45 young (46080K), 3 survivors (3072K)
[2023-03-11T14:55:51.474+0600][gc,heap,exit]  Metaspace       used 43474K, committed 44160K, reserved 1114112K
[2023-03-11T14:55:51.474+0600][gc,heap,exit]   class space    used 4972K, committed 5312K, reserved 1048576K
