[2023-03-10T21:44:02.916+0600][gc,init] CardTable entry size: 512
[2023-03-10T21:44:02.916+0600][gc     ] Using G1
[2023-03-10T21:44:02.921+0600][gc,init] Version: 19.0.2+7-44 (release)
[2023-03-10T21:44:02.921+0600][gc,init] CPUs: 4 total, 4 available
[2023-03-10T21:44:02.921+0600][gc,init] Memory: 16384M
[2023-03-10T21:44:02.921+0600][gc,init] Large Page Support: Disabled
[2023-03-10T21:44:02.921+0600][gc,init] NUMA Support: Disabled
[2023-03-10T21:44:02.921+0600][gc,init] Compressed Oops: Enabled (Zero based)
[2023-03-10T21:44:02.921+0600][gc,init] Heap Region Size: 1M
[2023-03-10T21:44:02.921+0600][gc,init] Heap Min Capacity: 1G
[2023-03-10T21:44:02.921+0600][gc,init] Heap Initial Capacity: 1G
[2023-03-10T21:44:02.921+0600][gc,init] Heap Max Capacity: 1G
[2023-03-10T21:44:02.921+0600][gc,init] Pre-touch: Disabled
[2023-03-10T21:44:02.921+0600][gc,init] Parallel Workers: 4
[2023-03-10T21:44:02.921+0600][gc,init] Concurrent Workers: 1
[2023-03-10T21:44:02.921+0600][gc,init] Concurrent Refinement Workers: 4
[2023-03-10T21:44:02.921+0600][gc,init] Periodic GC: Disabled
[2023-03-10T21:44:02.921+0600][gc,metaspace] CDS archive(s) mapped at: [0x0000000800000000-0x0000000800c44000-0x0000000800c44000), size 12861440, SharedBaseAddress: 0x0000000800000000, ArchiveRelocationMode: 0.
[2023-03-10T21:44:02.921+0600][gc,metaspace] Compressed class space mapped at: 0x0000000801000000-0x0000000841000000, reserved size: 1073741824
[2023-03-10T21:44:02.921+0600][gc,metaspace] Narrow klass base: 0x0000000800000000, Narrow klass shift: 0, Narrow klass range: 0x100000000
[2023-03-10T21:44:03.987+0600][gc,start    ] GC(0) Pause Young (Normal) (G1 Evacuation Pause)
[2023-03-10T21:44:03.988+0600][gc,task     ] GC(0) Using 4 workers of 4 for evacuation
[2023-03-10T21:44:03.995+0600][gc,phases   ] GC(0)   Pre Evacuate Collection Set: 0.1ms
[2023-03-10T21:44:03.995+0600][gc,phases   ] GC(0)   Merge Heap Roots: 0.1ms
[2023-03-10T21:44:03.995+0600][gc,phases   ] GC(0)   Evacuate Collection Set: 6.7ms
[2023-03-10T21:44:03.995+0600][gc,phases   ] GC(0)   Post Evacuate Collection Set: 0.7ms
[2023-03-10T21:44:03.995+0600][gc,phases   ] GC(0)   Other: 0.3ms
[2023-03-10T21:44:03.995+0600][gc,heap     ] GC(0) Eden regions: 51->0(44)
[2023-03-10T21:44:03.995+0600][gc,heap     ] GC(0) Survivor regions: 0->7(7)
[2023-03-10T21:44:03.995+0600][gc,heap     ] GC(0) Old regions: 0->1
[2023-03-10T21:44:03.995+0600][gc,heap     ] GC(0) Archive regions: 2->2
[2023-03-10T21:44:03.995+0600][gc,heap     ] GC(0) Humongous regions: 0->0
[2023-03-10T21:44:03.995+0600][gc,metaspace] GC(0) Metaspace: 18496K(18688K)->18496K(18688K) NonClass: 16409K(16512K)->16409K(16512K) Class: 2086K(2176K)->2086K(2176K)
[2023-03-10T21:44:03.995+0600][gc          ] GC(0) Pause Young (Normal) (G1 Evacuation Pause) 51M->7M(1024M) 8.098ms
[2023-03-10T21:44:03.995+0600][gc,cpu      ] GC(0) User=0.02s Sys=0.01s Real=0.01s
[2023-03-10T21:44:04.157+0600][gc,start    ] GC(1) Pause Young (Concurrent Start) (Metadata GC Threshold)
[2023-03-10T21:44:04.157+0600][gc,task     ] GC(1) Using 4 workers of 4 for evacuation
[2023-03-10T21:44:04.168+0600][gc,phases   ] GC(1)   Pre Evacuate Collection Set: 0.1ms
[2023-03-10T21:44:04.168+0600][gc,phases   ] GC(1)   Merge Heap Roots: 0.0ms
[2023-03-10T21:44:04.168+0600][gc,phases   ] GC(1)   Evacuate Collection Set: 9.9ms
[2023-03-10T21:44:04.168+0600][gc,phases   ] GC(1)   Post Evacuate Collection Set: 0.4ms
[2023-03-10T21:44:04.168+0600][gc,phases   ] GC(1)   Other: 0.4ms
[2023-03-10T21:44:04.168+0600][gc,heap     ] GC(1) Eden regions: 11->0(50)
[2023-03-10T21:44:04.168+0600][gc,heap     ] GC(1) Survivor regions: 7->1(7)
[2023-03-10T21:44:04.168+0600][gc,heap     ] GC(1) Old regions: 1->8
[2023-03-10T21:44:04.168+0600][gc,heap     ] GC(1) Archive regions: 2->2
[2023-03-10T21:44:04.168+0600][gc,heap     ] GC(1) Humongous regions: 0->0
[2023-03-10T21:44:04.168+0600][gc,metaspace] GC(1) Metaspace: 21287K(21504K)->21287K(21504K) NonClass: 18857K(18944K)->18857K(18944K) Class: 2430K(2560K)->2430K(2560K)
[2023-03-10T21:44:04.168+0600][gc          ] GC(1) Pause Young (Concurrent Start) (Metadata GC Threshold) 18M->8M(1024M) 11.092ms
[2023-03-10T21:44:04.168+0600][gc          ] GC(2) Concurrent Mark Cycle
[2023-03-10T21:44:04.168+0600][gc,cpu      ] GC(1) User=0.02s Sys=0.00s Real=0.01s
[2023-03-10T21:44:04.168+0600][gc,marking  ] GC(2) Concurrent Clear Claimed Marks
[2023-03-10T21:44:04.169+0600][gc,marking  ] GC(2) Concurrent Clear Claimed Marks 0.065ms
[2023-03-10T21:44:04.169+0600][gc,marking  ] GC(2) Concurrent Scan Root Regions
[2023-03-10T21:44:04.173+0600][gc,marking  ] GC(2) Concurrent Scan Root Regions 4.795ms
[2023-03-10T21:44:04.173+0600][gc,marking  ] GC(2) Concurrent Mark
[2023-03-10T21:44:04.173+0600][gc,marking  ] GC(2) Concurrent Mark From Roots
[2023-03-10T21:44:04.173+0600][gc,task     ] GC(2) Using 1 workers of 1 for marking
[2023-03-10T21:44:04.174+0600][gc,marking  ] GC(2) Concurrent Mark From Roots 0.915ms
[2023-03-10T21:44:04.174+0600][gc,marking  ] GC(2) Concurrent Preclean
[2023-03-10T21:44:04.174+0600][gc,marking  ] GC(2) Concurrent Preclean 0.023ms
[2023-03-10T21:44:04.175+0600][gc,start    ] GC(2) Pause Remark
[2023-03-10T21:44:04.177+0600][gc          ] GC(2) Pause Remark 9M->9M(1024M) 2.073ms
[2023-03-10T21:44:04.177+0600][gc,cpu      ] GC(2) User=0.00s Sys=0.00s Real=0.00s
[2023-03-10T21:44:04.177+0600][gc,marking  ] GC(2) Concurrent Mark 3.553ms
[2023-03-10T21:44:04.177+0600][gc,marking  ] GC(2) Concurrent Rebuild Remembered Sets
[2023-03-10T21:44:04.182+0600][gc,marking  ] GC(2) Concurrent Rebuild Remembered Sets 4.593ms
[2023-03-10T21:44:04.182+0600][gc,start    ] GC(2) Pause Cleanup
[2023-03-10T21:44:04.182+0600][gc          ] GC(2) Pause Cleanup 9M->9M(1024M) 0.101ms
[2023-03-10T21:44:04.182+0600][gc,cpu      ] GC(2) User=0.00s Sys=0.00s Real=0.00s
[2023-03-10T21:44:04.182+0600][gc,marking  ] GC(2) Concurrent Cleanup for Next Mark
[2023-03-10T21:44:04.193+0600][gc,marking  ] GC(2) Concurrent Cleanup for Next Mark 10.965ms
[2023-03-10T21:44:04.193+0600][gc          ] GC(2) Concurrent Mark Cycle 24.899ms
[2023-03-10T21:44:05.090+0600][gc,start    ] GC(3) Pause Young (Normal) (G1 Evacuation Pause)
[2023-03-10T21:44:05.090+0600][gc,task     ] GC(3) Using 4 workers of 4 for evacuation
[2023-03-10T21:44:05.097+0600][gc,phases   ] GC(3)   Pre Evacuate Collection Set: 0.1ms
[2023-03-10T21:44:05.097+0600][gc,phases   ] GC(3)   Merge Heap Roots: 0.1ms
[2023-03-10T21:44:05.097+0600][gc,phases   ] GC(3)   Evacuate Collection Set: 6.5ms
[2023-03-10T21:44:05.097+0600][gc,phases   ] GC(3)   Post Evacuate Collection Set: 0.6ms
[2023-03-10T21:44:05.097+0600][gc,phases   ] GC(3)   Other: 0.1ms
[2023-03-10T21:44:05.097+0600][gc,heap     ] GC(3) Eden regions: 50->0(45)
[2023-03-10T21:44:05.097+0600][gc,heap     ] GC(3) Survivor regions: 1->6(7)
[2023-03-10T21:44:05.097+0600][gc,heap     ] GC(3) Old regions: 8->8
[2023-03-10T21:44:05.097+0600][gc,heap     ] GC(3) Archive regions: 2->2
[2023-03-10T21:44:05.097+0600][gc,heap     ] GC(3) Humongous regions: 129->129
[2023-03-10T21:44:05.097+0600][gc,metaspace] GC(3) Metaspace: 31701K(32000K)->31701K(32000K) NonClass: 28237K(28416K)->28237K(28416K) Class: 3464K(3584K)->3464K(3584K)
[2023-03-10T21:44:05.097+0600][gc          ] GC(3) Pause Young (Normal) (G1 Evacuation Pause) 187M->142M(1024M) 7.609ms
[2023-03-10T21:44:05.097+0600][gc,cpu      ] GC(3) User=0.02s Sys=0.00s Real=0.00s
[2023-03-10T21:44:05.366+0600][gc,start    ] GC(4) Pause Young (Concurrent Start) (Metadata GC Threshold)
[2023-03-10T21:44:05.366+0600][gc,task     ] GC(4) Using 4 workers of 4 for evacuation
[2023-03-10T21:44:05.375+0600][gc,phases   ] GC(4)   Pre Evacuate Collection Set: 0.1ms
[2023-03-10T21:44:05.375+0600][gc,phases   ] GC(4)   Merge Heap Roots: 0.0ms
[2023-03-10T21:44:05.375+0600][gc,phases   ] GC(4)   Evacuate Collection Set: 8.5ms
[2023-03-10T21:44:05.375+0600][gc,phases   ] GC(4)   Post Evacuate Collection Set: 0.4ms
[2023-03-10T21:44:05.375+0600][gc,phases   ] GC(4)   Other: 0.1ms
[2023-03-10T21:44:05.375+0600][gc,heap     ] GC(4) Eden regions: 17->0(49)
[2023-03-10T21:44:05.375+0600][gc,heap     ] GC(4) Survivor regions: 6->2(7)
[2023-03-10T21:44:05.375+0600][gc,heap     ] GC(4) Old regions: 8->13
[2023-03-10T21:44:05.375+0600][gc,heap     ] GC(4) Archive regions: 2->2
[2023-03-10T21:44:05.375+0600][gc,heap     ] GC(4) Humongous regions: 129->129
[2023-03-10T21:44:05.375+0600][gc,metaspace] GC(4) Metaspace: 35810K(36096K)->35810K(36096K) NonClass: 31960K(32128K)->31960K(32128K) Class: 3849K(3968K)->3849K(3968K)
[2023-03-10T21:44:05.375+0600][gc          ] GC(4) Pause Young (Concurrent Start) (Metadata GC Threshold) 159M->144M(1024M) 9.405ms
[2023-03-10T21:44:05.375+0600][gc          ] GC(5) Concurrent Mark Cycle
[2023-03-10T21:44:05.375+0600][gc,cpu      ] GC(4) User=0.02s Sys=0.00s Real=0.01s
[2023-03-10T21:44:05.375+0600][gc,marking  ] GC(5) Concurrent Clear Claimed Marks
[2023-03-10T21:44:05.376+0600][gc,marking  ] GC(5) Concurrent Clear Claimed Marks 0.232ms
[2023-03-10T21:44:05.376+0600][gc,marking  ] GC(5) Concurrent Scan Root Regions
[2023-03-10T21:44:05.382+0600][gc,marking  ] GC(5) Concurrent Scan Root Regions 6.683ms
[2023-03-10T21:44:05.382+0600][gc,marking  ] GC(5) Concurrent Mark
[2023-03-10T21:44:05.383+0600][gc,marking  ] GC(5) Concurrent Mark From Roots
[2023-03-10T21:44:05.383+0600][gc,task     ] GC(5) Using 1 workers of 1 for marking
[2023-03-10T21:44:05.394+0600][gc,marking  ] GC(5) Concurrent Mark From Roots 11.698ms
[2023-03-10T21:44:05.394+0600][gc,marking  ] GC(5) Concurrent Preclean
[2023-03-10T21:44:05.394+0600][gc,marking  ] GC(5) Concurrent Preclean 0.068ms
[2023-03-10T21:44:05.395+0600][gc,start    ] GC(5) Pause Remark
[2023-03-10T21:44:05.397+0600][gc          ] GC(5) Pause Remark 146M->146M(1024M) 2.081ms
[2023-03-10T21:44:05.397+0600][gc,cpu      ] GC(5) User=0.01s Sys=0.00s Real=0.00s
[2023-03-10T21:44:05.399+0600][gc,marking  ] GC(5) Concurrent Mark 16.510ms
[2023-03-10T21:44:05.399+0600][gc,marking  ] GC(5) Concurrent Rebuild Remembered Sets
[2023-03-10T21:44:05.422+0600][gc,marking  ] GC(5) Concurrent Rebuild Remembered Sets 22.995ms
[2023-03-10T21:44:05.422+0600][gc,start    ] GC(5) Pause Cleanup
[2023-03-10T21:44:05.422+0600][gc          ] GC(5) Pause Cleanup 148M->148M(1024M) 0.087ms
[2023-03-10T21:44:05.422+0600][gc,cpu      ] GC(5) User=0.00s Sys=0.00s Real=0.00s
[2023-03-10T21:44:05.428+0600][gc,marking  ] GC(5) Concurrent Cleanup for Next Mark
[2023-03-10T21:44:05.437+0600][gc,marking  ] GC(5) Concurrent Cleanup for Next Mark 8.430ms
[2023-03-10T21:44:05.437+0600][gc          ] GC(5) Concurrent Mark Cycle 61.369ms
[2023-03-10T21:46:02.847+0600][gc,start    ] GC(6) Pause Young (Normal) (G1 Evacuation Pause)
[2023-03-10T21:46:02.848+0600][gc,task     ] GC(6) Using 4 workers of 4 for evacuation
[2023-03-10T21:46:02.853+0600][gc,phases   ] GC(6)   Pre Evacuate Collection Set: 0.3ms
[2023-03-10T21:46:02.853+0600][gc,phases   ] GC(6)   Merge Heap Roots: 0.1ms
[2023-03-10T21:46:02.853+0600][gc,phases   ] GC(6)   Evacuate Collection Set: 4.4ms
[2023-03-10T21:46:02.853+0600][gc,phases   ] GC(6)   Post Evacuate Collection Set: 0.5ms
[2023-03-10T21:46:02.853+0600][gc,phases   ] GC(6)   Other: 0.1ms
[2023-03-10T21:46:02.853+0600][gc,heap     ] GC(6) Eden regions: 49->0(47)
[2023-03-10T21:46:02.853+0600][gc,heap     ] GC(6) Survivor regions: 2->4(7)
[2023-03-10T21:46:02.853+0600][gc,heap     ] GC(6) Old regions: 13->13
[2023-03-10T21:46:02.853+0600][gc,heap     ] GC(6) Archive regions: 2->2
[2023-03-10T21:46:02.853+0600][gc,heap     ] GC(6) Humongous regions: 135->129
[2023-03-10T21:46:02.853+0600][gc,metaspace] GC(6) Metaspace: 43271K(44032K)->43271K(44032K) NonClass: 38092K(38528K)->38092K(38528K) Class: 5179K(5504K)->5179K(5504K)
[2023-03-10T21:46:02.853+0600][gc          ] GC(6) Pause Young (Normal) (G1 Evacuation Pause) 199M->146M(1024M) 5.976ms
[2023-03-10T21:46:02.853+0600][gc,cpu      ] GC(6) User=0.02s Sys=0.00s Real=0.01s
[2023-03-10T21:52:34.376+0600][gc,start    ] GC(7) Pause Young (Normal) (G1 Evacuation Pause)
[2023-03-10T21:52:34.378+0600][gc,task     ] GC(7) Using 4 workers of 4 for evacuation
[2023-03-10T21:52:34.394+0600][gc,phases   ] GC(7)   Pre Evacuate Collection Set: 0.1ms
[2023-03-10T21:52:34.394+0600][gc,phases   ] GC(7)   Merge Heap Roots: 0.1ms
[2023-03-10T21:52:34.394+0600][gc,phases   ] GC(7)   Evacuate Collection Set: 4.5ms
[2023-03-10T21:52:34.394+0600][gc,phases   ] GC(7)   Post Evacuate Collection Set: 11.0ms
[2023-03-10T21:52:34.394+0600][gc,phases   ] GC(7)   Other: 0.1ms
[2023-03-10T21:52:34.394+0600][gc,heap     ] GC(7) Eden regions: 47->0(47)
[2023-03-10T21:52:34.394+0600][gc,heap     ] GC(7) Survivor regions: 4->4(7)
[2023-03-10T21:52:34.394+0600][gc,heap     ] GC(7) Old regions: 13->14
[2023-03-10T21:52:34.394+0600][gc,heap     ] GC(7) Archive regions: 2->2
[2023-03-10T21:52:34.394+0600][gc,heap     ] GC(7) Humongous regions: 129->129
[2023-03-10T21:52:34.394+0600][gc,metaspace] GC(7) Metaspace: 43688K(44416K)->43688K(44416K) NonClass: 38509K(38912K)->38509K(38912K) Class: 5179K(5504K)->5179K(5504K)
[2023-03-10T21:52:34.394+0600][gc          ] GC(7) Pause Young (Normal) (G1 Evacuation Pause) 193M->147M(1024M) 17.622ms
[2023-03-10T21:52:34.394+0600][gc,cpu      ] GC(7) User=0.02s Sys=0.00s Real=0.02s
[2023-03-10T22:25:55.858+0600][gc,start    ] GC(8) Pause Young (Normal) (G1 Evacuation Pause)
[2023-03-10T22:25:55.860+0600][gc,task     ] GC(8) Using 4 workers of 4 for evacuation
[2023-03-10T22:25:55.875+0600][gc,phases   ] GC(8)   Pre Evacuate Collection Set: 0.3ms
[2023-03-10T22:25:55.875+0600][gc,phases   ] GC(8)   Merge Heap Roots: 0.2ms
[2023-03-10T22:25:55.875+0600][gc,phases   ] GC(8)   Evacuate Collection Set: 13.6ms
[2023-03-10T22:25:55.875+0600][gc,phases   ] GC(8)   Post Evacuate Collection Set: 0.7ms
[2023-03-10T22:25:55.875+0600][gc,phases   ] GC(8)   Other: 0.2ms
[2023-03-10T22:25:55.875+0600][gc,heap     ] GC(8) Eden regions: 47->0(47)
[2023-03-10T22:25:55.875+0600][gc,heap     ] GC(8) Survivor regions: 4->4(7)
[2023-03-10T22:25:55.875+0600][gc,heap     ] GC(8) Old regions: 14->14
[2023-03-10T22:25:55.875+0600][gc,heap     ] GC(8) Archive regions: 2->2
[2023-03-10T22:25:55.875+0600][gc,heap     ] GC(8) Humongous regions: 129->129
[2023-03-10T22:25:55.875+0600][gc,metaspace] GC(8) Metaspace: 43985K(44736K)->43985K(44736K) NonClass: 38799K(39232K)->38799K(39232K) Class: 5186K(5504K)->5186K(5504K)
[2023-03-10T22:25:55.875+0600][gc          ] GC(8) Pause Young (Normal) (G1 Evacuation Pause) 194M->147M(1024M) 16.842ms
[2023-03-10T22:25:55.875+0600][gc,cpu      ] GC(8) User=0.03s Sys=0.03s Real=0.02s
[2023-03-10T22:32:06.397+0600][gc,heap,exit] Heap
[2023-03-10T22:32:06.397+0600][gc,heap,exit]  garbage-first heap   total 1048576K, used 169685K [0x00000007c0000000, 0x0000000800000000)
[2023-03-10T22:32:06.398+0600][gc,heap,exit]   region size 1024K, 23 young (23552K), 4 survivors (4096K)
[2023-03-10T22:32:06.398+0600][gc,heap,exit]  Metaspace       used 44658K, committed 45440K, reserved 1114112K
[2023-03-10T22:32:06.398+0600][gc,heap,exit]   class space    used 5343K, committed 5696K, reserved 1048576K
