[2023-03-11T07:01:51.584+0600][gc,init] CardTable entry size: 512
[2023-03-11T07:01:51.584+0600][gc     ] Using G1
[2023-03-11T07:01:51.589+0600][gc,init] Version: 19.0.2+7-44 (release)
[2023-03-11T07:01:51.589+0600][gc,init] CPUs: 4 total, 4 available
[2023-03-11T07:01:51.589+0600][gc,init] Memory: 16384M
[2023-03-11T07:01:51.589+0600][gc,init] Large Page Support: Disabled
[2023-03-11T07:01:51.589+0600][gc,init] NUMA Support: Disabled
[2023-03-11T07:01:51.589+0600][gc,init] Compressed Oops: Enabled (Zero based)
[2023-03-11T07:01:51.589+0600][gc,init] Heap Region Size: 1M
[2023-03-11T07:01:51.589+0600][gc,init] Heap Min Capacity: 1G
[2023-03-11T07:01:51.589+0600][gc,init] Heap Initial Capacity: 1G
[2023-03-11T07:01:51.589+0600][gc,init] Heap Max Capacity: 1G
[2023-03-11T07:01:51.589+0600][gc,init] Pre-touch: Disabled
[2023-03-11T07:01:51.589+0600][gc,init] Parallel Workers: 4
[2023-03-11T07:01:51.589+0600][gc,init] Concurrent Workers: 1
[2023-03-11T07:01:51.589+0600][gc,init] Concurrent Refinement Workers: 4
[2023-03-11T07:01:51.589+0600][gc,init] Periodic GC: Disabled
[2023-03-11T07:01:51.589+0600][gc,metaspace] CDS archive(s) mapped at: [0x0000000800000000-0x0000000800c44000-0x0000000800c44000), size 12861440, SharedBaseAddress: 0x0000000800000000, ArchiveRelocationMode: 0.
[2023-03-11T07:01:51.589+0600][gc,metaspace] Compressed class space mapped at: 0x0000000801000000-0x0000000841000000, reserved size: 1073741824
[2023-03-11T07:01:51.589+0600][gc,metaspace] Narrow klass base: 0x0000000800000000, Narrow klass shift: 0, Narrow klass range: 0x100000000
[2023-03-11T07:01:52.630+0600][gc,start    ] GC(0) Pause Young (Normal) (G1 Evacuation Pause)
[2023-03-11T07:01:52.631+0600][gc,task     ] GC(0) Using 4 workers of 4 for evacuation
[2023-03-11T07:01:52.636+0600][gc,phases   ] GC(0)   Pre Evacuate Collection Set: 0.1ms
[2023-03-11T07:01:52.636+0600][gc,phases   ] GC(0)   Merge Heap Roots: 0.1ms
[2023-03-11T07:01:52.636+0600][gc,phases   ] GC(0)   Evacuate Collection Set: 4.7ms
[2023-03-11T07:01:52.636+0600][gc,phases   ] GC(0)   Post Evacuate Collection Set: 0.6ms
[2023-03-11T07:01:52.636+0600][gc,phases   ] GC(0)   Other: 0.4ms
[2023-03-11T07:01:52.636+0600][gc,heap     ] GC(0) Eden regions: 51->0(44)
[2023-03-11T07:01:52.636+0600][gc,heap     ] GC(0) Survivor regions: 0->7(7)
[2023-03-11T07:01:52.636+0600][gc,heap     ] GC(0) Old regions: 0->0
[2023-03-11T07:01:52.636+0600][gc,heap     ] GC(0) Archive regions: 2->2
[2023-03-11T07:01:52.636+0600][gc,heap     ] GC(0) Humongous regions: 0->0
[2023-03-11T07:01:52.636+0600][gc,metaspace] GC(0) Metaspace: 18504K(18688K)->18504K(18688K) NonClass: 16414K(16512K)->16414K(16512K) Class: 2089K(2176K)->2089K(2176K)
[2023-03-11T07:01:52.636+0600][gc          ] GC(0) Pause Young (Normal) (G1 Evacuation Pause) 51M->7M(1024M) 6.228ms
[2023-03-11T07:01:52.636+0600][gc,cpu      ] GC(0) User=0.02s Sys=0.00s Real=0.00s
[2023-03-11T07:01:52.789+0600][gc,start    ] GC(1) Pause Young (Concurrent Start) (Metadata GC Threshold)
[2023-03-11T07:01:52.789+0600][gc,task     ] GC(1) Using 4 workers of 4 for evacuation
[2023-03-11T07:01:52.797+0600][gc,phases   ] GC(1)   Pre Evacuate Collection Set: 0.1ms
[2023-03-11T07:01:52.797+0600][gc,phases   ] GC(1)   Merge Heap Roots: 0.0ms
[2023-03-11T07:01:52.797+0600][gc,phases   ] GC(1)   Evacuate Collection Set: 7.0ms
[2023-03-11T07:01:52.797+0600][gc,phases   ] GC(1)   Post Evacuate Collection Set: 0.5ms
[2023-03-11T07:01:52.797+0600][gc,phases   ] GC(1)   Other: 0.1ms
[2023-03-11T07:01:52.797+0600][gc,heap     ] GC(1) Eden regions: 11->0(50)
[2023-03-11T07:01:52.797+0600][gc,heap     ] GC(1) Survivor regions: 7->1(7)
[2023-03-11T07:01:52.797+0600][gc,heap     ] GC(1) Old regions: 0->8
[2023-03-11T07:01:52.797+0600][gc,heap     ] GC(1) Archive regions: 2->2
[2023-03-11T07:01:52.797+0600][gc,heap     ] GC(1) Humongous regions: 0->0
[2023-03-11T07:01:52.797+0600][gc,metaspace] GC(1) Metaspace: 21324K(21504K)->21324K(21504K) NonClass: 18890K(19008K)->18890K(19008K) Class: 2433K(2496K)->2433K(2496K)
[2023-03-11T07:01:52.797+0600][gc          ] GC(1) Pause Young (Concurrent Start) (Metadata GC Threshold) 18M->8M(1024M) 7.924ms
[2023-03-11T07:01:52.797+0600][gc          ] GC(2) Concurrent Mark Cycle
[2023-03-11T07:01:52.797+0600][gc,cpu      ] GC(1) User=0.02s Sys=0.01s Real=0.01s
[2023-03-11T07:01:52.797+0600][gc,marking  ] GC(2) Concurrent Clear Claimed Marks
[2023-03-11T07:01:52.797+0600][gc,marking  ] GC(2) Concurrent Clear Claimed Marks 0.049ms
[2023-03-11T07:01:52.798+0600][gc,marking  ] GC(2) Concurrent Scan Root Regions
[2023-03-11T07:01:52.803+0600][gc,marking  ] GC(2) Concurrent Scan Root Regions 5.035ms
[2023-03-11T07:01:52.803+0600][gc,marking  ] GC(2) Concurrent Mark
[2023-03-11T07:01:52.803+0600][gc,marking  ] GC(2) Concurrent Mark From Roots
[2023-03-11T07:01:52.803+0600][gc,task     ] GC(2) Using 1 workers of 1 for marking
[2023-03-11T07:01:52.803+0600][gc,marking  ] GC(2) Concurrent Mark From Roots 0.818ms
[2023-03-11T07:01:52.803+0600][gc,marking  ] GC(2) Concurrent Preclean
[2023-03-11T07:01:52.803+0600][gc,marking  ] GC(2) Concurrent Preclean 0.018ms
[2023-03-11T07:01:52.804+0600][gc,start    ] GC(2) Pause Remark
[2023-03-11T07:01:52.805+0600][gc          ] GC(2) Pause Remark 9M->9M(1024M) 1.637ms
[2023-03-11T07:01:52.805+0600][gc,cpu      ] GC(2) User=0.00s Sys=0.00s Real=0.00s
[2023-03-11T07:01:52.805+0600][gc,marking  ] GC(2) Concurrent Mark 2.718ms
[2023-03-11T07:01:52.805+0600][gc,marking  ] GC(2) Concurrent Rebuild Remembered Sets
[2023-03-11T07:01:52.811+0600][gc,marking  ] GC(2) Concurrent Rebuild Remembered Sets 5.368ms
[2023-03-11T07:01:52.811+0600][gc,start    ] GC(2) Pause Cleanup
[2023-03-11T07:01:52.811+0600][gc          ] GC(2) Pause Cleanup 9M->9M(1024M) 0.101ms
[2023-03-11T07:01:52.811+0600][gc,cpu      ] GC(2) User=0.00s Sys=0.00s Real=0.00s
[2023-03-11T07:01:52.811+0600][gc,marking  ] GC(2) Concurrent Cleanup for Next Mark
[2023-03-11T07:01:52.819+0600][gc,marking  ] GC(2) Concurrent Cleanup for Next Mark 7.804ms
[2023-03-11T07:01:52.819+0600][gc          ] GC(2) Concurrent Mark Cycle 21.586ms
[2023-03-11T07:01:53.931+0600][gc,start    ] GC(3) Pause Young (Normal) (G1 Evacuation Pause)
[2023-03-11T07:01:53.931+0600][gc,task     ] GC(3) Using 4 workers of 4 for evacuation
[2023-03-11T07:01:53.936+0600][gc,phases   ] GC(3)   Pre Evacuate Collection Set: 0.1ms
[2023-03-11T07:01:53.936+0600][gc,phases   ] GC(3)   Merge Heap Roots: 0.1ms
[2023-03-11T07:01:53.936+0600][gc,phases   ] GC(3)   Evacuate Collection Set: 4.8ms
[2023-03-11T07:01:53.936+0600][gc,phases   ] GC(3)   Post Evacuate Collection Set: 0.4ms
[2023-03-11T07:01:53.936+0600][gc,phases   ] GC(3)   Other: 0.1ms
[2023-03-11T07:01:53.936+0600][gc,heap     ] GC(3) Eden regions: 50->0(45)
[2023-03-11T07:01:53.936+0600][gc,heap     ] GC(3) Survivor regions: 1->6(7)
[2023-03-11T07:01:53.936+0600][gc,heap     ] GC(3) Old regions: 8->8
[2023-03-11T07:01:53.936+0600][gc,heap     ] GC(3) Archive regions: 2->2
[2023-03-11T07:01:53.936+0600][gc,heap     ] GC(3) Humongous regions: 129->129
[2023-03-11T07:01:53.936+0600][gc,metaspace] GC(3) Metaspace: 31221K(31552K)->31221K(31552K) NonClass: 27813K(27968K)->27813K(27968K) Class: 3408K(3584K)->3408K(3584K)
[2023-03-11T07:01:53.936+0600][gc          ] GC(3) Pause Young (Normal) (G1 Evacuation Pause) 187M->142M(1024M) 5.672ms
[2023-03-11T07:01:53.936+0600][gc,cpu      ] GC(3) User=0.02s Sys=0.00s Real=0.00s
[2023-03-11T07:01:54.209+0600][gc,start    ] GC(4) Pause Young (Concurrent Start) (Metadata GC Threshold)
[2023-03-11T07:01:54.209+0600][gc,task     ] GC(4) Using 4 workers of 4 for evacuation
[2023-03-11T07:01:54.215+0600][gc,phases   ] GC(4)   Pre Evacuate Collection Set: 0.2ms
[2023-03-11T07:01:54.215+0600][gc,phases   ] GC(4)   Merge Heap Roots: 0.0ms
[2023-03-11T07:01:54.215+0600][gc,phases   ] GC(4)   Evacuate Collection Set: 5.6ms
[2023-03-11T07:01:54.215+0600][gc,phases   ] GC(4)   Post Evacuate Collection Set: 0.3ms
[2023-03-11T07:01:54.215+0600][gc,phases   ] GC(4)   Other: 0.2ms
[2023-03-11T07:01:54.215+0600][gc,heap     ] GC(4) Eden regions: 19->0(49)
[2023-03-11T07:01:54.215+0600][gc,heap     ] GC(4) Survivor regions: 6->2(7)
[2023-03-11T07:01:54.215+0600][gc,heap     ] GC(4) Old regions: 8->13
[2023-03-11T07:01:54.215+0600][gc,heap     ] GC(4) Archive regions: 2->2
[2023-03-11T07:01:54.215+0600][gc,heap     ] GC(4) Humongous regions: 129->129
[2023-03-11T07:01:54.215+0600][gc,metaspace] GC(4) Metaspace: 35905K(36160K)->35905K(36160K) NonClass: 32050K(32192K)->32050K(32192K) Class: 3855K(3968K)->3855K(3968K)
[2023-03-11T07:01:54.215+0600][gc          ] GC(4) Pause Young (Concurrent Start) (Metadata GC Threshold) 160M->144M(1024M) 6.677ms
[2023-03-11T07:01:54.215+0600][gc          ] GC(5) Concurrent Mark Cycle
[2023-03-11T07:01:54.215+0600][gc,cpu      ] GC(4) User=0.02s Sys=0.00s Real=0.01s
[2023-03-11T07:01:54.215+0600][gc,marking  ] GC(5) Concurrent Clear Claimed Marks
[2023-03-11T07:01:54.215+0600][gc,marking  ] GC(5) Concurrent Clear Claimed Marks 0.047ms
[2023-03-11T07:01:54.215+0600][gc,marking  ] GC(5) Concurrent Scan Root Regions
[2023-03-11T07:01:54.222+0600][gc,marking  ] GC(5) Concurrent Scan Root Regions 6.278ms
[2023-03-11T07:01:54.222+0600][gc,marking  ] GC(5) Concurrent Mark
[2023-03-11T07:01:54.222+0600][gc,marking  ] GC(5) Concurrent Mark From Roots
[2023-03-11T07:01:54.222+0600][gc,task     ] GC(5) Using 1 workers of 1 for marking
[2023-03-11T07:01:54.233+0600][gc,marking  ] GC(5) Concurrent Mark From Roots 11.230ms
[2023-03-11T07:01:54.233+0600][gc,marking  ] GC(5) Concurrent Preclean
[2023-03-11T07:01:54.233+0600][gc,marking  ] GC(5) Concurrent Preclean 0.060ms
[2023-03-11T07:01:54.233+0600][gc,start    ] GC(5) Pause Remark
[2023-03-11T07:01:54.235+0600][gc          ] GC(5) Pause Remark 146M->146M(1024M) 1.518ms
[2023-03-11T07:01:54.235+0600][gc,cpu      ] GC(5) User=0.01s Sys=0.00s Real=0.00s
[2023-03-11T07:01:54.235+0600][gc,marking  ] GC(5) Concurrent Mark 13.075ms
[2023-03-11T07:01:54.235+0600][gc,marking  ] GC(5) Concurrent Rebuild Remembered Sets
[2023-03-11T07:01:54.246+0600][gc,marking  ] GC(5) Concurrent Rebuild Remembered Sets 10.667ms
[2023-03-11T07:01:54.246+0600][gc,start    ] GC(5) Pause Cleanup
[2023-03-11T07:01:54.246+0600][gc          ] GC(5) Pause Cleanup 146M->146M(1024M) 0.088ms
[2023-03-11T07:01:54.246+0600][gc,cpu      ] GC(5) User=0.00s Sys=0.00s Real=0.00s
[2023-03-11T07:01:54.247+0600][gc,marking  ] GC(5) Concurrent Cleanup for Next Mark
[2023-03-11T07:01:54.255+0600][gc,marking  ] GC(5) Concurrent Cleanup for Next Mark 8.255ms
[2023-03-11T07:01:54.255+0600][gc          ] GC(5) Concurrent Mark Cycle 40.126ms
[2023-03-11T07:06:36.967+0600][gc,start    ] GC(6) Pause Young (Normal) (G1 Evacuation Pause)
[2023-03-11T07:06:36.967+0600][gc,task     ] GC(6) Using 4 workers of 4 for evacuation
[2023-03-11T07:06:36.975+0600][gc,phases   ] GC(6)   Pre Evacuate Collection Set: 0.1ms
[2023-03-11T07:06:36.976+0600][gc,phases   ] GC(6)   Merge Heap Roots: 0.1ms
[2023-03-11T07:06:36.976+0600][gc,phases   ] GC(6)   Evacuate Collection Set: 7.0ms
[2023-03-11T07:06:36.976+0600][gc,phases   ] GC(6)   Post Evacuate Collection Set: 0.6ms
[2023-03-11T07:06:36.976+0600][gc,phases   ] GC(6)   Other: 0.1ms
[2023-03-11T07:06:36.976+0600][gc,heap     ] GC(6) Eden regions: 49->0(46)
[2023-03-11T07:06:36.976+0600][gc,heap     ] GC(6) Survivor regions: 2->5(7)
[2023-03-11T07:06:36.976+0600][gc,heap     ] GC(6) Old regions: 13->13
[2023-03-11T07:06:36.976+0600][gc,heap     ] GC(6) Archive regions: 2->2
[2023-03-11T07:06:36.976+0600][gc,heap     ] GC(6) Humongous regions: 135->129
[2023-03-11T07:06:36.976+0600][gc,metaspace] GC(6) Metaspace: 42160K(42816K)->42160K(42816K) NonClass: 37359K(37696K)->37359K(37696K) Class: 4801K(5120K)->4801K(5120K)
[2023-03-11T07:06:36.976+0600][gc          ] GC(6) Pause Young (Normal) (G1 Evacuation Pause) 199M->146M(1024M) 8.570ms
[2023-03-11T07:06:36.976+0600][gc,cpu      ] GC(6) User=0.03s Sys=0.00s Real=0.01s
[2023-03-11T07:09:41.585+0600][gc,start    ] GC(7) Pause Young (Normal) (G1 Evacuation Pause)
[2023-03-11T07:09:41.585+0600][gc,task     ] GC(7) Using 4 workers of 4 for evacuation
[2023-03-11T07:09:41.594+0600][gc,phases   ] GC(7)   Pre Evacuate Collection Set: 0.1ms
[2023-03-11T07:09:41.594+0600][gc,phases   ] GC(7)   Merge Heap Roots: 0.1ms
[2023-03-11T07:09:41.594+0600][gc,phases   ] GC(7)   Evacuate Collection Set: 8.2ms
[2023-03-11T07:09:41.594+0600][gc,phases   ] GC(7)   Post Evacuate Collection Set: 0.5ms
[2023-03-11T07:09:41.594+0600][gc,phases   ] GC(7)   Other: 0.1ms
[2023-03-11T07:09:41.594+0600][gc,heap     ] GC(7) Eden regions: 46->0(45)
[2023-03-11T07:09:41.594+0600][gc,heap     ] GC(7) Survivor regions: 5->6(7)
[2023-03-11T07:09:41.594+0600][gc,heap     ] GC(7) Old regions: 13->14
[2023-03-11T07:09:41.594+0600][gc,heap     ] GC(7) Archive regions: 2->2
[2023-03-11T07:09:41.594+0600][gc,heap     ] GC(7) Humongous regions: 129->129
[2023-03-11T07:09:41.594+0600][gc,metaspace] GC(7) Metaspace: 42282K(42944K)->42282K(42944K) NonClass: 37466K(37824K)->37466K(37824K) Class: 4815K(5120K)->4815K(5120K)
[2023-03-11T07:09:41.594+0600][gc          ] GC(7) Pause Young (Normal) (G1 Evacuation Pause) 192M->148M(1024M) 9.218ms
[2023-03-11T07:09:41.594+0600][gc,cpu      ] GC(7) User=0.03s Sys=0.00s Real=0.01s
[2023-03-11T07:12:59.780+0600][gc,start    ] GC(8) Pause Young (Normal) (G1 Evacuation Pause)
[2023-03-11T07:12:59.780+0600][gc,task     ] GC(8) Using 4 workers of 4 for evacuation
[2023-03-11T07:12:59.786+0600][gc,phases   ] GC(8)   Pre Evacuate Collection Set: 0.1ms
[2023-03-11T07:12:59.786+0600][gc,phases   ] GC(8)   Merge Heap Roots: 0.1ms
[2023-03-11T07:12:59.786+0600][gc,phases   ] GC(8)   Evacuate Collection Set: 5.0ms
[2023-03-11T07:12:59.786+0600][gc,phases   ] GC(8)   Post Evacuate Collection Set: 0.4ms
[2023-03-11T07:12:59.786+0600][gc,phases   ] GC(8)   Other: 0.1ms
[2023-03-11T07:12:59.786+0600][gc,heap     ] GC(8) Eden regions: 45->0(49)
[2023-03-11T07:12:59.786+0600][gc,heap     ] GC(8) Survivor regions: 6->2(7)
[2023-03-11T07:12:59.786+0600][gc,heap     ] GC(8) Old regions: 14->17
[2023-03-11T07:12:59.786+0600][gc,heap     ] GC(8) Archive regions: 2->2
[2023-03-11T07:12:59.786+0600][gc,heap     ] GC(8) Humongous regions: 129->129
[2023-03-11T07:12:59.786+0600][gc,metaspace] GC(8) Metaspace: 42393K(43008K)->42393K(43008K) NonClass: 37562K(37888K)->37562K(37888K) Class: 4830K(5120K)->4830K(5120K)
[2023-03-11T07:12:59.786+0600][gc          ] GC(8) Pause Young (Normal) (G1 Evacuation Pause) 193M->148M(1024M) 6.014ms
[2023-03-11T07:12:59.786+0600][gc,cpu      ] GC(8) User=0.02s Sys=0.00s Real=0.00s
[2023-03-11T07:16:43.573+0600][gc,start    ] GC(9) Pause Young (Normal) (G1 Evacuation Pause)
[2023-03-11T07:16:43.573+0600][gc,task     ] GC(9) Using 4 workers of 4 for evacuation
[2023-03-11T07:16:43.584+0600][gc,phases   ] GC(9)   Pre Evacuate Collection Set: 0.1ms
[2023-03-11T07:16:43.584+0600][gc,phases   ] GC(9)   Merge Heap Roots: 0.1ms
[2023-03-11T07:16:43.584+0600][gc,phases   ] GC(9)   Evacuate Collection Set: 10.2ms
[2023-03-11T07:16:43.584+0600][gc,phases   ] GC(9)   Post Evacuate Collection Set: 0.3ms
[2023-03-11T07:16:43.584+0600][gc,phases   ] GC(9)   Other: 0.1ms
[2023-03-11T07:16:43.584+0600][gc,heap     ] GC(9) Eden regions: 49->0(44)
[2023-03-11T07:16:43.584+0600][gc,heap     ] GC(9) Survivor regions: 2->7(7)
[2023-03-11T07:16:43.584+0600][gc,heap     ] GC(9) Old regions: 17->17
[2023-03-11T07:16:43.584+0600][gc,heap     ] GC(9) Archive regions: 2->2
[2023-03-11T07:16:43.584+0600][gc,heap     ] GC(9) Humongous regions: 129->129
[2023-03-11T07:16:43.584+0600][gc,metaspace] GC(9) Metaspace: 42456K(43136K)->42456K(43136K) NonClass: 37625K(38016K)->37625K(38016K) Class: 4830K(5120K)->4830K(5120K)
[2023-03-11T07:16:43.584+0600][gc          ] GC(9) Pause Young (Normal) (G1 Evacuation Pause) 197M->153M(1024M) 11.086ms
[2023-03-11T07:16:43.584+0600][gc,cpu      ] GC(9) User=0.04s Sys=0.00s Real=0.01s
[2023-03-11T07:20:03.718+0600][gc,start    ] GC(10) Pause Young (Normal) (G1 Evacuation Pause)
[2023-03-11T07:20:03.718+0600][gc,task     ] GC(10) Using 4 workers of 4 for evacuation
[2023-03-11T07:20:03.727+0600][gc,phases   ] GC(10)   Pre Evacuate Collection Set: 0.1ms
[2023-03-11T07:20:03.727+0600][gc,phases   ] GC(10)   Merge Heap Roots: 0.1ms
[2023-03-11T07:20:03.728+0600][gc,phases   ] GC(10)   Evacuate Collection Set: 9.1ms
[2023-03-11T07:20:03.728+0600][gc,phases   ] GC(10)   Post Evacuate Collection Set: 0.3ms
[2023-03-11T07:20:03.728+0600][gc,phases   ] GC(10)   Other: 0.1ms
[2023-03-11T07:20:03.728+0600][gc,heap     ] GC(10) Eden regions: 44->0(45)
[2023-03-11T07:20:03.728+0600][gc,heap     ] GC(10) Survivor regions: 7->6(7)
[2023-03-11T07:20:03.728+0600][gc,heap     ] GC(10) Old regions: 17->19
[2023-03-11T07:20:03.728+0600][gc,heap     ] GC(10) Archive regions: 2->2
[2023-03-11T07:20:03.728+0600][gc,heap     ] GC(10) Humongous regions: 129->129
[2023-03-11T07:20:03.728+0600][gc,metaspace] GC(10) Metaspace: 42479K(43136K)->42479K(43136K) NonClass: 37648K(38016K)->37648K(38016K) Class: 4830K(5120K)->4830K(5120K)
[2023-03-11T07:20:03.728+0600][gc          ] GC(10) Pause Young (Normal) (G1 Evacuation Pause) 197M->154M(1024M) 9.903ms
[2023-03-11T07:20:03.728+0600][gc,cpu      ] GC(10) User=0.02s Sys=0.00s Real=0.01s
[2023-03-11T07:23:31.626+0600][gc,start    ] GC(11) Pause Young (Normal) (G1 Evacuation Pause)
[2023-03-11T07:23:31.627+0600][gc,task     ] GC(11) Using 4 workers of 4 for evacuation
[2023-03-11T07:23:31.634+0600][gc,phases   ] GC(11)   Pre Evacuate Collection Set: 0.1ms
[2023-03-11T07:23:31.634+0600][gc,phases   ] GC(11)   Merge Heap Roots: 0.0ms
[2023-03-11T07:23:31.634+0600][gc,phases   ] GC(11)   Evacuate Collection Set: 5.3ms
[2023-03-11T07:23:31.634+0600][gc,phases   ] GC(11)   Post Evacuate Collection Set: 1.6ms
[2023-03-11T07:23:31.634+0600][gc,phases   ] GC(11)   Other: 0.1ms
[2023-03-11T07:23:31.634+0600][gc,heap     ] GC(11) Eden regions: 45->0(46)
[2023-03-11T07:23:31.635+0600][gc,heap     ] GC(11) Survivor regions: 6->5(7)
[2023-03-11T07:23:31.635+0600][gc,heap     ] GC(11) Old regions: 19->21
[2023-03-11T07:23:31.635+0600][gc,heap     ] GC(11) Archive regions: 2->2
[2023-03-11T07:23:31.635+0600][gc,heap     ] GC(11) Humongous regions: 129->129
[2023-03-11T07:23:31.635+0600][gc,metaspace] GC(11) Metaspace: 42515K(43136K)->42515K(43136K) NonClass: 37684K(38016K)->37684K(38016K) Class: 4830K(5120K)->4830K(5120K)
[2023-03-11T07:23:31.635+0600][gc          ] GC(11) Pause Young (Normal) (G1 Evacuation Pause) 199M->154M(1024M) 8.184ms
[2023-03-11T07:23:31.635+0600][gc,cpu      ] GC(11) User=0.02s Sys=0.00s Real=0.01s
[2023-03-11T07:27:46.878+0600][gc,start    ] GC(12) Pause Young (Normal) (G1 Evacuation Pause)
[2023-03-11T07:27:46.879+0600][gc,task     ] GC(12) Using 4 workers of 4 for evacuation
[2023-03-11T07:27:46.891+0600][gc,phases   ] GC(12)   Pre Evacuate Collection Set: 0.1ms
[2023-03-11T07:27:46.891+0600][gc,phases   ] GC(12)   Merge Heap Roots: 0.1ms
[2023-03-11T07:27:46.891+0600][gc,phases   ] GC(12)   Evacuate Collection Set: 11.7ms
[2023-03-11T07:27:46.891+0600][gc,phases   ] GC(12)   Post Evacuate Collection Set: 0.2ms
[2023-03-11T07:27:46.891+0600][gc,phases   ] GC(12)   Other: 0.3ms
[2023-03-11T07:27:46.891+0600][gc,heap     ] GC(12) Eden regions: 46->0(45)
[2023-03-11T07:27:46.891+0600][gc,heap     ] GC(12) Survivor regions: 5->6(7)
[2023-03-11T07:27:46.891+0600][gc,heap     ] GC(12) Old regions: 21->25
[2023-03-11T07:27:46.891+0600][gc,heap     ] GC(12) Archive regions: 2->2
[2023-03-11T07:27:46.891+0600][gc,heap     ] GC(12) Humongous regions: 129->129
[2023-03-11T07:27:46.891+0600][gc,metaspace] GC(12) Metaspace: 42526K(43200K)->42526K(43200K) NonClass: 37695K(38080K)->37695K(38080K) Class: 4830K(5120K)->4830K(5120K)
[2023-03-11T07:27:46.891+0600][gc          ] GC(12) Pause Young (Normal) (G1 Evacuation Pause) 200M->160M(1024M) 13.237ms
[2023-03-11T07:27:46.891+0600][gc,cpu      ] GC(12) User=0.04s Sys=0.00s Real=0.02s
[2023-03-11T07:31:56.327+0600][gc,start    ] GC(13) Pause Young (Normal) (G1 Evacuation Pause)
[2023-03-11T07:31:56.328+0600][gc,task     ] GC(13) Using 4 workers of 4 for evacuation
[2023-03-11T07:31:56.339+0600][gc,phases   ] GC(13)   Pre Evacuate Collection Set: 0.1ms
[2023-03-11T07:31:56.339+0600][gc,phases   ] GC(13)   Merge Heap Roots: 0.1ms
[2023-03-11T07:31:56.339+0600][gc,phases   ] GC(13)   Evacuate Collection Set: 9.6ms
[2023-03-11T07:31:56.339+0600][gc,phases   ] GC(13)   Post Evacuate Collection Set: 0.3ms
[2023-03-11T07:31:56.339+0600][gc,phases   ] GC(13)   Other: 0.2ms
[2023-03-11T07:31:56.339+0600][gc,heap     ] GC(13) Eden regions: 45->0(45)
[2023-03-11T07:31:56.339+0600][gc,heap     ] GC(13) Survivor regions: 6->6(7)
[2023-03-11T07:31:56.339+0600][gc,heap     ] GC(13) Old regions: 25->26
[2023-03-11T07:31:56.339+0600][gc,heap     ] GC(13) Archive regions: 2->2
[2023-03-11T07:31:56.339+0600][gc,heap     ] GC(13) Humongous regions: 129->129
[2023-03-11T07:31:56.339+0600][gc,metaspace] GC(13) Metaspace: 42549K(43200K)->42549K(43200K) NonClass: 37714K(38080K)->37714K(38080K) Class: 4834K(5120K)->4834K(5120K)
[2023-03-11T07:31:56.339+0600][gc          ] GC(13) Pause Young (Normal) (G1 Evacuation Pause) 205M->161M(1024M) 12.243ms
[2023-03-11T07:31:56.339+0600][gc,cpu      ] GC(13) User=0.03s Sys=0.00s Real=0.01s
[2023-03-11T07:36:06.019+0600][gc,start    ] GC(14) Pause Young (Normal) (G1 Evacuation Pause)
[2023-03-11T07:36:06.021+0600][gc,task     ] GC(14) Using 4 workers of 4 for evacuation
[2023-03-11T07:36:06.035+0600][gc,phases   ] GC(14)   Pre Evacuate Collection Set: 0.2ms
[2023-03-11T07:36:06.035+0600][gc,phases   ] GC(14)   Merge Heap Roots: 0.2ms
[2023-03-11T07:36:06.035+0600][gc,phases   ] GC(14)   Evacuate Collection Set: 13.0ms
[2023-03-11T07:36:06.035+0600][gc,phases   ] GC(14)   Post Evacuate Collection Set: 0.3ms
[2023-03-11T07:36:06.035+0600][gc,phases   ] GC(14)   Other: 0.2ms
[2023-03-11T07:36:06.035+0600][gc,heap     ] GC(14) Eden regions: 45->0(45)
[2023-03-11T07:36:06.035+0600][gc,heap     ] GC(14) Survivor regions: 6->6(7)
[2023-03-11T07:36:06.035+0600][gc,heap     ] GC(14) Old regions: 26->32
[2023-03-11T07:36:06.035+0600][gc,heap     ] GC(14) Archive regions: 2->2
[2023-03-11T07:36:06.035+0600][gc,heap     ] GC(14) Humongous regions: 129->129
[2023-03-11T07:36:06.035+0600][gc,metaspace] GC(14) Metaspace: 42567K(43200K)->42567K(43200K) NonClass: 37733K(38080K)->37733K(38080K) Class: 4834K(5120K)->4834K(5120K)
[2023-03-11T07:36:06.035+0600][gc          ] GC(14) Pause Young (Normal) (G1 Evacuation Pause) 206M->167M(1024M) 15.847ms
[2023-03-11T07:36:06.035+0600][gc,cpu      ] GC(14) User=0.05s Sys=0.00s Real=0.02s
[2023-03-11T07:39:32.026+0600][gc,start    ] GC(15) Pause Young (Normal) (G1 Evacuation Pause)
[2023-03-11T07:39:32.027+0600][gc,task     ] GC(15) Using 4 workers of 4 for evacuation
[2023-03-11T07:39:32.035+0600][gc,phases   ] GC(15)   Pre Evacuate Collection Set: 0.2ms
[2023-03-11T07:39:32.035+0600][gc,phases   ] GC(15)   Merge Heap Roots: 0.1ms
[2023-03-11T07:39:32.035+0600][gc,phases   ] GC(15)   Evacuate Collection Set: 7.7ms
[2023-03-11T07:39:32.035+0600][gc,phases   ] GC(15)   Post Evacuate Collection Set: 0.3ms
[2023-03-11T07:39:32.035+0600][gc,phases   ] GC(15)   Other: 0.1ms
[2023-03-11T07:39:32.035+0600][gc,heap     ] GC(15) Eden regions: 45->0(53)
[2023-03-11T07:39:32.035+0600][gc,heap     ] GC(15) Survivor regions: 6->6(7)
[2023-03-11T07:39:32.035+0600][gc,heap     ] GC(15) Old regions: 32->34
[2023-03-11T07:39:32.035+0600][gc,heap     ] GC(15) Archive regions: 2->2
[2023-03-11T07:39:32.035+0600][gc,heap     ] GC(15) Humongous regions: 129->129
[2023-03-11T07:39:32.035+0600][gc,metaspace] GC(15) Metaspace: 42649K(43328K)->42649K(43328K) NonClass: 37811K(38144K)->37811K(38144K) Class: 4838K(5184K)->4838K(5184K)
[2023-03-11T07:39:32.035+0600][gc          ] GC(15) Pause Young (Normal) (G1 Evacuation Pause) 212M->169M(1024M) 9.115ms
[2023-03-11T07:39:32.036+0600][gc,cpu      ] GC(15) User=0.02s Sys=0.00s Real=0.01s
[2023-03-11T07:39:41.229+0600][gc,start    ] GC(16) Pause Young (Normal) (G1 Evacuation Pause)
[2023-03-11T07:39:41.229+0600][gc,task     ] GC(16) Using 4 workers of 4 for evacuation
[2023-03-11T07:39:41.246+0600][gc,phases   ] GC(16)   Pre Evacuate Collection Set: 0.1ms
[2023-03-11T07:39:41.246+0600][gc,phases   ] GC(16)   Merge Heap Roots: 0.1ms
[2023-03-11T07:39:41.246+0600][gc,phases   ] GC(16)   Evacuate Collection Set: 10.2ms
[2023-03-11T07:39:41.246+0600][gc,phases   ] GC(16)   Post Evacuate Collection Set: 6.1ms
[2023-03-11T07:39:41.246+0600][gc,phases   ] GC(16)   Other: 0.1ms
[2023-03-11T07:39:41.246+0600][gc,heap     ] GC(16) Eden regions: 53->0(77)
[2023-03-11T07:39:41.246+0600][gc,heap     ] GC(16) Survivor regions: 6->4(8)
[2023-03-11T07:39:41.246+0600][gc,heap     ] GC(16) Old regions: 34->35
[2023-03-11T07:39:41.246+0600][gc,heap     ] GC(16) Archive regions: 2->2
[2023-03-11T07:39:41.246+0600][gc,heap     ] GC(16) Humongous regions: 129->129
[2023-03-11T07:39:41.246+0600][gc,metaspace] GC(16) Metaspace: 43113K(43840K)->43113K(43840K) NonClass: 38274K(38656K)->38274K(38656K) Class: 4838K(5184K)->4838K(5184K)
[2023-03-11T07:39:41.246+0600][gc          ] GC(16) Pause Young (Normal) (G1 Evacuation Pause) 222M->168M(1024M) 16.896ms
[2023-03-11T07:39:41.246+0600][gc,cpu      ] GC(16) User=0.01s Sys=0.00s Real=0.02s
[2023-03-11T07:39:54.009+0600][gc,start    ] GC(17) Pause Young (Normal) (G1 Evacuation Pause)
[2023-03-11T07:39:54.009+0600][gc,task     ] GC(17) Using 4 workers of 4 for evacuation
[2023-03-11T07:39:54.020+0600][gc,phases   ] GC(17)   Pre Evacuate Collection Set: 0.2ms
[2023-03-11T07:39:54.020+0600][gc,phases   ] GC(17)   Merge Heap Roots: 0.1ms
[2023-03-11T07:39:54.020+0600][gc,phases   ] GC(17)   Evacuate Collection Set: 9.4ms
[2023-03-11T07:39:54.020+0600][gc,phases   ] GC(17)   Post Evacuate Collection Set: 0.8ms
[2023-03-11T07:39:54.020+0600][gc,phases   ] GC(17)   Other: 0.1ms
[2023-03-11T07:39:54.020+0600][gc,heap     ] GC(17) Eden regions: 77->0(69)
[2023-03-11T07:39:54.020+0600][gc,heap     ] GC(17) Survivor regions: 4->6(11)
[2023-03-11T07:39:54.020+0600][gc,heap     ] GC(17) Old regions: 35->35
[2023-03-11T07:39:54.020+0600][gc,heap     ] GC(17) Archive regions: 2->2
[2023-03-11T07:39:54.020+0600][gc,heap     ] GC(17) Humongous regions: 129->129
[2023-03-11T07:39:54.020+0600][gc,metaspace] GC(17) Metaspace: 43292K(43968K)->43292K(43968K) NonClass: 38453K(38784K)->38453K(38784K) Class: 4838K(5184K)->4838K(5184K)
[2023-03-11T07:39:54.020+0600][gc          ] GC(17) Pause Young (Normal) (G1 Evacuation Pause) 245M->169M(1024M) 11.317ms
[2023-03-11T07:39:54.020+0600][gc,cpu      ] GC(17) User=0.02s Sys=0.00s Real=0.02s
[2023-03-11T07:41:27.612+0600][gc,heap,exit] Heap
[2023-03-11T07:41:27.612+0600][gc,heap,exit]  garbage-first heap   total 1048576K, used 204937K [0x00000007c0000000, 0x0000000800000000)
[2023-03-11T07:41:27.613+0600][gc,heap,exit]   region size 1024K, 37 young (37888K), 6 survivors (6144K)
[2023-03-11T07:41:27.613+0600][gc,heap,exit]  Metaspace       used 43961K, committed 44608K, reserved 1114112K
[2023-03-11T07:41:27.613+0600][gc,heap,exit]   class space    used 4991K, committed 5312K, reserved 1048576K
