[2023-03-10T02:03:01.567+0600][gc,init] CardTable entry size: 512
[2023-03-10T02:03:01.567+0600][gc     ] Using G1
[2023-03-10T02:03:01.570+0600][gc,init] Version: 19.0.2+7-44 (release)
[2023-03-10T02:03:01.570+0600][gc,init] CPUs: 4 total, 4 available
[2023-03-10T02:03:01.570+0600][gc,init] Memory: 16384M
[2023-03-10T02:03:01.570+0600][gc,init] Large Page Support: Disabled
[2023-03-10T02:03:01.570+0600][gc,init] NUMA Support: Disabled
[2023-03-10T02:03:01.570+0600][gc,init] Compressed Oops: Enabled (Zero based)
[2023-03-10T02:03:01.570+0600][gc,init] Heap Region Size: 1M
[2023-03-10T02:03:01.570+0600][gc,init] Heap Min Capacity: 512M
[2023-03-10T02:03:01.570+0600][gc,init] Heap Initial Capacity: 512M
[2023-03-10T02:03:01.570+0600][gc,init] Heap Max Capacity: 512M
[2023-03-10T02:03:01.570+0600][gc,init] Pre-touch: Disabled
[2023-03-10T02:03:01.570+0600][gc,init] Parallel Workers: 4
[2023-03-10T02:03:01.570+0600][gc,init] Concurrent Workers: 1
[2023-03-10T02:03:01.570+0600][gc,init] Concurrent Refinement Workers: 4
[2023-03-10T02:03:01.570+0600][gc,init] Periodic GC: Disabled
[2023-03-10T02:03:01.570+0600][gc,metaspace] CDS archive(s) mapped at: [0x0000000800000000-0x0000000800c44000-0x0000000800c44000), size 12861440, SharedBaseAddress: 0x0000000800000000, ArchiveRelocationMode: 0.
[2023-03-10T02:03:01.570+0600][gc,metaspace] Compressed class space mapped at: 0x0000000801000000-0x0000000841000000, reserved size: 1073741824
[2023-03-10T02:03:01.570+0600][gc,metaspace] Narrow klass base: 0x0000000800000000, Narrow klass shift: 0, Narrow klass range: 0x100000000
[2023-03-10T02:03:24.207+0600][gc,start    ] GC(0) Pause Young (Normal) (G1 Evacuation Pause)
[2023-03-10T02:03:24.207+0600][gc,task     ] GC(0) Using 4 workers of 4 for evacuation
[2023-03-10T02:03:24.213+0600][gc,phases   ] GC(0)   Pre Evacuate Collection Set: 0.1ms
[2023-03-10T02:03:24.213+0600][gc,phases   ] GC(0)   Merge Heap Roots: 0.1ms
[2023-03-10T02:03:24.213+0600][gc,phases   ] GC(0)   Evacuate Collection Set: 4.5ms
[2023-03-10T02:03:24.213+0600][gc,phases   ] GC(0)   Post Evacuate Collection Set: 0.5ms
[2023-03-10T02:03:24.213+0600][gc,phases   ] GC(0)   Other: 0.3ms
[2023-03-10T02:03:24.213+0600][gc,heap     ] GC(0) Eden regions: 25->0(21)
[2023-03-10T02:03:24.213+0600][gc,heap     ] GC(0) Survivor regions: 0->4(4)
[2023-03-10T02:03:24.213+0600][gc,heap     ] GC(0) Old regions: 0->4
[2023-03-10T02:03:24.213+0600][gc,heap     ] GC(0) Archive regions: 2->2
[2023-03-10T02:03:24.213+0600][gc,heap     ] GC(0) Humongous regions: 0->0
[2023-03-10T02:03:24.213+0600][gc,metaspace] GC(0) Metaspace: 8294K(8576K)->8294K(8576K) NonClass: 7412K(7552K)->7412K(7552K) Class: 881K(1024K)->881K(1024K)
[2023-03-10T02:03:24.213+0600][gc          ] GC(0) Pause Young (Normal) (G1 Evacuation Pause) 25M->8M(512M) 6.207ms
[2023-03-10T02:03:24.213+0600][gc,cpu      ] GC(0) User=0.02s Sys=0.00s Real=0.01s
[2023-03-10T13:26:04.203+0600][gc,heap,exit] Heap
[2023-03-10T13:26:04.204+0600][gc,heap,exit]  garbage-first heap   total 524288K, used 21250K [0x00000007e0000000, 0x0000000800000000)
[2023-03-10T13:26:04.204+0600][gc,heap,exit]   region size 1024K, 17 young (17408K), 4 survivors (4096K)
[2023-03-10T13:26:04.204+0600][gc,heap,exit]  Metaspace       used 9463K, committed 9728K, reserved 1114112K
[2023-03-10T13:26:04.204+0600][gc,heap,exit]   class space    used 948K, committed 1088K, reserved 1048576K
